
10/06 19:18:34 [[1;32mNOTICE[0m] Downloading 12 item(s)

10/06 19:18:35 [[1;32mNOTICE[0m] Download complete: /media/data/Workspace/retro/games/bin/windows/pharaoh.jsdos
[DL:64MiB][#6d608f 1.4MiB/74MiB(1%)][#fc2991 10MiB/662MiB(1%)][#fa10d8 5.4MiB/15MiB(34%)][#cdace9 5.6MiB/132MiB(4%)][#7f0622 8.7MiB/15MiB(56%)](+1)

10/06 19:18:36 [[1;32mNOTICE[0m] Download complete: /media/data/Workspace/retro/games/bin/dos/wc2_bdp_cd.jsdos
[DL:76MiB][#6d608f 14MiB/74MiB(18%)][#fc2991 38MiB/662MiB(5%)][#fa10d8 14MiB/15MiB(90%)][#cdace9 26MiB/132MiB(20%)][#1640f7 5.4MiB/156MiB(3%)](+1)
[DL:82MiB][#6d608f 42MiB/74MiB(57%)][#fc2991 60MiB/662MiB(9%)][#fa10d8 15MiB/15MiB(99%)][#cdace9 46MiB/132MiB(35%)][#1640f7 22MiB/156MiB(14%)](+1)

10/06 19:18:37 [[1;32mNOTICE[0m] Download complete: /media/data/Workspace/retro/games/bin/dos/wc2_cd.jsdos

10/06 19:18:38 [[1;32mNOTICE[0m] Download complete: /media/data/Workspace/retro/games/bin/dos/cnc_cd.jsdos
[DL:86MiB][#6d608f 64MiB/74MiB(86%)][#fc2991 85MiB/662MiB(12%)][#cdace9 67MiB/132MiB(50%)][#1640f7 47MiB/156MiB(30%)][#053b5b 704KiB/284MiB(0%)](+1)
[DL:79MiB][#6d608f 72MiB/74MiB(97%)][#fc2991 101MiB/662MiB(15%)][#cdace9 79MiB/132MiB(60%)][#1640f7 59MiB/156MiB(37%)][#053b5b 4.0MiB/284MiB(1%)](+1)
[DL:75MiB][#6d608f 74MiB/74MiB(99%)][#fc2991 115MiB/662MiB(17%)][#cdace9 91MiB/132MiB(69%)][#1640f7 71MiB/156MiB(45%)][#053b5b 18MiB/284MiB(6%)](+1)

10/06 19:18:40 [[1;32mNOTICE[0m] Download complete: /media/data/Workspace/retro/games/bin/windows/images/game/PHARAOH.DCD
[DL:73MiB][#fc2991 130MiB/662MiB(19%)][#cdace9 105MiB/132MiB(79%)][#1640f7 84MiB/156MiB(53%)][#053b5b 37MiB/284MiB(13%)][#5d04dc 9.0MiB/270MiB(3%)](+1)
[DL:73MiB][#fc2991 142MiB/662MiB(21%)][#cdace9 116MiB/132MiB(87%)][#1640f7 95MiB/156MiB(60%)][#053b5b 53MiB/284MiB(18%)][#5d04dc 18MiB/270MiB(6%)](+1)
[DL:64MiB][#fc2991 142MiB/662MiB(21%)][#cdace9 116MiB/132MiB(88%)][#1640f7 95MiB/156MiB(60%)][#053b5b 53MiB/284MiB(18%)][#5d04dc 18MiB/270MiB(6%)](+1)
[DL:58MiB][#fc2991 142MiB/662MiB(21%)][#cdace9 116MiB/132MiB(88%)][#1640f7 95MiB/156MiB(60%)][#053b5b 53MiB/284MiB(18%)][#5d04dc 18MiB/270MiB(6%)](+1)
[DL:50MiB][#fc2991 142MiB/662MiB(21%)][#cdace9 116MiB/132MiB(88%)][#1640f7 95MiB/156MiB(60%)][#053b5b 53MiB/284MiB(18%)][#5d04dc 18MiB/270MiB(6%)](+1)
[DL:41MiB][#fc2991 142MiB/662MiB(21%)][#cdace9 116MiB/132MiB(88%)][#1640f7 95MiB/156MiB(60%)][#053b5b 53MiB/284MiB(18%)][#5d04dc 18MiB/270MiB(6%)](+1)
[DL:31MiB][#fc2991 142MiB/662MiB(21%)][#cdace9 116MiB/132MiB(88%)][#1640f7 95MiB/156MiB(60%)][#053b5b 53MiB/284MiB(18%)][#5d04dc 18MiB/270MiB(6%)](+1)
[DL:23MiB][#fc2991 142MiB/662MiB(21%)][#cdace9 116MiB/132MiB(88%)][#1640f7 95MiB/156MiB(60%)][#053b5b 53MiB/284MiB(18%)][#5d04dc 18MiB/270MiB(6%)](+1)
[DL:17MiB][#fc2991 142MiB/662MiB(21%)][#cdace9 116MiB/132MiB(88%)][#1640f7 95MiB/156MiB(60%)][#053b5b 53MiB/284MiB(18%)][#5d04dc 18MiB/270MiB(6%)](+1)
[DL:11MiB][#fc2991 142MiB/662MiB(21%)][#cdace9 116MiB/132MiB(88%)][#1640f7 95MiB/156MiB(60%)][#053b5b 54MiB/284MiB(18%)][#5d04dc 18MiB/270MiB(6%)](+1)
[DL:9.7MiB][#fc2991 142MiB/662MiB(21%)][#cdace9 116MiB/132MiB(88%)][#1640f7 95MiB/156MiB(60%)][#053b5b 65MiB/284MiB(22%)][#5d04dc 44MiB/270MiB(16%)](+1)
[DL:51MiB][#fc2991 142MiB/662MiB(21%)][#cdace9 116MiB/132MiB(88%)][#1640f7 95MiB/156MiB(60%)][#053b5b 80MiB/284MiB(28%)][#5d04dc 82MiB/270MiB(30%)](+1)
[DL:58MiB][#fc2991 144MiB/662MiB(21%)][#cdace9 118MiB/132MiB(89%)][#1640f7 96MiB/156MiB(61%)][#053b5b 97MiB/284MiB(34%)][#5d04dc 134MiB/270MiB(49%)](+1)
[DL:63MiB][#fc2991 152MiB/662MiB(23%)][#cdace9 123MiB/132MiB(93%)][#1640f7 111MiB/156MiB(71%)][#053b5b 113MiB/284MiB(39%)][#5d04dc 168MiB/270MiB(62%)](+1)
 *** Download Progress Summary as of Tue Oct  6 19:18:55 2026 *** 
===============================================================================
[#fc2991 165MiB/662MiB(25%) CN:8 DL:8.9MiB ETA:55s]
FILE: /media/data/Workspace/retro/games/bin/windows/images/disc/PHARAOH.DCD
-------------------------------------------------------------------------------
[#cdace9 126MiB/132MiB(95%) CN:4 DL:3.6MiB ETA:1s]
FILE: /media/data/Workspace/retro/games/bin/dos/images/WC2.DCD
-------------------------------------------------------------------------------
[#1640f7 127MiB/156MiB(81%) CN:8 DL:13MiB ETA:2s]
FILE: /media/data/Workspace/retro/games/bin/dos/images/WC2BDP.DCD
-------------------------------------------------------------------------------
[#053b5b 132MiB/284MiB(46%) CN:8 DL:15MiB ETA:9s]
FILE: /media/data/Workspace/retro/games/bin/dos/images/CNC_GDI.DCD
-------------------------------------------------------------------------------
[#5d04dc 199MiB/270MiB(73%) CN:8 DL:36MiB ETA:1s]
FILE: /media/data/Workspace/retro/games/bin/dos/images/CNC_NOD.DCD
-------------------------------------------------------------------------------
[#35ff72 47MiB/48MiB(96%) CN:2 DL:6.4MiB]
FILE: /media/data/Workspace/retro/games/bin/dos/th_cd.jsdos
-------------------------------------------------------------------------------

[DL:67MiB][#fc2991 165MiB/662MiB(25%)][#cdace9 126MiB/132MiB(95%)][#1640f7 127MiB/156MiB(81%)][#053b5b 132MiB/284MiB(46%)][#5d04dc 199MiB/270MiB(73%)](+1)
[DL:70MiB][#fc2991 180MiB/662MiB(27%)][#cdace9 128MiB/132MiB(96%)][#1640f7 143MiB/156MiB(91%)][#053b5b 150MiB/284MiB(52%)][#5d04dc 234MiB/270MiB(86%)](+1)

10/06 19:18:56 [[1;32mNOTICE[0m] Download complete: /media/data/Workspace/retro/games/bin/dos/th_cd.jsdos

10/06 19:18:57 [[1;32mNOTICE[0m] Download complete: /media/data/Workspace/retro/games/bin/dos/images/WC2BDP.DCD
[DL:72MiB][#fc2991 196MiB/662MiB(29%)][#cdace9 128MiB/132MiB(96%)][#053b5b 175MiB/284MiB(61%)][#5d04dc 262MiB/270MiB(97%)][#56ad8b 1.5MiB/146MiB(1%)]
[DL:75MiB][#fc2991 222MiB/662MiB(33%)][#cdace9 128MiB/132MiB(96%)][#053b5b 200MiB/284MiB(70%)][#5d04dc 267MiB/270MiB(99%)][#56ad8b 40MiB/146MiB(27%)]

10/06 19:18:59 [[1;32mNOTICE[0m] Download complete: /media/data/Workspace/retro/games/bin/dos/images/CNC_NOD.DCD
[DL:77MiB][#fc2991 251MiB/662MiB(37%)][#cdace9 128MiB/132MiB(96%)][#053b5b 228MiB/284MiB(80%)][#56ad8b 79MiB/146MiB(54%)]
[DL:83MiB][#fc2991 278MiB/662MiB(42%)][#cdace9 128MiB/132MiB(96%)][#053b5b 256MiB/284MiB(90%)][#56ad8b 111MiB/146MiB(76%)]
[DL:84MiB][#fc2991 304MiB/662MiB(45%)][#cdace9 128MiB/132MiB(96%)][#053b5b 281MiB/284MiB(99%)][#56ad8b 137MiB/146MiB(93%)]

10/06 19:19:01 [[1;32mNOTICE[0m] Download complete: /media/data/Workspace/retro/games/bin/dos/images/CNC_GDI.DCD

10/06 19:19:02 [[1;32mNOTICE[0m] Download complete: /media/data/Workspace/retro/games/bin/dos/images/HOSPITAL.DCD
[DL:85MiB][#fc2991 364MiB/662MiB(54%)][#cdace9 128MiB/132MiB(96%)]
[DL:85MiB][#fc2991 443MiB/662MiB(66%)][#cdace9 128MiB/132MiB(96%)]
[DL:85MiB][#fc2991 525MiB/662MiB(79%)][#cdace9 130MiB/132MiB(98%)]

10/06 19:19:05 [[1;32mNOTICE[0m] Download complete: /media/data/Workspace/retro/games/bin/dos/images/WC2.DCD
[#fc2991 607MiB/662MiB(91%) CN:8 DL:45MiB ETA:1s]
[#fc2991 622MiB/662MiB(94%) CN:8 DL:45MiB]
[#fc2991 636MiB/662MiB(96%) CN:8 DL:45MiB]

10/06 19:19:08 [[1;32mNOTICE[0m] Download complete: /media/data/Workspace/retro/games/bin/windows/images/disc/PHARAOH.DCD

Download Results:
gid   |stat|avg speed  |path/URI
======+====+===========+=======================================================
6c6e4e|OK  |    11MiB/s|/media/data/Workspace/retro/games/bin/windows/pharaoh.jsdos
7f0622|OK  |    10MiB/s|/media/data/Workspace/retro/games/bin/dos/wc2_bdp_cd.jsdos
fa10d8|OK  |   5.9MiB/s|/media/data/Workspace/retro/games/bin/dos/wc2_cd.jsdos
075ddf|OK  |   4.1MiB/s|/media/data/Workspace/retro/games/bin/dos/cnc_cd.jsdos
6d608f|OK  |    13MiB/s|/media/data/Workspace/retro/games/bin/windows/images/game/PHARAOH.DCD
35ff72|OK  |   3.0MiB/s|/media/data/Workspace/retro/games/bin/dos/th_cd.jsdos
1640f7|OK  |   7.2MiB/s|/media/data/Workspace/retro/games/bin/dos/images/WC2BDP.DCD
5d04dc|OK  |    13MiB/s|/media/data/Workspace/retro/games/bin/dos/images/CNC_NOD.DCD
053b5b|OK  |    12MiB/s|/media/data/Workspace/retro/games/bin/dos/images/CNC_GDI.DCD
56ad8b|OK  |    30MiB/s|/media/data/Workspace/retro/games/bin/dos/images/HOSPITAL.DCD
cdace9|OK  |   4.3MiB/s|/media/data/Workspace/retro/games/bin/dos/images/WC2.DCD
fc2991|OK  |    19MiB/s|/media/data/Workspace/retro/games/bin/windows/images/disc/PHARAOH.DCD

Status Legend:
(OK):download completed.
