
10/06 22:27:08 [[1;32mNOTICE[0m] Downloading 61 item(s)
[DL:63MiB][#970b9f 1.0MiB/521MiB(0%)][#6e732f 15MiB/138MiB(10%)][#2a4f4a 1.1MiB/42MiB(2%)][#f76a6e 2.5MiB/459MiB(0%)][#7cb1bc 5.2MiB/242MiB(2%)](+1)
[DL:75MiB][#970b9f 6.6MiB/521MiB(1%)][#6e732f 31MiB/138MiB(23%)][#2a4f4a 7.4MiB/42MiB(17%)][#f76a6e 13MiB/459MiB(3%)][#7cb1bc 28MiB/242MiB(11%)](+1)
[DL:79MiB][#970b9f 16MiB/521MiB(3%)][#6e732f 53MiB/138MiB(38%)][#2a4f4a 13MiB/42MiB(31%)][#f76a6e 25MiB/459MiB(5%)][#7cb1bc 52MiB/242MiB(21%)](+1)
[DL:82MiB][#970b9f 27MiB/521MiB(5%)][#6e732f 74MiB/138MiB(53%)][#2a4f4a 24MiB/42MiB(57%)][#f76a6e 38MiB/459MiB(8%)][#7cb1bc 72MiB/242MiB(29%)](+1)
[DL:83MiB][#970b9f 42MiB/521MiB(8%)][#6e732f 90MiB/138MiB(65%)][#2a4f4a 34MiB/42MiB(81%)][#f76a6e 55MiB/459MiB(12%)][#7cb1bc 86MiB/242MiB(35%)](+1)
[DL:82MiB][#970b9f 57MiB/521MiB(11%)][#6e732f 110MiB/138MiB(80%)][#2a4f4a 39MiB/42MiB(92%)][#f76a6e 70MiB/459MiB(15%)][#7cb1bc 99MiB/242MiB(40%)](+1)
[DL:83MiB][#970b9f 75MiB/521MiB(14%)][#6e732f 124MiB/138MiB(90%)][#2a4f4a 41MiB/42MiB(98%)][#f76a6e 86MiB/459MiB(18%)][#7cb1bc 115MiB/242MiB(47%)](+1)

10/06 22:27:16 [[1;32mNOTICE[0m] Download complete: /media/data/Workspace/retro/games/bin/dos/images/T2K.DCD
[DL:83MiB][#970b9f 95MiB/521MiB(18%)][#6e732f 136MiB/138MiB(99%)][#f76a6e 101MiB/459MiB(22%)][#7cb1bc 136MiB/242MiB(56%)][#4cdf5d 107MiB/134MiB(79%)](+1)

10/06 22:27:17 [[1;32mNOTICE[0m] Download complete: /media/data/Workspace/retro/games/bin/dos/images/HOSPITCN.DCD
[DL:83MiB][#970b9f 120MiB/521MiB(23%)][#f76a6e 116MiB/459MiB(25%)][#7cb1bc 157MiB/242MiB(64%)][#4cdf5d 122MiB/134MiB(90%)][#985934 5.7MiB/747MiB(0%)](+1)
[DL:84MiB][#970b9f 148MiB/521MiB(28%)][#f76a6e 131MiB/459MiB(28%)][#7cb1bc 181MiB/242MiB(74%)][#4cdf5d 133MiB/134MiB(98%)][#985934 19MiB/747MiB(2%)](+1)

10/06 22:27:19 [[1;32mNOTICE[0m] Download complete: /media/data/Workspace/retro/games/bin/dos/images/TT02.DCD
[DL:86MiB][#970b9f 179MiB/521MiB(34%)][#f76a6e 142MiB/459MiB(30%)][#7cb1bc 197MiB/242MiB(81%)][#985934 41MiB/747MiB(5%)][#f9969a 8.1MiB/361MiB(2%)](+1)
[DL:86MiB][#970b9f 205MiB/521MiB(39%)][#f76a6e 150MiB/459MiB(32%)][#7cb1bc 205MiB/242MiB(84%)][#985934 67MiB/747MiB(9%)][#f9969a 27MiB/361MiB(7%)](+1)
[DL:87MiB][#970b9f 229MiB/521MiB(43%)][#f76a6e 158MiB/459MiB(34%)][#7cb1bc 218MiB/242MiB(90%)][#985934 91MiB/747MiB(12%)][#f9969a 49MiB/361MiB(13%)](+1)
[DL:89MiB][#970b9f 253MiB/521MiB(48%)][#f76a6e 168MiB/459MiB(36%)][#7cb1bc 229MiB/242MiB(94%)][#985934 115MiB/747MiB(15%)][#f9969a 71MiB/361MiB(19%)](+1)
[DL:89MiB][#970b9f 271MiB/521MiB(52%)][#f76a6e 176MiB/459MiB(38%)][#7cb1bc 238MiB/242MiB(98%)][#985934 137MiB/747MiB(18%)][#f9969a 92MiB/361MiB(25%)](+1)
[DL:90MiB][#970b9f 291MiB/521MiB(55%)][#f76a6e 186MiB/459MiB(40%)][#7cb1bc 242MiB/242MiB(99%)][#985934 159MiB/747MiB(21%)][#f9969a 113MiB/361MiB(31%)](+1)

10/06 22:27:25 [[1;32mNOTICE[0m] Download complete: /media/data/Workspace/retro/games/bin/dos/images/TT01.DCD
[DL:91MiB][#970b9f 315MiB/521MiB(60%)][#f76a6e 197MiB/459MiB(42%)][#985934 183MiB/747MiB(24%)][#f9969a 133MiB/361MiB(37%)][#2797eb 45MiB/442MiB(10%)](+1)
[DL:92MiB][#970b9f 336MiB/521MiB(64%)][#f76a6e 209MiB/459MiB(45%)][#985934 207MiB/747MiB(27%)][#f9969a 154MiB/361MiB(42%)][#2797eb 61MiB/442MiB(13%)](+1)
[DL:92MiB][#970b9f 355MiB/521MiB(68%)][#f76a6e 220MiB/459MiB(47%)][#985934 227MiB/747MiB(30%)][#f9969a 173MiB/361MiB(47%)][#2797eb 78MiB/442MiB(17%)](+1)
[DL:93MiB][#970b9f 373MiB/521MiB(71%)][#f76a6e 230MiB/459MiB(50%)][#985934 246MiB/747MiB(32%)][#f9969a 192MiB/361MiB(53%)][#2797eb 98MiB/442MiB(22%)](+1)
[DL:94MiB][#970b9f 388MiB/521MiB(74%)][#f76a6e 243MiB/459MiB(52%)][#985934 264MiB/747MiB(35%)][#f9969a 211MiB/361MiB(58%)][#2797eb 120MiB/442MiB(27%)](+1)
[DL:93MiB][#970b9f 399MiB/521MiB(76%)][#f76a6e 250MiB/459MiB(54%)][#985934 275MiB/747MiB(36%)][#f9969a 228MiB/361MiB(63%)][#2797eb 141MiB/442MiB(31%)](+1)
[DL:91MiB][#970b9f 410MiB/521MiB(78%)][#f76a6e 258MiB/459MiB(56%)][#985934 287MiB/747MiB(38%)][#f9969a 242MiB/361MiB(66%)][#2797eb 154MiB/442MiB(34%)](+1)
[DL:90MiB][#970b9f 422MiB/521MiB(81%)][#f76a6e 268MiB/459MiB(58%)][#985934 301MiB/747MiB(40%)][#f9969a 256MiB/361MiB(71%)][#2797eb 166MiB/442MiB(37%)](+1)
[DL:90MiB][#970b9f 436MiB/521MiB(83%)][#f76a6e 279MiB/459MiB(60%)][#985934 315MiB/747MiB(42%)][#f9969a 271MiB/361MiB(75%)][#2797eb 180MiB/442MiB(40%)](+1)
[DL:90MiB][#970b9f 449MiB/521MiB(86%)][#f76a6e 290MiB/459MiB(63%)][#985934 329MiB/747MiB(44%)][#f9969a 284MiB/361MiB(78%)][#2797eb 194MiB/442MiB(44%)](+1)
[DL:90MiB][#970b9f 464MiB/521MiB(89%)][#f76a6e 300MiB/459MiB(65%)][#985934 343MiB/747MiB(45%)][#f9969a 299MiB/361MiB(82%)][#2797eb 212MiB/442MiB(48%)](+1)
[DL:90MiB][#970b9f 477MiB/521MiB(91%)][#f76a6e 310MiB/459MiB(67%)][#985934 356MiB/747MiB(47%)][#f9969a 313MiB/361MiB(86%)][#2797eb 229MiB/442MiB(51%)](+1)
[DL:89MiB][#970b9f 489MiB/521MiB(93%)][#f76a6e 319MiB/459MiB(69%)][#985934 369MiB/747MiB(49%)][#f9969a 326MiB/361MiB(90%)][#2797eb 242MiB/442MiB(54%)](+1)
[DL:88MiB][#970b9f 504MiB/521MiB(96%)][#f76a6e 330MiB/459MiB(71%)][#985934 383MiB/747MiB(51%)][#f9969a 341MiB/361MiB(94%)][#2797eb 259MiB/442MiB(58%)](+1)
 *** Download Progress Summary as of Tue Oct  6 22:27:39 2026 *** 
===============================================================================
[#970b9f 516MiB/521MiB(99%) CN:4 DL:12MiB]
FILE: /media/data/Workspace/retro/games/bin/dos/images/COLC.DCD
-------------------------------------------------------------------------------
[#f76a6e 340MiB/459MiB(74%) CN:8 DL:10MiB ETA:11s]
FILE: /media/data/Workspace/retro/games/bin/dos/images/TIMECO.DCD
-------------------------------------------------------------------------------
[#985934 397MiB/747MiB(53%) CN:8 DL:13MiB ETA:25s]
FILE: /media/data/Workspace/retro/games/bin/windows/images/disc/LOB.DCD
-------------------------------------------------------------------------------
[#f9969a 352MiB/361MiB(97%) CN:6 DL:13MiB]
FILE: /media/data/Workspace/retro/games/bin/windows/images/disc/SNTRM01.DCD
-------------------------------------------------------------------------------
[#2797eb 276MiB/442MiB(62%) CN:8 DL:15MiB ETA:10s]
FILE: /media/data/Workspace/retro/games/bin/windows/images/disc/SNTRM02.DCD
-------------------------------------------------------------------------------
[#fdeb5e 240MiB/431MiB(55%) CN:8 DL:21MiB ETA:9s]
FILE: /media/data/Workspace/retro/games/bin/windows/images/disc/SNTRM03.DCD
-------------------------------------------------------------------------------

[DL:87MiB][#970b9f 516MiB/521MiB(99%)][#f76a6e 340MiB/459MiB(74%)][#985934 397MiB/747MiB(53%)][#f9969a 352MiB/361MiB(97%)][#2797eb 276MiB/442MiB(62%)](+1)
[DL:87MiB][#970b9f 520MiB/521MiB(99%)][#f76a6e 353MiB/459MiB(76%)][#985934 415MiB/747MiB(55%)][#f9969a 357MiB/361MiB(98%)][#2797eb 296MiB/442MiB(67%)](+1)

10/06 22:27:41 [[1;32mNOTICE[0m] Download complete: /media/data/Workspace/retro/games/bin/dos/images/COLC.DCD
[DL:89MiB][#f76a6e 367MiB/459MiB(79%)][#985934 435MiB/747MiB(58%)][#f9969a 361MiB/361MiB(99%)][#2797eb 318MiB/442MiB(71%)][#fdeb5e 291MiB/431MiB(67%)](+1)

10/06 22:27:41 [[1;32mNOTICE[0m] Download complete: /media/data/Workspace/retro/games/bin/windows/images/disc/SNTRM01.DCD
[DL:89MiB][#f76a6e 384MiB/459MiB(83%)][#985934 455MiB/747MiB(60%)][#2797eb 341MiB/442MiB(77%)][#fdeb5e 317MiB/431MiB(73%)][#b3d416 1.3MiB/80MiB(1%)](+1)
[DL:89MiB][#f76a6e 401MiB/459MiB(87%)][#985934 475MiB/747MiB(63%)][#2797eb 364MiB/442MiB(82%)][#fdeb5e 345MiB/431MiB(80%)][#b3d416 9.2MiB/80MiB(11%)](+1)
[DL:88MiB][#f76a6e 417MiB/459MiB(90%)][#985934 495MiB/747MiB(66%)][#2797eb 385MiB/442MiB(87%)][#fdeb5e 369MiB/431MiB(85%)][#b3d416 16MiB/80MiB(20%)](+1)
[DL:88MiB][#f76a6e 433MiB/459MiB(94%)][#985934 518MiB/747MiB(69%)][#2797eb 401MiB/442MiB(90%)][#fdeb5e 390MiB/431MiB(90%)][#b3d416 27MiB/80MiB(34%)](+1)
[DL:91MiB][#f76a6e 446MiB/459MiB(97%)][#985934 541MiB/747MiB(72%)][#2797eb 420MiB/442MiB(95%)][#fdeb5e 412MiB/431MiB(95%)][#b3d416 39MiB/80MiB(48%)](+1)
[DL:89MiB][#f76a6e 455MiB/459MiB(99%)][#985934 566MiB/747MiB(75%)][#2797eb 439MiB/442MiB(99%)][#fdeb5e 424MiB/431MiB(98%)][#b3d416 49MiB/80MiB(62%)](+1)

10/06 22:27:48 [[1;32mNOTICE[0m] Download complete: /media/data/Workspace/retro/games/bin/windows/images/disc/SNTRM02.DCD

10/06 22:27:48 [[1;32mNOTICE[0m] Download complete: /media/data/Workspace/retro/games/bin/dos/images/TIMECO.DCD
[DL:89MiB][#985934 598MiB/747MiB(80%)][#fdeb5e 430MiB/431MiB(99%)][#b3d416 67MiB/80MiB(83%)][#940066 38MiB/78MiB(49%)][#88f564 0B/0B](+1)

10/06 22:27:50 [[1;32mNOTICE[0m] Download complete: /media/data/Workspace/retro/games/bin/windows/images/disc/SNTRM03.DCD
[DL:78MiB][#985934 605MiB/747MiB(80%)][#b3d416 69MiB/80MiB(87%)][#940066 42MiB/78MiB(53%)][#88f564 0B/0B][#ed0aaa 0B/0B](+1)

10/06 22:27:50 [[1;31mERROR[0m] CUID#106 - Download aborted. URI=https://cf.ommv.net/bin/windows/images/disc/SORFCHT.DCD
Exception: [AbstractCommand.cc:351] errorCode=1 URI=https://cf.ommv.net/bin/windows/images/disc/SORFCHT.DCD
  -> [SocketCore.cc:1019] errorCode=1 SSL/TLS handshake failure: Error in the pull function.

10/06 22:27:51 [[1;32mNOTICE[0m] Download complete: /media/data/Workspace/retro/games/bin/windows/images/disc/SORFCHT.DCD
[DL:75MiB][#985934 666MiB/747MiB(89%)][#940066 71MiB/78MiB(90%)][#88f564 12MiB/193MiB(6%)][#ed0aaa 9.2MiB/260MiB(3%)][#813f7b 0B/0B](+1)

10/06 22:27:52 [[1;32mNOTICE[0m] Download complete: /media/data/Workspace/retro/games/bin/windows/images/disc/TAIKOU2CHS.DCD
[DL:72MiB][#985934 701MiB/747MiB(93%)][#88f564 32MiB/193MiB(16%)][#ed0aaa 25MiB/260MiB(9%)][#813f7b 3.5MiB/499MiB(0%)][#2b9c9c 736KiB/540MiB(0%)](+1)
[DL:78MiB][#985934 735MiB/747MiB(98%)][#88f564 59MiB/193MiB(30%)][#ed0aaa 65MiB/260MiB(25%)][#813f7b 13MiB/499MiB(2%)][#2b9c9c 35MiB/540MiB(6%)](+1)
[DL:78MiB][#985934 746MiB/747MiB(99%)][#88f564 78MiB/193MiB(40%)][#ed0aaa 90MiB/260MiB(34%)][#813f7b 24MiB/499MiB(4%)][#2b9c9c 63MiB/540MiB(11%)](+1)

10/06 22:27:56 [[1;32mNOTICE[0m] Download complete: /media/data/Workspace/retro/games/bin/windows/images/disc/LOB.DCD
[DL:70MiB][#88f564 87MiB/193MiB(45%)][#ed0aaa 102MiB/260MiB(39%)][#813f7b 29MiB/499MiB(5%)][#2b9c9c 77MiB/540MiB(14%)][#8e1623 2.1MiB/244MiB(0%)](+1)
[DL:78MiB][#88f564 127MiB/193MiB(65%)][#ed0aaa 143MiB/260MiB(55%)][#813f7b 53MiB/499MiB(10%)][#2b9c9c 133MiB/540MiB(24%)][#8e1623 8.6MiB/244MiB(3%)](+1)
[DL:81MiB][#88f564 154MiB/193MiB(79%)][#ed0aaa 162MiB/260MiB(62%)][#813f7b 66MiB/499MiB(13%)][#2b9c9c 163MiB/540MiB(30%)][#8e1623 14MiB/244MiB(5%)](+1)
[DL:93MiB][#88f564 179MiB/193MiB(92%)][#ed0aaa 183MiB/260MiB(70%)][#813f7b 78MiB/499MiB(15%)][#2b9c9c 188MiB/540MiB(34%)][#8e1623 23MiB/244MiB(9%)](+1)
[DL:96MiB][#88f564 191MiB/193MiB(99%)][#ed0aaa 204MiB/260MiB(78%)][#813f7b 91MiB/499MiB(18%)][#2b9c9c 213MiB/540MiB(39%)][#8e1623 34MiB/244MiB(14%)](+1)

10/06 22:28:00 [[1;32mNOTICE[0m] Download complete: /media/data/Workspace/retro/games/bin/windows/images/disc/TAIKOU3CHS.DCD
[DL:96MiB][#ed0aaa 223MiB/260MiB(85%)][#813f7b 110MiB/499MiB(22%)][#2b9c9c 241MiB/540MiB(44%)][#8e1623 50MiB/244MiB(20%)][#5b16cd 20MiB/173MiB(11%)](+1)
[DL:97MiB][#ed0aaa 235MiB/260MiB(90%)][#813f7b 128MiB/499MiB(25%)][#2b9c9c 269MiB/540MiB(49%)][#8e1623 67MiB/244MiB(27%)][#5b16cd 26MiB/173MiB(15%)](+1)
[DL:91MiB][#ed0aaa 244MiB/260MiB(93%)][#813f7b 145MiB/499MiB(29%)][#2b9c9c 296MiB/540MiB(54%)][#8e1623 88MiB/244MiB(36%)][#5b16cd 34MiB/173MiB(19%)](+1)
[DL:90MiB][#ed0aaa 255MiB/260MiB(98%)][#813f7b 161MiB/499MiB(32%)][#2b9c9c 323MiB/540MiB(59%)][#8e1623 111MiB/244MiB(45%)][#5b16cd 41MiB/173MiB(24%)](+1)
[DL:99MiB][#ed0aaa 258MiB/260MiB(99%)][#813f7b 181MiB/499MiB(36%)][#2b9c9c 353MiB/540MiB(65%)][#8e1623 132MiB/244MiB(54%)][#5b16cd 49MiB/173MiB(28%)](+1)

10/06 22:28:06 [[1;32mNOTICE[0m] Download complete: /media/data/Workspace/retro/games/bin/windows/images/disc/TAIKOU4CHT.DCD
[DL:97MiB][#813f7b 200MiB/499MiB(40%)][#2b9c9c 379MiB/540MiB(70%)][#8e1623 154MiB/244MiB(62%)][#5b16cd 57MiB/173MiB(32%)][#d9d9d4 24MiB/177MiB(13%)](+1)
[DL:91MiB][#813f7b 225MiB/499MiB(45%)][#2b9c9c 412MiB/540MiB(76%)][#8e1623 173MiB/244MiB(70%)][#5b16cd 69MiB/173MiB(40%)][#d9d9d4 40MiB/177MiB(22%)](+1)
[DL:91MiB][#813f7b 242MiB/499MiB(48%)][#2b9c9c 437MiB/540MiB(80%)][#8e1623 189MiB/244MiB(77%)][#5b16cd 78MiB/173MiB(45%)][#d9d9d4 54MiB/177MiB(30%)](+1)
 *** Download Progress Summary as of Tue Oct  6 22:28:11 2026 *** 
===============================================================================
[#813f7b 256MiB/499MiB(51%) CN:8 DL:13MiB ETA:18s]
FILE: /media/data/Workspace/retro/games/bin/windows/images/disc/TMFWYCHT.DCD
-------------------------------------------------------------------------------
[#2b9c9c 458MiB/540MiB(84%) CN:8 DL:19MiB ETA:4s]
FILE: /media/data/Workspace/retro/games/bin/windows/images/disc/TOTD.DCD
-------------------------------------------------------------------------------
[#8e1623 200MiB/244MiB(81%) CN:8 DL:13MiB ETA:3s]
FILE: /media/data/Workspace/retro/games/bin/windows/images/disc/UW4PUKCHT.DCD
-------------------------------------------------------------------------------
[#5b16cd 86MiB/173MiB(49%) CN:8 DL:6.1MiB ETA:14s]
FILE: /media/data/Workspace/retro/games/bin/windows/images/disc/VANDAL.DCD
-------------------------------------------------------------------------------
[#d9d9d4 65MiB/177MiB(37%) CN:8 DL:6.6MiB ETA:16s]
FILE: /media/data/Workspace/retro/games/bin/windows/images/disc/VANDALCHT.DCD
-------------------------------------------------------------------------------
[#58cb4e 32MiB/487MiB(6%) CN:8 DL:6.0MiB ETA:1m15s]
FILE: /media/data/Workspace/retro/games/bin/windows/images/disc/WHDO.DCD
-------------------------------------------------------------------------------

[DL:64MiB][#813f7b 256MiB/499MiB(51%)][#2b9c9c 458MiB/540MiB(84%)][#8e1623 200MiB/244MiB(81%)][#5b16cd 86MiB/173MiB(49%)][#d9d9d4 65MiB/177MiB(37%)](+1)
[DL:77MiB][#813f7b 298MiB/499MiB(59%)][#2b9c9c 499MiB/540MiB(92%)][#8e1623 223MiB/244MiB(91%)][#5b16cd 106MiB/173MiB(61%)][#d9d9d4 99MiB/177MiB(56%)](+1)
[DL:76MiB][#813f7b 308MiB/499MiB(61%)][#2b9c9c 518MiB/540MiB(95%)][#8e1623 234MiB/244MiB(96%)][#5b16cd 116MiB/173MiB(66%)][#d9d9d4 112MiB/177MiB(63%)](+1)
[DL:77MiB][#813f7b 324MiB/499MiB(64%)][#2b9c9c 534MiB/540MiB(98%)][#8e1623 242MiB/244MiB(99%)][#5b16cd 129MiB/173MiB(74%)][#d9d9d4 129MiB/177MiB(72%)](+1)
[DL:76MiB][#813f7b 341MiB/499MiB(68%)][#2b9c9c 540MiB/540MiB(99%)][#8e1623 244MiB/244MiB(99%)][#5b16cd 147MiB/173MiB(84%)][#d9d9d4 146MiB/177MiB(82%)](+1)

10/06 22:28:15 [[1;32mNOTICE[0m] Download complete: /media/data/Workspace/retro/games/bin/windows/images/disc/TOTD.DCD

10/06 22:28:16 [[1;32mNOTICE[0m] Download complete: /media/data/Workspace/retro/games/bin/windows/images/disc/UW4PUKCHT.DCD
[DL:76MiB][#813f7b 360MiB/499MiB(72%)][#5b16cd 162MiB/173MiB(93%)][#d9d9d4 166MiB/177MiB(93%)][#58cb4e 189MiB/487MiB(39%)][#ec51e8 2.0MiB/472MiB(0%)](+1)
[DL:76MiB][#813f7b 382MiB/499MiB(76%)][#5b16cd 173MiB/173MiB(99%)][#d9d9d4 176MiB/177MiB(99%)][#58cb4e 221MiB/487MiB(45%)][#ec51e8 15MiB/472MiB(3%)](+1)

10/06 22:28:17 [[1;32mNOTICE[0m] Download complete: /media/data/Workspace/retro/games/bin/windows/images/disc/VANDAL.DCD

10/06 22:28:18 [[1;32mNOTICE[0m] Download complete: /media/data/Workspace/retro/games/bin/windows/images/disc/VANDALCHT.DCD
[DL:106MiB][#813f7b 410MiB/499MiB(82%)][#58cb4e 247MiB/487MiB(50%)][#ec51e8 42MiB/472MiB(8%)][#28d123 1.3MiB/23MiB(5%)][#d6fac3 2.7MiB/4.3MiB(61%)](+1)

10/06 22:28:18 [[1;32mNOTICE[0m] Download complete: /media/data/Workspace/retro/games/bin/windows/images/game/SORFCHT.DCD
[DL:104MiB][#813f7b 426MiB/499MiB(85%)][#58cb4e 274MiB/487MiB(56%)][#ec51e8 75MiB/472MiB(16%)][#28d123 10MiB/23MiB(45%)][#5d9dd5 2.0MiB/4.0MiB(50%)](+1)

10/06 22:28:20 [[1;32mNOTICE[0m] Download complete: /media/data/Workspace/retro/games/bin/windows/images/game/TAIKOU2CHS.DCD
[DL:102MiB][#813f7b 442MiB/499MiB(88%)][#58cb4e 300MiB/487MiB(61%)][#ec51e8 111MiB/472MiB(23%)][#28d123 20MiB/23MiB(86%)][#802a07 384KiB/21MiB(1%)](+1)
[DL:100MiB][#813f7b 455MiB/499MiB(91%)][#58cb4e 322MiB/487MiB(66%)][#ec51e8 146MiB/472MiB(30%)][#28d123 22MiB/23MiB(95%)][#802a07 10MiB/21MiB(47%)](+1)

10/06 22:28:22 [[1;32mNOTICE[0m] Download complete: /media/data/Workspace/retro/games/bin/windows/images/game/SNTRM.DCD
[DL:90MiB][#813f7b 469MiB/499MiB(93%)][#58cb4e 345MiB/487MiB(70%)][#ec51e8 180MiB/472MiB(38%)][#802a07 19MiB/21MiB(87%)][#8d3c0f 9.8MiB/121MiB(8%)](+1)

10/06 22:28:23 [[1;32mNOTICE[0m] Download complete: /media/data/Workspace/retro/games/bin/windows/images/game/TMFWYCHT.DCD
[DL:90MiB][#813f7b 485MiB/499MiB(97%)][#58cb4e 367MiB/487MiB(75%)][#ec51e8 216MiB/472MiB(45%)][#802a07 21MiB/21MiB(96%)][#8d3c0f 30MiB/121MiB(25%)](+1)

10/06 22:28:24 [[1;32mNOTICE[0m] Download complete: /media/data/Workspace/retro/games/bin/windows/images/game/TAIKOU3CHS.DCD
[DL:91MiB][#813f7b 496MiB/499MiB(99%)][#58cb4e 388MiB/487MiB(79%)][#ec51e8 247MiB/472MiB(52%)][#8d3c0f 54MiB/121MiB(45%)][#bd7729 9.4MiB/391MiB(2%)](+1)
[DL:90MiB][#813f7b 497MiB/499MiB(99%)][#58cb4e 408MiB/487MiB(83%)][#ec51e8 278MiB/472MiB(58%)][#8d3c0f 72MiB/121MiB(59%)][#bd7729 24MiB/391MiB(6%)](+1)
[DL:89MiB][#813f7b 498MiB/499MiB(99%)][#58cb4e 423MiB/487MiB(87%)][#ec51e8 307MiB/472MiB(65%)][#8d3c0f 87MiB/121MiB(71%)][#bd7729 42MiB/391MiB(10%)](+1)
[DL:88MiB][#813f7b 498MiB/499MiB(99%)][#58cb4e 437MiB/487MiB(89%)][#ec51e8 334MiB/472MiB(70%)][#8d3c0f 102MiB/121MiB(84%)][#bd7729 59MiB/391MiB(15%)](+1)
[DL:87MiB][#813f7b 499MiB/499MiB(99%)][#58cb4e 449MiB/487MiB(92%)][#ec51e8 363MiB/472MiB(77%)][#8d3c0f 115MiB/121MiB(95%)][#bd7729 76MiB/391MiB(19%)](+1)

10/06 22:28:28 [[1;32mNOTICE[0m] Download complete: /media/data/Workspace/retro/games/bin/windows/images/disc/TMFWYCHT.DCD

10/06 22:28:29 [[1;32mNOTICE[0m] Download complete: /media/data/Workspace/retro/games/bin/windows/images/game/TAIKOU4CHT.DCD

10/06 22:28:29 [[1;32mNOTICE[0m] Download complete: /media/data/Workspace/retro/games/bin/windows/images/game/VANDAL.DCD
[DL:88MiB][#58cb4e 466MiB/487MiB(95%)][#ec51e8 400MiB/472MiB(84%)][#bd7729 100MiB/391MiB(25%)][#1af2c8 22MiB/140MiB(15%)][#544452 0B/0B](+1)

10/06 22:28:30 [[1;32mNOTICE[0m] Download complete: /media/data/Workspace/retro/games/bin/windows/images/game/VANDALCHT.DCD
[DL:87MiB][#58cb4e 481MiB/487MiB(98%)][#ec51e8 426MiB/472MiB(90%)][#bd7729 126MiB/391MiB(32%)][#1af2c8 39MiB/140MiB(27%)][#983cb2 2.5MiB/9.4MiB(26%)](+1)
[DL:86MiB][#58cb4e 486MiB/487MiB(99%)][#ec51e8 449MiB/472MiB(95%)][#bd7729 149MiB/391MiB(38%)][#1af2c8 53MiB/140MiB(37%)][#983cb2 8.1MiB/9.4MiB(85%)](+1)

10/06 22:28:31 [[1;32mNOTICE[0m] Download complete: /media/data/Workspace/retro/games/bin/windows/images/game/WHDO.DCD

10/06 22:28:32 [[1;32mNOTICE[0m] Download complete: /media/data/Workspace/retro/games/bin/windows/images/disc/WHDO.DCD

10/06 22:28:32 [[1;32mNOTICE[0m] GID#cbb49f8d443273ea - Download has already completed: /media/data/Workspace/retro/games/bin/windows/images/os/WIN95OSR2_CHT_OS.DCD

10/06 22:28:32 [[1;32mNOTICE[0m] Download complete: /media/data/Workspace/retro/games/bin/windows/images/os/WIN95OSR2_CHT_OS.DCD

10/06 22:28:32 [[1;32mNOTICE[0m] GID#e2925dc0818010ab - Download has already completed: /media/data/Workspace/retro/games/bin/windows/images/os/WIN95OSR2_EN_OS.DCD

10/06 22:28:32 [[1;32mNOTICE[0m] Download complete: /media/data/Workspace/retro/games/bin/windows/images/os/WIN95OSR2_EN_OS.DCD
[DL:87MiB][#ec51e8 466MiB/472MiB(98%)][#bd7729 178MiB/391MiB(45%)][#1af2c8 79MiB/140MiB(56%)][#80c336 28MiB/47MiB(59%)][#6cb643 0B/0B](+1)
[DL:86MiB][#ec51e8 470MiB/472MiB(99%)][#bd7729 208MiB/391MiB(53%)][#1af2c8 105MiB/140MiB(74%)][#80c336 44MiB/47MiB(92%)][#6cb643 8.2MiB/48MiB(17%)](+1)

10/06 22:28:33 [[1;32mNOTICE[0m] Download complete: /media/data/Workspace/retro/games/bin/windows/images/os/WIN95OSR2_CHS_OS.DCD

10/06 22:28:34 [[1;32mNOTICE[0m] Download complete: /media/data/Workspace/retro/games/bxsg.jsdos
[DL:84MiB][#ec51e8 471MiB/472MiB(99%)][#bd7729 239MiB/391MiB(61%)][#1af2c8 128MiB/140MiB(91%)][#6cb643 26MiB/48MiB(55%)][#bcc3f9 656KiB/19MiB(3%)](+1)

10/06 22:28:35 [[1;32mNOTICE[0m] Download complete: /media/data/Workspace/retro/games/lob.jsdos
[DL:83MiB][#ec51e8 471MiB/472MiB(99%)][#bd7729 269MiB/391MiB(68%)][#1af2c8 140MiB/140MiB(99%)][#6cb643 41MiB/48MiB(85%)][#bcc3f9 13MiB/19MiB(68%)](+1)

10/06 22:28:35 [[1;32mNOTICE[0m] Download complete: /media/data/Workspace/retro/games/bin/windows/images/game/UW4PUKCHT.DCD

10/06 22:28:36 [[1;32mNOTICE[0m] Download complete: /media/data/Workspace/retro/games/lostvik.jsdos

10/06 22:28:36 [[1;32mNOTICE[0m] Download complete: /media/data/Workspace/retro/games/colc_cd.jsdos

10/06 22:28:36 [[1;32mNOTICE[0m] Download complete: /media/data/Workspace/retro/games/bin/windows/images/game/LOB.DCD
[DL:80MiB][#bd7729 310MiB/391MiB(79%)][#6cb643 48MiB/48MiB(99%)][#360bde 624KiB/14MiB(4%)][#bb650c 0B/0B][#04d8c9 0B/0B](+1)

10/06 22:28:36 [[1;32mNOTICE[0m] Download complete: /media/data/Workspace/retro/games/bin/windows/images/os/WIN95OSR2_JP_OS.DCD

10/06 22:28:37 [[1;32mNOTICE[0m] Download complete: /media/data/Workspace/retro/games/rich2.jsdos

10/06 22:28:37 [[1;32mNOTICE[0m] Download complete: /media/data/Workspace/retro/games/sorfcht.jsdos
[DL:80MiB][#bd7729 360MiB/391MiB(91%)][#360bde 13MiB/14MiB(93%)][#04d8c9 6.3MiB/6.8MiB(93%)][#fba435 224KiB/1.1MiB(19%)][#c3e389 0B/0B](+1)

10/06 22:28:37 [[1;32mNOTICE[0m] Download complete: /media/data/Workspace/retro/games/rich3.jsdos

10/06 22:28:37 [[1;32mNOTICE[0m] Download complete: /media/data/Workspace/retro/games/mk2.jsdos

10/06 22:28:37 [[1;32mNOTICE[0m] Download complete: /media/data/Workspace/retro/games/sntrm.jsdos

10/06 22:28:38 [[1;32mNOTICE[0m] Download complete: /media/data/Workspace/retro/games/taikou4cht.jsdos

10/06 22:28:38 [[1;32mNOTICE[0m] Download complete: /media/data/Workspace/retro/games/bin/windows/images/game/TOTD.DCD
[DL:75MiB][#c3e389 4.0MiB/4.5MiB(88%)][#f2419b 1.1MiB/2.0MiB(57%)][#246303 0B/0B][#b5fa82 0B/0B][#013b4d 0B/0B](+1)

10/06 22:28:38 [[1;32mNOTICE[0m] Download complete: /media/data/Workspace/retro/games/t2k_cd.jsdos

10/06 22:28:38 [[1;32mNOTICE[0m] Download complete: /media/data/Workspace/retro/games/taiko.jsdos

10/06 22:28:38 [[1;32mNOTICE[0m] Download complete: /media/data/Workspace/retro/games/taikou3chs.jsdos

10/06 22:28:38 [[1;32mNOTICE[0m] Download complete: /media/data/Workspace/retro/games/taikou2chs.jsdos

10/06 22:28:39 [[1;32mNOTICE[0m] Download complete: /media/data/Workspace/retro/games/timecomm_cd.jsdos

10/06 22:28:39 [[1;32mNOTICE[0m] Download complete: /media/data/Workspace/retro/games/totd.jsdos

10/06 22:28:39 [[1;32mNOTICE[0m] Download complete: /media/data/Workspace/retro/games/tim2.jsdos
[DL:68MiB][#013b4d 10MiB/11MiB(86%)][#638dfb 0B/0B][#1ab966 896KiB/160MiB(0%)][#63a3b8 672KiB/3.5MiB(18%)][#d4a4a7 0B/0B](+1)

10/06 22:28:39 [[1;32mNOTICE[0m] Download complete: /media/data/Workspace/retro/games/tmfwycht.jsdos

10/06 22:28:39 [[1;32mNOTICE[0m] Download complete: /media/data/Workspace/retro/games/thcn_cd.jsdos

10/06 22:28:39 [[1;32mNOTICE[0m] Download complete: /media/data/Workspace/retro/games/uw2en.jsdos

10/06 22:28:40 [[1;32mNOTICE[0m] Download complete: /media/data/Workspace/retro/games/whdo.jsdos

10/06 22:28:40 [[1;32mNOTICE[0m] Download complete: /media/data/Workspace/retro/games/vandal.jsdos
[DL:64MiB][#1ab966 34MiB/160MiB(21%)][#d4a4a7 9.2MiB/12MiB(75%)][#611d63 0B/0B]

10/06 22:28:40 [[1;32mNOTICE[0m] Download complete: /media/data/Workspace/retro/games/uw4pukcht.jsdos

10/06 22:28:41 [[1;32mNOTICE[0m] Download complete: /media/data/Workspace/retro/games/vandalcht.jsdos
[#1ab966 100MiB/160MiB(62%) CN:8 DL:46MiB ETA:1s]

10/06 22:28:42 [[1;32mNOTICE[0m] Download complete: /media/data/Workspace/retro/games/tt_cd.jsdos

Download Results:
gid   |stat|avg speed  |path/URI
======+====+===========+=======================================================
2a4f4a|OK  |   6.2MiB/s|/media/data/Workspace/retro/games/bin/dos/images/T2K.DCD
6e732f|OK  |    17MiB/s|/media/data/Workspace/retro/games/bin/dos/images/HOSPITCN.DCD
4cdf5d|OK  |    13MiB/s|/media/data/Workspace/retro/games/bin/dos/images/TT02.DCD
7cb1bc|OK  |    15MiB/s|/media/data/Workspace/retro/games/bin/dos/images/TT01.DCD
970b9f|OK  |    16MiB/s|/media/data/Workspace/retro/games/bin/dos/images/COLC.DCD
f9969a|OK  |    15MiB/s|/media/data/Workspace/retro/games/bin/windows/images/disc/SNTRM01.DCD
2797eb|OK  |    16MiB/s|/media/data/Workspace/retro/games/bin/windows/images/disc/SNTRM02.DCD
f76a6e|OK  |    11MiB/s|/media/data/Workspace/retro/games/bin/dos/images/TIMECO.DCD
fdeb5e|OK  |    18MiB/s|/media/data/Workspace/retro/games/bin/windows/images/disc/SNTRM03.DCD
b3d416|OK  |   8.7MiB/s|/media/data/Workspace/retro/games/bin/windows/images/disc/SORFCHT.DCD
940066|OK  |   8.7MiB/s|/media/data/Workspace/retro/games/bin/windows/images/disc/TAIKOU2CHS.DCD
985934|OK  |    19MiB/s|/media/data/Workspace/retro/games/bin/windows/images/disc/LOB.DCD
88f564|OK  |    18MiB/s|/media/data/Workspace/retro/games/bin/windows/images/disc/TAIKOU3CHS.DCD
ed0aaa|OK  |    16MiB/s|/media/data/Workspace/retro/games/bin/windows/images/disc/TAIKOU4CHT.DCD
2b9c9c|OK  |    22MiB/s|/media/data/Workspace/retro/games/bin/windows/images/disc/TOTD.DCD
8e1623|OK  |    10MiB/s|/media/data/Workspace/retro/games/bin/windows/images/disc/UW4PUKCHT.DCD
5b16cd|OK  |   8.3MiB/s|/media/data/Workspace/retro/games/bin/windows/images/disc/VANDAL.DCD
d9d9d4|OK  |    10MiB/s|/media/data/Workspace/retro/games/bin/windows/images/disc/VANDALCHT.DCD
d6fac3|OK  |   8.0MiB/s|/media/data/Workspace/retro/games/bin/windows/images/game/SORFCHT.DCD
5d9dd5|OK  |   2.7MiB/s|/media/data/Workspace/retro/games/bin/windows/images/game/TAIKOU2CHS.DCD
28d123|OK  |   4.8MiB/s|/media/data/Workspace/retro/games/bin/windows/images/game/SNTRM.DCD
523470|OK  |   181KiB/s|/media/data/Workspace/retro/games/bin/windows/images/game/TMFWYCHT.DCD
802a07|OK  |   5.8MiB/s|/media/data/Workspace/retro/games/bin/windows/images/game/TAIKOU3CHS.DCD
813f7b|OK  |    13MiB/s|/media/data/Workspace/retro/games/bin/windows/images/disc/TMFWYCHT.DCD
8d3c0f|OK  |    14MiB/s|/media/data/Workspace/retro/games/bin/windows/images/game/TAIKOU4CHT.DCD
ca3eb7|OK  |   581KiB/s|/media/data/Workspace/retro/games/bin/windows/images/game/VANDAL.DCD
544452|OK  |   231KiB/s|/media/data/Workspace/retro/games/bin/windows/images/game/VANDALCHT.DCD
983cb2|OK  |   4.4MiB/s|/media/data/Workspace/retro/games/bin/windows/images/game/WHDO.DCD
58cb4e|OK  |    19MiB/s|/media/data/Workspace/retro/games/bin/windows/images/disc/WHDO.DCD
cbb49f|OK  |       0B/s|/media/data/Workspace/retro/games/bin/windows/images/os/WIN95OSR2_CHT_OS.DCD
e2925d|OK  |       0B/s|/media/data/Workspace/retro/games/bin/windows/images/os/WIN95OSR2_EN_OS.DCD
80c336|OK  |    13MiB/s|/media/data/Workspace/retro/games/bin/windows/images/os/WIN95OSR2_CHS_OS.DCD
a23f37|OK  |   4.0MiB/s|/media/data/Workspace/retro/games/bxsg.jsdos
f2ee12|OK  |   6.7MiB/s|/media/data/Workspace/retro/games/lob.jsdos
1af2c8|OK  |    12MiB/s|/media/data/Workspace/retro/games/bin/windows/images/game/UW4PUKCHT.DCD
23a7d3|OK  |   6.6MiB/s|/media/data/Workspace/retro/games/lostvik.jsdos
bcc3f9|OK  |    10MiB/s|/media/data/Workspace/retro/games/colc_cd.jsdos
ec51e8|OK  |    23MiB/s|/media/data/Workspace/retro/games/bin/windows/images/game/LOB.DCD
6cb643|OK  |    12MiB/s|/media/data/Workspace/retro/games/bin/windows/images/os/WIN95OSR2_JP_OS.DCD
bb650c|OK  |   7.4MiB/s|/media/data/Workspace/retro/games/rich2.jsdos
c48d85|OK  |   6.2MiB/s|/media/data/Workspace/retro/games/sorfcht.jsdos
04d8c9|OK  |   9.8MiB/s|/media/data/Workspace/retro/games/rich3.jsdos
360bde|OK  |   9.7MiB/s|/media/data/Workspace/retro/games/mk2.jsdos
fba435|OK  |   3.7MiB/s|/media/data/Workspace/retro/games/sntrm.jsdos
1e7150|OK  |   6.8MiB/s|/media/data/Workspace/retro/games/taikou4cht.jsdos
bd7729|OK  |    26MiB/s|/media/data/Workspace/retro/games/bin/windows/images/game/TOTD.DCD
c3e389|OK  |   5.9MiB/s|/media/data/Workspace/retro/games/t2k_cd.jsdos
f2419b|OK  |   6.3MiB/s|/media/data/Workspace/retro/games/taiko.jsdos
b5fa82|OK  |   4.8MiB/s|/media/data/Workspace/retro/games/taikou3chs.jsdos
246303|OK  |    12MiB/s|/media/data/Workspace/retro/games/taikou2chs.jsdos
5fa791|OK  |    15MiB/s|/media/data/Workspace/retro/games/timecomm_cd.jsdos
1a5e2f|OK  |    13MiB/s|/media/data/Workspace/retro/games/totd.jsdos
9f5f7c|OK  |   5.5MiB/s|/media/data/Workspace/retro/games/tim2.jsdos
638dfb|OK  |    10MiB/s|/media/data/Workspace/retro/games/tmfwycht.jsdos
013b4d|OK  |    12MiB/s|/media/data/Workspace/retro/games/thcn_cd.jsdos
63a3b8|OK  |   8.1MiB/s|/media/data/Workspace/retro/games/uw2en.jsdos
984b4d|OK  |   7.4MiB/s|/media/data/Workspace/retro/games/whdo.jsdos
f7ca16|OK  |   785KiB/s|/media/data/Workspace/retro/games/vandal.jsdos
d4a4a7|OK  |    14MiB/s|/media/data/Workspace/retro/games/uw4pukcht.jsdos
611d63|OK  |   541KiB/s|/media/data/Workspace/retro/games/vandalcht.jsdos
1ab966|OK  |    51MiB/s|/media/data/Workspace/retro/games/tt_cd.jsdos

Status Legend:
(OK):download completed.
