
10/06 22:10:44 [[1;32mNOTICE[0m] Downloading 89 item(s)

10/06 22:10:44 [[1;32mNOTICE[0m] Download complete: /media/data/Workspace/retro/games/1602ad.jsdos

10/06 22:10:44 [[1;32mNOTICE[0m] Download complete: /media/data/Workspace/retro/games/ac.jsdos

10/06 22:10:44 [[1;32mNOTICE[0m] Download complete: /media/data/Workspace/retro/games/alife_cd.jsdos

10/06 22:10:44 [[1;32mNOTICE[0m] Download complete: /media/data/Workspace/retro/games/aow.jsdos

10/06 22:10:44 [[1;32mNOTICE[0m] Download complete: /media/data/Workspace/retro/games/acac.jsdos

10/06 22:10:44 [[1;32mNOTICE[0m] Download complete: /media/data/Workspace/retro/games/armymen.jsdos
[DL:35MiB][#99afd4 8.0MiB/30MiB(26%)][#91fa0c 0B/0B][#7e2d3e 0B/0B][#48d754 0B/0B][#b7b496 0B/0B](+1)

10/06 22:10:45 [[1;32mNOTICE[0m] Download complete: /media/data/Workspace/retro/games/bgtos.jsdos

10/06 22:10:45 [[1;32mNOTICE[0m] Download complete: /media/data/Workspace/retro/games/aworld.jsdos

10/06 22:10:45 [[1;32mNOTICE[0m] Download complete: /media/data/Workspace/retro/games/aps.jsdos

10/06 22:10:45 [[1;32mNOTICE[0m] Download complete: /media/data/Workspace/retro/games/as2.jsdos

10/06 22:10:45 [[1;32mNOTICE[0m] Download complete: /media/data/Workspace/retro/games/armymen2.jsdos
[DL:47MiB][#99afd4 26MiB/30MiB(87%)][#60672e 0B/0B][#abe3b5 19MiB/127MiB(15%)][#96d614 3.7MiB/129MiB(2%)][#6718a1 2.9MiB/304MiB(0%)](+1)
[DL:58MiB][#99afd4 30MiB/30MiB(98%)][#60672e 10MiB/314MiB(3%)][#abe3b5 47MiB/127MiB(37%)][#96d614 17MiB/129MiB(13%)][#6718a1 4.8MiB/304MiB(1%)](+1)

10/06 22:10:47 [[1;32mNOTICE[0m] Download complete: /media/data/Workspace/retro/games/aitd3_cd.jsdos
[DL:67MiB][#60672e 27MiB/314MiB(8%)][#abe3b5 65MiB/127MiB(51%)][#96d614 19MiB/129MiB(14%)][#6718a1 7.6MiB/304MiB(2%)][#c91186 68MiB/490MiB(13%)](+1)
[DL:73MiB][#60672e 42MiB/314MiB(13%)][#abe3b5 81MiB/127MiB(64%)][#96d614 23MiB/129MiB(18%)][#6718a1 11MiB/304MiB(3%)][#c91186 121MiB/490MiB(24%)](+1)
[DL:77MiB][#60672e 45MiB/314MiB(14%)][#abe3b5 99MiB/127MiB(78%)][#96d614 31MiB/129MiB(24%)][#6718a1 18MiB/304MiB(6%)][#c91186 176MiB/490MiB(36%)](+1)
[DL:79MiB][#60672e 49MiB/314MiB(15%)][#abe3b5 113MiB/127MiB(88%)][#96d614 49MiB/129MiB(38%)][#6718a1 27MiB/304MiB(8%)][#c91186 216MiB/490MiB(44%)](+1)
[DL:81MiB][#60672e 55MiB/314MiB(17%)][#abe3b5 123MiB/127MiB(97%)][#96d614 67MiB/129MiB(52%)][#6718a1 39MiB/304MiB(12%)][#c91186 254MiB/490MiB(51%)](+1)
[DL:80MiB][#60672e 65MiB/314MiB(20%)][#abe3b5 125MiB/127MiB(98%)][#96d614 79MiB/129MiB(61%)][#6718a1 50MiB/304MiB(16%)][#c91186 287MiB/490MiB(58%)](+1)
[DL:83MiB][#60672e 81MiB/314MiB(25%)][#abe3b5 126MiB/127MiB(99%)][#96d614 96MiB/129MiB(74%)][#6718a1 65MiB/304MiB(21%)][#c91186 326MiB/490MiB(66%)](+1)

10/06 22:10:54 [[1;32mNOTICE[0m] Download complete: /media/data/Workspace/retro/games/bin/dos/images/ALIFE.DCD
[DL:89MiB][#60672e 90MiB/314MiB(28%)][#96d614 115MiB/129MiB(89%)][#6718a1 82MiB/304MiB(27%)][#c91186 347MiB/490MiB(70%)][#7db68a 67MiB/247MiB(27%)](+1)
[DL:91MiB][#60672e 98MiB/314MiB(31%)][#96d614 127MiB/129MiB(98%)][#6718a1 99MiB/304MiB(32%)][#c91186 366MiB/490MiB(74%)][#7db68a 90MiB/247MiB(36%)](+1)
[DL:92MiB][#60672e 109MiB/314MiB(34%)][#96d614 128MiB/129MiB(99%)][#6718a1 120MiB/304MiB(39%)][#c91186 386MiB/490MiB(78%)][#7db68a 120MiB/247MiB(48%)](+1)

10/06 22:10:57 [[1;32mNOTICE[0m] Download complete: /media/data/Workspace/retro/games/bin/dos/images/CAPPLUS.DCD
[DL:91MiB][#60672e 118MiB/314MiB(37%)][#6718a1 136MiB/304MiB(44%)][#c91186 402MiB/490MiB(82%)][#7db68a 141MiB/247MiB(57%)][#7fccf4 38MiB/195MiB(19%)](+1)
[DL:92MiB][#60672e 130MiB/314MiB(41%)][#6718a1 155MiB/304MiB(51%)][#c91186 423MiB/490MiB(86%)][#7db68a 165MiB/247MiB(67%)][#7fccf4 54MiB/195MiB(27%)](+1)
[DL:91MiB][#60672e 139MiB/314MiB(44%)][#6718a1 170MiB/304MiB(56%)][#c91186 438MiB/490MiB(89%)][#7db68a 182MiB/247MiB(73%)][#7fccf4 62MiB/195MiB(31%)](+1)
[DL:92MiB][#60672e 150MiB/314MiB(48%)][#6718a1 186MiB/304MiB(61%)][#c91186 455MiB/490MiB(92%)][#7db68a 201MiB/247MiB(81%)][#7fccf4 73MiB/195MiB(37%)](+1)
[DL:91MiB][#60672e 162MiB/314MiB(51%)][#6718a1 202MiB/304MiB(66%)][#c91186 467MiB/490MiB(95%)][#7db68a 219MiB/247MiB(88%)][#7fccf4 81MiB/195MiB(41%)](+1)
[DL:89MiB][#60672e 169MiB/314MiB(54%)][#6718a1 216MiB/304MiB(71%)][#c91186 478MiB/490MiB(97%)][#7db68a 232MiB/247MiB(94%)][#7fccf4 97MiB/195MiB(49%)](+1)
[DL:88MiB][#60672e 185MiB/314MiB(59%)][#6718a1 233MiB/304MiB(76%)][#c91186 484MiB/490MiB(98%)][#7db68a 244MiB/247MiB(98%)][#7fccf4 107MiB/195MiB(55%)](+1)
[DL:88MiB][#60672e 210MiB/314MiB(67%)][#6718a1 249MiB/304MiB(81%)][#c91186 489MiB/490MiB(99%)][#7db68a 246MiB/247MiB(99%)][#7fccf4 128MiB/195MiB(65%)](+1)

10/06 22:11:05 [[1;32mNOTICE[0m] Download complete: /media/data/Workspace/retro/games/bin/dos/images/FALLOUT.DCD
[DL:88MiB][#60672e 230MiB/314MiB(73%)][#6718a1 271MiB/304MiB(89%)][#7db68a 247MiB/247MiB(99%)][#7fccf4 144MiB/195MiB(74%)][#4c4c2f 156MiB/630MiB(24%)](+1)

10/06 22:11:06 [[1;32mNOTICE[0m] Download complete: /media/data/Workspace/retro/games/bin/dos/images/SHCE.DCD
[DL:88MiB][#60672e 251MiB/314MiB(80%)][#6718a1 291MiB/304MiB(95%)][#7fccf4 163MiB/195MiB(83%)][#4c4c2f 183MiB/630MiB(29%)][#3fb193 2.6MiB/538MiB(0%)](+1)
[DL:88MiB][#60672e 266MiB/314MiB(84%)][#6718a1 302MiB/304MiB(99%)][#7fccf4 179MiB/195MiB(91%)][#4c4c2f 212MiB/630MiB(33%)][#3fb193 16MiB/538MiB(3%)](+1)
[DL:88MiB][#60672e 284MiB/314MiB(90%)][#6718a1 304MiB/304MiB(99%)][#7fccf4 191MiB/195MiB(97%)][#4c4c2f 241MiB/630MiB(38%)][#3fb193 35MiB/538MiB(6%)](+1)

10/06 22:11:09 [[1;32mNOTICE[0m] Download complete: /media/data/Workspace/retro/games/bin/dos/images/DKEEPER.DCD
[DL:89MiB][#60672e 301MiB/314MiB(95%)][#7fccf4 193MiB/195MiB(98%)][#4c4c2f 271MiB/630MiB(43%)][#3fb193 59MiB/538MiB(11%)][#b4669b 52MiB/235MiB(22%)](+1)
[DL:89MiB][#60672e 310MiB/314MiB(98%)][#7fccf4 193MiB/195MiB(98%)][#4c4c2f 291MiB/630MiB(46%)][#3fb193 78MiB/538MiB(14%)][#b4669b 72MiB/235MiB(30%)](+1)
[DL:90MiB][#60672e 313MiB/314MiB(99%)][#7fccf4 194MiB/195MiB(99%)][#4c4c2f 314MiB/630MiB(49%)][#3fb193 101MiB/538MiB(18%)][#b4669b 102MiB/235MiB(43%)](+1)

10/06 22:11:12 [[1;32mNOTICE[0m] Download complete: /media/data/Workspace/retro/games/bin/dos/images/AITD3.DCD
[DL:92MiB][#7fccf4 194MiB/195MiB(99%)][#4c4c2f 334MiB/630MiB(53%)][#3fb193 122MiB/538MiB(22%)][#b4669b 129MiB/235MiB(54%)][#91fafd 50MiB/328MiB(15%)](+1)
[DL:92MiB][#7fccf4 195MiB/195MiB(99%)][#4c4c2f 354MiB/630MiB(56%)][#3fb193 145MiB/538MiB(26%)][#b4669b 157MiB/235MiB(66%)][#91fafd 70MiB/328MiB(21%)](+1)

10/06 22:11:14 [[1;32mNOTICE[0m] Download complete: /media/data/Workspace/retro/games/bin/dos/images/SWARS.DCD
 *** Download Progress Summary as of Tue Oct  6 22:11:14 2026 *** 
===============================================================================
[#4c4c2f 368MiB/630MiB(58%) CN:8 DL:24MiB ETA:10s]
FILE: /media/data/Workspace/retro/games/bin/windows/images/disc/1602AD.DCD
-------------------------------------------------------------------------------
[#3fb193 166MiB/538MiB(30%) CN:8 DL:18MiB ETA:19s]
FILE: /media/data/Workspace/retro/games/bin/windows/images/disc/ACPP.DCD
-------------------------------------------------------------------------------
[#b4669b 182MiB/235MiB(77%) CN:8 DL:22MiB ETA:2s]
FILE: /media/data/Workspace/retro/games/bin/windows/images/disc/AOW.DCD
-------------------------------------------------------------------------------
[#91fafd 97MiB/328MiB(29%) CN:8 DL:18MiB ETA:12s]
FILE: /media/data/Workspace/retro/games/bin/windows/images/disc/ARMYMEN.DCD
-------------------------------------------------------------------------------
[#98be3f 4.6MiB/537MiB(0%) CN:8 DL:4.0MiB ETA:2m10s]
FILE: /media/data/Workspace/retro/games/bin/windows/images/disc/ARMYMEN2.DCD
-------------------------------------------------------------------------------
[#42d253 80KiB/683MiB(0%) CN:8 DL:876KiB ETA:13m18s]
FILE: /media/data/Workspace/retro/games/bin/windows/images/disc/BGTOS01.DCD
-------------------------------------------------------------------------------

[DL:93MiB][#4c4c2f 368MiB/630MiB(58%)][#3fb193 166MiB/538MiB(30%)][#b4669b 182MiB/235MiB(77%)][#91fafd 97MiB/328MiB(29%)][#98be3f 4.6MiB/537MiB(0%)](+1)
[DL:93MiB][#4c4c2f 386MiB/630MiB(61%)][#3fb193 186MiB/538MiB(34%)][#b4669b 204MiB/235MiB(86%)][#91fafd 120MiB/328MiB(36%)][#98be3f 11MiB/537MiB(2%)](+1)
[DL:93MiB][#4c4c2f 401MiB/630MiB(63%)][#3fb193 204MiB/538MiB(37%)][#b4669b 222MiB/235MiB(94%)][#91fafd 140MiB/328MiB(42%)][#98be3f 22MiB/537MiB(4%)](+1)
[DL:93MiB][#4c4c2f 420MiB/630MiB(66%)][#3fb193 225MiB/538MiB(41%)][#b4669b 233MiB/235MiB(98%)][#91fafd 157MiB/328MiB(47%)][#98be3f 33MiB/537MiB(6%)](+1)

10/06 22:11:18 [[1;32mNOTICE[0m] Download complete: /media/data/Workspace/retro/games/bin/windows/images/disc/AOW.DCD
[DL:88MiB][#4c4c2f 434MiB/630MiB(68%)][#3fb193 241MiB/538MiB(44%)][#91fafd 169MiB/328MiB(51%)][#98be3f 43MiB/537MiB(8%)][#42d253 40MiB/683MiB(5%)](+1)
[DL:92MiB][#4c4c2f 462MiB/630MiB(73%)][#3fb193 274MiB/538MiB(50%)][#91fafd 194MiB/328MiB(59%)][#98be3f 62MiB/537MiB(11%)][#42d253 64MiB/683MiB(9%)](+1)
[DL:88MiB][#4c4c2f 473MiB/630MiB(75%)][#3fb193 288MiB/538MiB(53%)][#91fafd 205MiB/328MiB(62%)][#98be3f 69MiB/537MiB(13%)][#42d253 74MiB/683MiB(10%)](+1)
[DL:84MiB][#4c4c2f 481MiB/630MiB(76%)][#3fb193 297MiB/538MiB(55%)][#91fafd 214MiB/328MiB(65%)][#98be3f 77MiB/537MiB(14%)][#42d253 81MiB/683MiB(11%)](+1)
[DL:80MiB][#4c4c2f 491MiB/630MiB(78%)][#3fb193 311MiB/538MiB(57%)][#91fafd 226MiB/328MiB(68%)][#98be3f 87MiB/537MiB(16%)][#42d253 92MiB/683MiB(13%)](+1)
[DL:80MiB][#4c4c2f 503MiB/630MiB(79%)][#3fb193 328MiB/538MiB(60%)][#91fafd 241MiB/328MiB(73%)][#98be3f 101MiB/537MiB(18%)][#42d253 104MiB/683MiB(15%)](+1)
[DL:78MiB][#4c4c2f 513MiB/630MiB(81%)][#3fb193 337MiB/538MiB(62%)][#91fafd 250MiB/328MiB(76%)][#98be3f 110MiB/537MiB(20%)][#42d253 114MiB/683MiB(16%)](+1)
[DL:77MiB][#4c4c2f 523MiB/630MiB(83%)][#3fb193 347MiB/538MiB(64%)][#91fafd 259MiB/328MiB(78%)][#98be3f 123MiB/537MiB(23%)][#42d253 123MiB/683MiB(17%)](+1)
[DL:76MiB][#4c4c2f 532MiB/630MiB(84%)][#3fb193 357MiB/538MiB(66%)][#91fafd 269MiB/328MiB(81%)][#98be3f 143MiB/537MiB(26%)][#42d253 130MiB/683MiB(19%)](+1)
[DL:77MiB][#4c4c2f 542MiB/630MiB(86%)][#3fb193 368MiB/538MiB(68%)][#91fafd 279MiB/328MiB(84%)][#98be3f 164MiB/537MiB(30%)][#42d253 137MiB/683MiB(20%)](+1)
[DL:75MiB][#4c4c2f 550MiB/630MiB(87%)][#3fb193 377MiB/538MiB(70%)][#91fafd 288MiB/328MiB(87%)][#98be3f 181MiB/537MiB(33%)][#42d253 143MiB/683MiB(21%)](+1)
[DL:76MiB][#4c4c2f 557MiB/630MiB(88%)][#3fb193 384MiB/538MiB(71%)][#91fafd 294MiB/328MiB(89%)][#98be3f 196MiB/537MiB(36%)][#42d253 149MiB/683MiB(21%)](+1)
[DL:82MiB][#4c4c2f 568MiB/630MiB(90%)][#3fb193 395MiB/538MiB(73%)][#91fafd 302MiB/328MiB(92%)][#98be3f 215MiB/537MiB(39%)][#42d253 156MiB/683MiB(22%)](+1)
[DL:86MiB][#4c4c2f 577MiB/630MiB(91%)][#3fb193 407MiB/538MiB(75%)][#91fafd 311MiB/328MiB(94%)][#98be3f 235MiB/537MiB(43%)][#42d253 165MiB/683MiB(24%)](+1)
[DL:87MiB][#4c4c2f 586MiB/630MiB(93%)][#3fb193 422MiB/538MiB(78%)][#91fafd 322MiB/328MiB(98%)][#98be3f 254MiB/537MiB(47%)][#42d253 175MiB/683MiB(25%)](+1)
[DL:88MiB][#4c4c2f 597MiB/630MiB(94%)][#3fb193 437MiB/538MiB(81%)][#91fafd 327MiB/328MiB(99%)][#98be3f 265MiB/537MiB(49%)][#42d253 184MiB/683MiB(27%)](+1)

10/06 22:11:34 [[1;32mNOTICE[0m] Download complete: /media/data/Workspace/retro/games/bin/windows/images/disc/ARMYMEN.DCD
[DL:86MiB][#4c4c2f 607MiB/630MiB(96%)][#3fb193 450MiB/538MiB(83%)][#98be3f 280MiB/537MiB(52%)][#42d253 195MiB/683MiB(28%)][#b41f91 402MiB/698MiB(57%)](+1)
[DL:86MiB][#4c4c2f 618MiB/630MiB(98%)][#3fb193 465MiB/538MiB(86%)][#98be3f 294MiB/537MiB(54%)][#42d253 204MiB/683MiB(29%)][#b41f91 429MiB/698MiB(61%)](+1)
[DL:87MiB][#4c4c2f 624MiB/630MiB(99%)][#3fb193 480MiB/538MiB(89%)][#98be3f 309MiB/537MiB(57%)][#42d253 216MiB/683MiB(31%)][#b41f91 467MiB/698MiB(66%)](+1)
[DL:89MiB][#4c4c2f 626MiB/630MiB(99%)][#3fb193 497MiB/538MiB(92%)][#98be3f 324MiB/537MiB(60%)][#42d253 226MiB/683MiB(33%)][#b41f91 505MiB/698MiB(72%)](+1)
[DL:91MiB][#4c4c2f 628MiB/630MiB(99%)][#3fb193 517MiB/538MiB(96%)][#98be3f 343MiB/537MiB(63%)][#42d253 240MiB/683MiB(35%)][#b41f91 532MiB/698MiB(76%)](+1)
[DL:90MiB][#4c4c2f 629MiB/630MiB(99%)][#3fb193 534MiB/538MiB(99%)][#98be3f 360MiB/537MiB(67%)][#42d253 254MiB/683MiB(37%)][#b41f91 554MiB/698MiB(79%)](+1)

10/06 22:11:40 [[1;32mNOTICE[0m] Download complete: /media/data/Workspace/retro/games/bin/windows/images/disc/1602AD.DCD

10/06 22:11:40 [[1;32mNOTICE[0m] Download complete: /media/data/Workspace/retro/games/bin/windows/images/disc/ACPP.DCD
[DL:89MiB][#98be3f 384MiB/537MiB(71%)][#42d253 270MiB/683MiB(39%)][#b41f91 581MiB/698MiB(83%)][#e7a0f6 83MiB/704MiB(11%)][#823557 0B/0B](+1)
[DL:90MiB][#98be3f 408MiB/537MiB(76%)][#42d253 286MiB/683MiB(41%)][#b41f91 608MiB/698MiB(87%)][#e7a0f6 104MiB/704MiB(14%)][#823557 1.6MiB/444MiB(0%)](+1)
[DL:89MiB][#98be3f 426MiB/537MiB(79%)][#42d253 300MiB/683MiB(44%)][#b41f91 629MiB/698MiB(90%)][#e7a0f6 125MiB/704MiB(17%)][#823557 6.1MiB/444MiB(1%)](+1)
[DL:88MiB][#98be3f 446MiB/537MiB(83%)][#42d253 316MiB/683MiB(46%)][#b41f91 647MiB/698MiB(92%)][#e7a0f6 148MiB/704MiB(21%)][#823557 12MiB/444MiB(2%)](+1)
 *** Download Progress Summary as of Tue Oct  6 22:11:44 2026 *** 
===============================================================================
[#98be3f 468MiB/537MiB(87%) CN:8 DL:18MiB ETA:3s]
FILE: /media/data/Workspace/retro/games/bin/windows/images/disc/ARMYMEN2.DCD
-------------------------------------------------------------------------------
[#42d253 327MiB/683MiB(47%) CN:8 DL:13MiB ETA:26s]
FILE: /media/data/Workspace/retro/games/bin/windows/images/disc/BGTOS01.DCD
-------------------------------------------------------------------------------
[#b41f91 662MiB/698MiB(94%) CN:8 DL:26MiB ETA:1s]
FILE: /media/data/Workspace/retro/games/bin/windows/images/disc/BGTOS02.DCD
-------------------------------------------------------------------------------
[#e7a0f6 168MiB/704MiB(23%) CN:8 DL:17MiB ETA:31s]
FILE: /media/data/Workspace/retro/games/bin/windows/images/disc/BGTOS03.DCD
-------------------------------------------------------------------------------
[#823557 19MiB/444MiB(4%) CN:8 DL:5.9MiB ETA:1m11s]
FILE: /media/data/Workspace/retro/games/bin/windows/images/disc/BLADE1.DCD
-------------------------------------------------------------------------------
[#f8c668 34MiB/470MiB(7%) CN:8 DL:10MiB ETA:41s]
FILE: /media/data/Workspace/retro/games/bin/windows/images/disc/BLADE2.DCD
-------------------------------------------------------------------------------

[DL:91MiB][#98be3f 468MiB/537MiB(87%)][#42d253 327MiB/683MiB(47%)][#b41f91 662MiB/698MiB(94%)][#e7a0f6 168MiB/704MiB(23%)][#823557 19MiB/444MiB(4%)](+1)
[DL:92MiB][#98be3f 492MiB/537MiB(91%)][#42d253 339MiB/683MiB(49%)][#b41f91 678MiB/698MiB(97%)][#e7a0f6 185MiB/704MiB(26%)][#823557 27MiB/444MiB(6%)](+1)
[DL:93MiB][#98be3f 511MiB/537MiB(95%)][#42d253 354MiB/683MiB(51%)][#b41f91 692MiB/698MiB(99%)][#e7a0f6 208MiB/704MiB(29%)][#823557 37MiB/444MiB(8%)](+1)
[DL:92MiB][#98be3f 527MiB/537MiB(98%)][#42d253 368MiB/683MiB(53%)][#b41f91 698MiB/698MiB(99%)][#e7a0f6 235MiB/704MiB(33%)][#823557 47MiB/444MiB(10%)](+1)

10/06 22:11:48 [[1;32mNOTICE[0m] Download complete: /media/data/Workspace/retro/games/bin/windows/images/disc/BGTOS02.DCD
[DL:88MiB][#98be3f 532MiB/537MiB(99%)][#42d253 379MiB/683MiB(55%)][#e7a0f6 255MiB/704MiB(36%)][#823557 56MiB/444MiB(12%)][#f8c668 101MiB/470MiB(21%)](+1)

10/06 22:11:49 [[1;32mNOTICE[0m] Download complete: /media/data/Workspace/retro/games/bin/windows/images/disc/ARMYMEN2.DCD
[DL:89MiB][#42d253 398MiB/683MiB(58%)][#e7a0f6 280MiB/704MiB(39%)][#823557 71MiB/444MiB(16%)][#f8c668 125MiB/470MiB(26%)][#74a944 2.9MiB/448MiB(0%)](+1)

10/06 22:11:50 [[1;31mERROR[0m] CUID#178 - Download aborted. URI=https://cf.ommv.net/bin/windows/images/disc/BGTOS03.DCD
Exception: [AbstractCommand.cc:351] errorCode=1 URI=https://cf.ommv.net/bin/windows/images/disc/BGTOS03.DCD
  -> [SocketCore.cc:1019] errorCode=1 SSL/TLS handshake failure: The TLS connection was non-properly terminated.
[DL:89MiB][#42d253 416MiB/683MiB(60%)][#e7a0f6 307MiB/704MiB(43%)][#823557 86MiB/444MiB(19%)][#f8c668 149MiB/470MiB(31%)][#74a944 6.1MiB/448MiB(1%)](+1)
[DL:90MiB][#42d253 438MiB/683MiB(64%)][#e7a0f6 336MiB/704MiB(47%)][#823557 103MiB/444MiB(23%)][#f8c668 177MiB/470MiB(37%)][#74a944 10MiB/448MiB(2%)](+1)
[DL:90MiB][#42d253 456MiB/683MiB(66%)][#e7a0f6 360MiB/704MiB(51%)][#823557 118MiB/444MiB(26%)][#f8c668 200MiB/470MiB(42%)][#74a944 13MiB/448MiB(3%)](+1)

10/06 22:11:53 [[1;31mERROR[0m] CUID#206 - Download aborted. URI=https://cf.ommv.net/bin/windows/images/disc/BLADE3.DCD
Exception: [AbstractCommand.cc:351] errorCode=1 URI=https://cf.ommv.net/bin/windows/images/disc/BLADE3.DCD
  -> [SocketCore.cc:1019] errorCode=1 SSL/TLS handshake failure: Error in the pull function.
[DL:89MiB][#42d253 471MiB/683MiB(68%)][#e7a0f6 386MiB/704MiB(54%)][#823557 132MiB/444MiB(29%)][#f8c668 220MiB/470MiB(46%)][#74a944 19MiB/448MiB(4%)](+1)
[DL:90MiB][#42d253 488MiB/683MiB(71%)][#e7a0f6 415MiB/704MiB(58%)][#823557 149MiB/444MiB(33%)][#f8c668 236MiB/470MiB(50%)][#74a944 30MiB/448MiB(6%)](+1)
[DL:90MiB][#42d253 504MiB/683MiB(73%)][#e7a0f6 439MiB/704MiB(62%)][#823557 164MiB/444MiB(37%)][#f8c668 254MiB/470MiB(54%)][#74a944 40MiB/448MiB(9%)](+1)
[DL:91MiB][#42d253 520MiB/683MiB(76%)][#e7a0f6 460MiB/704MiB(65%)][#823557 179MiB/444MiB(40%)][#f8c668 273MiB/470MiB(58%)][#74a944 50MiB/448MiB(11%)](+1)
[DL:94MiB][#42d253 537MiB/683MiB(78%)][#e7a0f6 481MiB/704MiB(68%)][#823557 193MiB/444MiB(43%)][#f8c668 293MiB/470MiB(62%)][#74a944 63MiB/448MiB(14%)](+1)
[DL:95MiB][#42d253 550MiB/683MiB(80%)][#e7a0f6 498MiB/704MiB(70%)][#823557 207MiB/444MiB(46%)][#f8c668 309MiB/470MiB(65%)][#74a944 76MiB/448MiB(17%)](+1)
[DL:95MiB][#42d253 563MiB/683MiB(82%)][#e7a0f6 514MiB/704MiB(72%)][#823557 219MiB/444MiB(49%)][#f8c668 322MiB/470MiB(68%)][#74a944 89MiB/448MiB(19%)](+1)
[DL:95MiB][#42d253 576MiB/683MiB(84%)][#e7a0f6 530MiB/704MiB(75%)][#823557 229MiB/444MiB(51%)][#f8c668 337MiB/470MiB(71%)][#74a944 100MiB/448MiB(22%)](+1)
[DL:95MiB][#42d253 592MiB/683MiB(86%)][#e7a0f6 548MiB/704MiB(77%)][#823557 240MiB/444MiB(54%)][#f8c668 351MiB/470MiB(74%)][#74a944 112MiB/448MiB(24%)](+1)
[DL:94MiB][#42d253 606MiB/683MiB(88%)][#e7a0f6 562MiB/704MiB(79%)][#823557 252MiB/444MiB(56%)][#f8c668 363MiB/470MiB(77%)][#74a944 123MiB/448MiB(27%)](+1)
[DL:95MiB][#42d253 623MiB/683MiB(91%)][#e7a0f6 579MiB/704MiB(82%)][#823557 266MiB/444MiB(59%)][#f8c668 377MiB/470MiB(80%)][#74a944 139MiB/448MiB(31%)](+1)
[DL:94MiB][#42d253 636MiB/683MiB(93%)][#e7a0f6 594MiB/704MiB(84%)][#823557 277MiB/444MiB(62%)][#f8c668 387MiB/470MiB(82%)][#74a944 152MiB/448MiB(33%)](+1)

10/06 22:12:05 [[1;31mERROR[0m] CUID#183 - Download aborted. URI=https://cf.ommv.net/bin/windows/images/disc/BLADE2.DCD
Exception: [AbstractCommand.cc:351] errorCode=1 URI=https://cf.ommv.net/bin/windows/images/disc/BLADE2.DCD
  -> [SocketCore.cc:1019] errorCode=1 SSL/TLS handshake failure: Error in the pull function.
[DL:94MiB][#42d253 653MiB/683MiB(95%)][#e7a0f6 614MiB/704MiB(87%)][#823557 291MiB/444MiB(65%)][#f8c668 402MiB/470MiB(85%)][#74a944 168MiB/448MiB(37%)](+1)
[DL:95MiB][#42d253 665MiB/683MiB(97%)][#e7a0f6 634MiB/704MiB(89%)][#823557 307MiB/444MiB(69%)][#f8c668 416MiB/470MiB(88%)][#74a944 185MiB/448MiB(41%)](+1)
[DL:93MiB][#42d253 675MiB/683MiB(98%)][#e7a0f6 649MiB/704MiB(92%)][#823557 324MiB/444MiB(73%)][#f8c668 432MiB/470MiB(91%)][#74a944 203MiB/448MiB(45%)](+1)
[DL:94MiB][#42d253 680MiB/683MiB(99%)][#e7a0f6 672MiB/704MiB(95%)][#823557 342MiB/444MiB(77%)][#f8c668 449MiB/470MiB(95%)][#74a944 223MiB/448MiB(49%)](+1)
[DL:93MiB][#42d253 682MiB/683MiB(99%)][#e7a0f6 692MiB/704MiB(98%)][#823557 363MiB/444MiB(81%)][#f8c668 466MiB/470MiB(99%)][#74a944 240MiB/448MiB(53%)](+1)

10/06 22:12:10 [[1;32mNOTICE[0m] Download complete: /media/data/Workspace/retro/games/bin/windows/images/disc/BLADE2.DCD

10/06 22:12:10 [[1;32mNOTICE[0m] Download complete: /media/data/Workspace/retro/games/bin/windows/images/disc/BGTOS01.DCD
[DL:92MiB][#e7a0f6 702MiB/704MiB(99%)][#823557 387MiB/444MiB(87%)][#74a944 264MiB/448MiB(58%)][#516302 332MiB/427MiB(77%)][#c79a0f 0B/0B](+1)
[DL:92MiB][#e7a0f6 703MiB/704MiB(99%)][#823557 418MiB/444MiB(94%)][#74a944 306MiB/448MiB(68%)][#516302 354MiB/427MiB(82%)][#c79a0f 2.5MiB/367MiB(0%)](+1)

10/06 22:12:12 [[1;32mNOTICE[0m] Download complete: /media/data/Workspace/retro/games/bin/windows/images/disc/BGTOS03.DCD
[DL:92MiB][#823557 437MiB/444MiB(98%)][#74a944 340MiB/448MiB(75%)][#516302 373MiB/427MiB(87%)][#c79a0f 15MiB/367MiB(4%)][#ae245a 10MiB/336MiB(3%)](+1)

10/06 22:12:13 [[1;32mNOTICE[0m] GID#4f568544ea2a84c9 - Download has already completed: /media/data/Workspace/retro/games/bin/windows/images/disc/CMDOBEL.DCD

10/06 22:12:13 [[1;32mNOTICE[0m] Download complete: /media/data/Workspace/retro/games/bin/windows/images/disc/CMDOBEL.DCD
[DL:93MiB][#823557 443MiB/444MiB(99%)][#74a944 368MiB/448MiB(82%)][#516302 391MiB/427MiB(91%)][#c79a0f 39MiB/367MiB(10%)][#ae245a 28MiB/336MiB(8%)](+1)

10/06 22:12:14 [[1;32mNOTICE[0m] Download complete: /media/data/Workspace/retro/games/bin/windows/images/disc/BLADE1.DCD
[DL:92MiB][#74a944 390MiB/448MiB(86%)][#516302 407MiB/427MiB(95%)][#c79a0f 68MiB/367MiB(18%)][#ae245a 48MiB/336MiB(14%)][#e17c1d 2.8MiB/489MiB(0%)](+1)
 *** Download Progress Summary as of Tue Oct  6 22:12:15 2026 *** 
===============================================================================
[#74a944 409MiB/448MiB(91%) CN:7 DL:24MiB ETA:1s]
FILE: /media/data/Workspace/retro/games/bin/windows/images/disc/BLADE3.DCD
-------------------------------------------------------------------------------
[#516302 424MiB/427MiB(99%) CN:5 DL:15MiB]
FILE: /media/data/Workspace/retro/games/bin/windows/images/disc/BLADE4.DCD
-------------------------------------------------------------------------------
[#c79a0f 98MiB/367MiB(26%) CN:8 DL:21MiB ETA:12s]
FILE: /media/data/Workspace/retro/games/bin/windows/images/disc/CIV2.DCD
-------------------------------------------------------------------------------
[#ae245a 70MiB/336MiB(20%) CN:8 DL:16MiB ETA:16s]
FILE: /media/data/Workspace/retro/games/bin/windows/images/disc/CIV2TOT.DCD
-------------------------------------------------------------------------------
[#e17c1d 7.5MiB/489MiB(1%) CN:8 DL:3.9MiB ETA:2m]
FILE: /media/data/Workspace/retro/games/bin/windows/images/disc/DK2.DCD
-------------------------------------------------------------------------------
[#8fd54a 3.3MiB/230MiB(1%) CN:8 DL:3.6MiB ETA:1m2s]
FILE: /media/data/Workspace/retro/games/bin/windows/images/disc/LEGOCHESS.DCD
-------------------------------------------------------------------------------

[DL:91MiB][#74a944 409MiB/448MiB(91%)][#516302 424MiB/427MiB(99%)][#c79a0f 98MiB/367MiB(26%)][#ae245a 70MiB/336MiB(20%)][#e17c1d 7.5MiB/489MiB(1%)](+1)
[DL:92MiB][#74a944 426MiB/448MiB(95%)][#516302 427MiB/427MiB(99%)][#c79a0f 128MiB/367MiB(35%)][#ae245a 91MiB/336MiB(27%)][#e17c1d 14MiB/489MiB(3%)](+1)

10/06 22:12:17 [[1;32mNOTICE[0m] Download complete: /media/data/Workspace/retro/games/bin/windows/images/disc/BLADE4.DCD
[DL:90MiB][#74a944 440MiB/448MiB(98%)][#c79a0f 156MiB/367MiB(42%)][#ae245a 114MiB/336MiB(34%)][#e17c1d 24MiB/489MiB(4%)][#8fd54a 25MiB/230MiB(11%)](+1)
[DL:91MiB][#74a944 447MiB/448MiB(99%)][#c79a0f 177MiB/367MiB(48%)][#ae245a 144MiB/336MiB(42%)][#e17c1d 36MiB/489MiB(7%)][#8fd54a 40MiB/230MiB(17%)](+1)
[DL:92MiB][#74a944 448MiB/448MiB(99%)][#c79a0f 194MiB/367MiB(53%)][#ae245a 169MiB/336MiB(50%)][#e17c1d 48MiB/489MiB(9%)][#8fd54a 53MiB/230MiB(23%)](+1)
[DL:92MiB][#74a944 448MiB/448MiB(99%)][#c79a0f 224MiB/367MiB(61%)][#ae245a 186MiB/336MiB(55%)][#e17c1d 60MiB/489MiB(12%)][#8fd54a 67MiB/230MiB(29%)](+1)
[DL:92MiB][#74a944 448MiB/448MiB(99%)][#c79a0f 250MiB/367MiB(68%)][#ae245a 203MiB/336MiB(60%)][#e17c1d 76MiB/489MiB(15%)][#8fd54a 80MiB/230MiB(34%)](+1)
[DL:93MiB][#74a944 448MiB/448MiB(99%)][#c79a0f 276MiB/367MiB(75%)][#ae245a 225MiB/336MiB(66%)][#e17c1d 93MiB/489MiB(19%)][#8fd54a 96MiB/230MiB(41%)](+1)
[DL:93MiB][#74a944 448MiB/448MiB(99%)][#c79a0f 299MiB/367MiB(81%)][#ae245a 244MiB/336MiB(72%)][#e17c1d 109MiB/489MiB(22%)][#8fd54a 108MiB/230MiB(47%)](+1)
[DL:92MiB][#74a944 448MiB/448MiB(99%)][#c79a0f 323MiB/367MiB(88%)][#ae245a 262MiB/336MiB(78%)][#e17c1d 124MiB/489MiB(25%)][#8fd54a 120MiB/230MiB(52%)](+1)
[DL:93MiB][#74a944 448MiB/448MiB(99%)][#c79a0f 347MiB/367MiB(94%)][#ae245a 283MiB/336MiB(84%)][#e17c1d 142MiB/489MiB(28%)][#8fd54a 136MiB/230MiB(59%)](+1)
[DL:94MiB][#74a944 448MiB/448MiB(99%)][#c79a0f 364MiB/367MiB(99%)][#ae245a 308MiB/336MiB(91%)][#e17c1d 161MiB/489MiB(32%)][#8fd54a 153MiB/230MiB(66%)](+1)

10/06 22:12:27 [[1;32mNOTICE[0m] Download complete: /media/data/Workspace/retro/games/bin/windows/images/disc/BLADE3.DCD
[DL:94MiB][#c79a0f 367MiB/367MiB(99%)][#ae245a 328MiB/336MiB(97%)][#e17c1d 183MiB/489MiB(37%)][#8fd54a 171MiB/230MiB(74%)][#fdbf54 198MiB/427MiB(46%)](+1)

10/06 22:12:27 [[1;32mNOTICE[0m] Download complete: /media/data/Workspace/retro/games/bin/windows/images/disc/CIV2.DCD
[DL:94MiB][#ae245a 335MiB/336MiB(99%)][#e17c1d 209MiB/489MiB(42%)][#8fd54a 193MiB/230MiB(83%)][#fdbf54 224MiB/427MiB(52%)][#48cadd 7.2MiB/490MiB(1%)](+1)

10/06 22:12:29 [[1;32mNOTICE[0m] Download complete: /media/data/Workspace/retro/games/bin/windows/images/disc/CIV2TOT.DCD
[DL:94MiB][#e17c1d 239MiB/489MiB(48%)][#8fd54a 211MiB/230MiB(91%)][#fdbf54 246MiB/427MiB(57%)][#48cadd 22MiB/490MiB(4%)][#381ea8 5.6MiB/377MiB(1%)](+1)
[DL:94MiB][#e17c1d 266MiB/489MiB(54%)][#8fd54a 226MiB/230MiB(98%)][#fdbf54 264MiB/427MiB(61%)][#48cadd 46MiB/490MiB(9%)][#381ea8 12MiB/377MiB(3%)](+1)

10/06 22:12:31 [[1;32mNOTICE[0m] Download complete: /media/data/Workspace/retro/games/bin/windows/images/disc/LEGOCHESS.DCD
[DL:93MiB][#e17c1d 294MiB/489MiB(60%)][#fdbf54 282MiB/427MiB(66%)][#48cadd 76MiB/490MiB(15%)][#381ea8 27MiB/377MiB(7%)][#cb16ee 3.5MiB/324MiB(1%)](+1)
[DL:93MiB][#e17c1d 315MiB/489MiB(64%)][#fdbf54 295MiB/427MiB(69%)][#48cadd 108MiB/490MiB(22%)][#381ea8 45MiB/377MiB(12%)][#cb16ee 10MiB/324MiB(3%)](+1)
[DL:92MiB][#e17c1d 331MiB/489MiB(67%)][#fdbf54 305MiB/427MiB(71%)][#48cadd 132MiB/490MiB(27%)][#381ea8 63MiB/377MiB(16%)][#cb16ee 16MiB/324MiB(5%)](+1)
[DL:92MiB][#e17c1d 348MiB/489MiB(71%)][#fdbf54 315MiB/427MiB(73%)][#48cadd 163MiB/490MiB(33%)][#381ea8 82MiB/377MiB(21%)][#cb16ee 26MiB/324MiB(8%)](+1)
[DL:91MiB][#e17c1d 363MiB/489MiB(74%)][#fdbf54 325MiB/427MiB(76%)][#48cadd 189MiB/490MiB(38%)][#381ea8 101MiB/377MiB(27%)][#cb16ee 37MiB/324MiB(11%)](+1)
[DL:92MiB][#e17c1d 379MiB/489MiB(77%)][#fdbf54 333MiB/427MiB(78%)][#48cadd 219MiB/490MiB(44%)][#381ea8 122MiB/377MiB(32%)][#cb16ee 49MiB/324MiB(15%)](+1)
[DL:93MiB][#e17c1d 395MiB/489MiB(80%)][#fdbf54 341MiB/427MiB(79%)][#48cadd 249MiB/490MiB(50%)][#381ea8 142MiB/377MiB(37%)][#cb16ee 59MiB/324MiB(18%)](+1)
[DL:94MiB][#e17c1d 414MiB/489MiB(84%)][#fdbf54 350MiB/427MiB(81%)][#48cadd 274MiB/490MiB(55%)][#381ea8 165MiB/377MiB(43%)][#cb16ee 72MiB/324MiB(22%)](+1)
[DL:93MiB][#e17c1d 427MiB/489MiB(87%)][#fdbf54 358MiB/427MiB(83%)][#48cadd 284MiB/490MiB(58%)][#381ea8 190MiB/377MiB(50%)][#cb16ee 88MiB/324MiB(27%)](+1)
[DL:93MiB][#e17c1d 439MiB/489MiB(89%)][#fdbf54 368MiB/427MiB(86%)][#48cadd 299MiB/490MiB(61%)][#381ea8 210MiB/377MiB(55%)][#cb16ee 102MiB/324MiB(31%)](+1)
[DL:93MiB][#e17c1d 451MiB/489MiB(92%)][#fdbf54 378MiB/427MiB(88%)][#48cadd 322MiB/490MiB(65%)][#381ea8 230MiB/377MiB(61%)][#cb16ee 114MiB/324MiB(35%)](+1)
[DL:93MiB][#e17c1d 464MiB/489MiB(94%)][#fdbf54 386MiB/427MiB(90%)][#48cadd 342MiB/490MiB(69%)][#381ea8 251MiB/377MiB(66%)][#cb16ee 127MiB/324MiB(39%)](+1)
[DL:94MiB][#e17c1d 479MiB/489MiB(97%)][#fdbf54 396MiB/427MiB(92%)][#48cadd 361MiB/490MiB(73%)][#381ea8 270MiB/377MiB(71%)][#cb16ee 141MiB/324MiB(43%)](+1)
[DL:93MiB][#e17c1d 487MiB/489MiB(99%)][#fdbf54 408MiB/427MiB(95%)][#48cadd 374MiB/490MiB(76%)][#381ea8 288MiB/377MiB(76%)][#cb16ee 156MiB/324MiB(48%)](+1)

10/06 22:12:45 [[1;32mNOTICE[0m] Download complete: /media/data/Workspace/retro/games/bin/windows/images/disc/DK2.DCD
[DL:94MiB][#fdbf54 421MiB/427MiB(98%)][#48cadd 395MiB/490MiB(80%)][#381ea8 314MiB/377MiB(83%)][#cb16ee 174MiB/324MiB(53%)][#1ed7e7 178MiB/444MiB(40%)](+1)
 *** Download Progress Summary as of Tue Oct  6 22:12:46 2026 *** 
===============================================================================
[#fdbf54 425MiB/427MiB(99%) CN:2 DL:9.2MiB]
FILE: /media/data/Workspace/retro/games/bin/windows/images/disc/MDK2.DCD
-------------------------------------------------------------------------------
[#48cadd 409MiB/490MiB(83%) CN:8 DL:19MiB ETA:4s]
FILE: /media/data/Workspace/retro/games/bin/windows/images/disc/MSCASINO.DCD
-------------------------------------------------------------------------------
[#381ea8 330MiB/377MiB(87%) CN:8 DL:21MiB ETA:2s]
FILE: /media/data/Workspace/retro/games/bin/windows/images/disc/PST02.DCD
-------------------------------------------------------------------------------
[#cb16ee 195MiB/324MiB(60%) CN:8 DL:14MiB ETA:8s]
FILE: /media/data/Workspace/retro/games/bin/windows/images/disc/PST03.DCD
-------------------------------------------------------------------------------
[#1ed7e7 195MiB/444MiB(44%) CN:8 DL:16MiB ETA:15s]
FILE: /media/data/Workspace/retro/games/bin/windows/images/disc/PST04.DCD
-------------------------------------------------------------------------------
[#29d501 6.8MiB/529MiB(1%) CN:8 DL:9.4MiB ETA:55s]
FILE: /media/data/Workspace/retro/games/bin/windows/images/disc/RT2P.DCD
-------------------------------------------------------------------------------

[DL:92MiB][#fdbf54 425MiB/427MiB(99%)][#48cadd 409MiB/490MiB(83%)][#381ea8 330MiB/377MiB(87%)][#cb16ee 195MiB/324MiB(60%)][#1ed7e7 195MiB/444MiB(44%)](+1)
[DL:91MiB][#fdbf54 425MiB/427MiB(99%)][#48cadd 422MiB/490MiB(86%)][#381ea8 348MiB/377MiB(92%)][#cb16ee 216MiB/324MiB(66%)][#1ed7e7 214MiB/444MiB(48%)](+1)
[DL:89MiB][#fdbf54 425MiB/427MiB(99%)][#48cadd 432MiB/490MiB(88%)][#381ea8 363MiB/377MiB(96%)][#cb16ee 235MiB/324MiB(72%)][#1ed7e7 230MiB/444MiB(51%)](+1)
[DL:89MiB][#fdbf54 425MiB/427MiB(99%)][#48cadd 445MiB/490MiB(90%)][#381ea8 375MiB/377MiB(99%)][#cb16ee 253MiB/324MiB(78%)][#1ed7e7 246MiB/444MiB(55%)](+1)

10/06 22:12:50 [[1;32mNOTICE[0m] Download complete: /media/data/Workspace/retro/games/bin/windows/images/disc/PST02.DCD
[DL:89MiB][#fdbf54 425MiB/427MiB(99%)][#48cadd 460MiB/490MiB(93%)][#cb16ee 274MiB/324MiB(84%)][#1ed7e7 265MiB/444MiB(59%)][#29d501 109MiB/529MiB(20%)](+1)
[DL:89MiB][#fdbf54 425MiB/427MiB(99%)][#48cadd 472MiB/490MiB(96%)][#cb16ee 290MiB/324MiB(89%)][#1ed7e7 285MiB/444MiB(64%)][#29d501 142MiB/529MiB(26%)](+1)
[DL:90MiB][#fdbf54 425MiB/427MiB(99%)][#48cadd 478MiB/490MiB(97%)][#cb16ee 308MiB/324MiB(95%)][#1ed7e7 305MiB/444MiB(68%)][#29d501 176MiB/529MiB(33%)](+1)
[DL:89MiB][#fdbf54 425MiB/427MiB(99%)][#48cadd 485MiB/490MiB(99%)][#cb16ee 320MiB/324MiB(98%)][#1ed7e7 323MiB/444MiB(72%)][#29d501 206MiB/529MiB(39%)](+1)

10/06 22:12:54 [[1;32mNOTICE[0m] Download complete: /media/data/Workspace/retro/games/bin/windows/images/disc/PST03.DCD
[DL:89MiB][#fdbf54 425MiB/427MiB(99%)][#48cadd 488MiB/490MiB(99%)][#1ed7e7 346MiB/444MiB(77%)][#29d501 245MiB/529MiB(46%)][#460163 80MiB/366MiB(21%)](+1)
[DL:90MiB][#fdbf54 425MiB/427MiB(99%)][#48cadd 488MiB/490MiB(99%)][#1ed7e7 374MiB/444MiB(84%)][#29d501 276MiB/529MiB(52%)][#460163 109MiB/366MiB(29%)](+1)
[DL:91MiB][#fdbf54 425MiB/427MiB(99%)][#48cadd 488MiB/490MiB(99%)][#1ed7e7 397MiB/444MiB(89%)][#29d501 305MiB/529MiB(57%)][#460163 137MiB/366MiB(37%)](+1)
[DL:93MiB][#fdbf54 425MiB/427MiB(99%)][#48cadd 488MiB/490MiB(99%)][#1ed7e7 413MiB/444MiB(92%)][#29d501 331MiB/529MiB(62%)][#460163 166MiB/366MiB(45%)](+1)
[DL:94MiB][#fdbf54 425MiB/427MiB(99%)][#48cadd 488MiB/490MiB(99%)][#1ed7e7 435MiB/444MiB(97%)][#29d501 359MiB/529MiB(67%)][#460163 201MiB/366MiB(55%)](+1)

10/06 22:12:59 [[1;32mNOTICE[0m] Download complete: /media/data/Workspace/retro/games/bin/windows/images/disc/MDK2.DCD
[DL:94MiB][#48cadd 488MiB/490MiB(99%)][#1ed7e7 443MiB/444MiB(99%)][#29d501 388MiB/529MiB(73%)][#460163 238MiB/366MiB(64%)][#5e2bb1 74MiB/205MiB(36%)](+1)

10/06 22:13:00 [[1;32mNOTICE[0m] Download complete: /media/data/Workspace/retro/games/bin/windows/images/disc/PST04.DCD
[DL:94MiB][#48cadd 488MiB/490MiB(99%)][#29d501 406MiB/529MiB(76%)][#460163 280MiB/366MiB(76%)][#5e2bb1 98MiB/205MiB(48%)][#fe496a 112KiB/173MiB(0%)](+1)
[DL:93MiB][#48cadd 488MiB/490MiB(99%)][#29d501 426MiB/529MiB(80%)][#460163 315MiB/366MiB(86%)][#5e2bb1 120MiB/205MiB(58%)][#fe496a 2.0MiB/173MiB(1%)](+1)
[DL:92MiB][#48cadd 488MiB/490MiB(99%)][#29d501 443MiB/529MiB(83%)][#460163 347MiB/366MiB(94%)][#5e2bb1 141MiB/205MiB(68%)][#fe496a 5.7MiB/173MiB(3%)](+1)
[DL:91MiB][#48cadd 488MiB/490MiB(99%)][#29d501 472MiB/529MiB(89%)][#460163 366MiB/366MiB(99%)][#5e2bb1 167MiB/205MiB(81%)][#fe496a 14MiB/173MiB(8%)](+1)

10/06 22:13:03 [[1;32mNOTICE[0m] Download complete: /media/data/Workspace/retro/games/bin/windows/images/disc/SMG.DCD
[DL:90MiB][#48cadd 488MiB/490MiB(99%)][#29d501 495MiB/529MiB(93%)][#5e2bb1 192MiB/205MiB(93%)][#fe496a 34MiB/173MiB(20%)][#091b2e 32MiB/36MiB(88%)](+1)

10/06 22:13:05 [[1;32mNOTICE[0m] Download complete: /media/data/Workspace/retro/games/bin/windows/images/disc/MSCASINO.DCD
[DL:90MiB][#29d501 519MiB/529MiB(98%)][#5e2bb1 204MiB/205MiB(99%)][#fe496a 61MiB/173MiB(35%)][#091b2e 36MiB/36MiB(98%)][#a1292b 23MiB/30MiB(79%)](+1)

10/06 22:13:05 [[1;32mNOTICE[0m] Download complete: /media/data/Workspace/retro/games/bin/windows/images/disc/SUBCULTURE.DCD

10/06 22:13:05 [[1;32mNOTICE[0m] Download complete: /media/data/Workspace/retro/games/bin/windows/images/game/1602AD.DCD

10/06 22:13:05 [[1;32mNOTICE[0m] Download complete: /media/data/Workspace/retro/games/bin/windows/images/game/ACPP.DCD

10/06 22:13:06 [[1;32mNOTICE[0m] Download complete: /media/data/Workspace/retro/games/bin/windows/images/disc/RT2P.DCD
[DL:87MiB][#fe496a 91MiB/173MiB(52%)][#04741e 19MiB/150MiB(12%)][#9fdd81 688KiB/20MiB(3%)][#acf4d5 0B/0B][#cdce33 96KiB/496MiB(0%)](+1)
[DL:86MiB][#fe496a 111MiB/173MiB(64%)][#04741e 63MiB/150MiB(42%)][#9fdd81 12MiB/20MiB(59%)][#acf4d5 4.6MiB/26MiB(17%)][#cdce33 3.0MiB/496MiB(0%)](+1)
[DL:86MiB][#fe496a 133MiB/173MiB(77%)][#04741e 100MiB/150MiB(66%)][#9fdd81 19MiB/20MiB(95%)][#acf4d5 14MiB/26MiB(52%)][#cdce33 14MiB/496MiB(2%)](+1)

10/06 22:13:09 [[1;32mNOTICE[0m] Download complete: /media/data/Workspace/retro/games/bin/windows/images/game/ARMYMEN.DCD
[DL:86MiB][#fe496a 155MiB/173MiB(89%)][#04741e 131MiB/150MiB(87%)][#acf4d5 24MiB/26MiB(91%)][#cdce33 30MiB/496MiB(6%)][#51cd9a 23MiB/29MiB(78%)](+1)

10/06 22:13:10 [[1;32mNOTICE[0m] Download complete: /media/data/Workspace/retro/games/bin/windows/images/game/ARMYMEN2.DCD

10/06 22:13:10 [[1;32mNOTICE[0m] Download complete: /media/data/Workspace/retro/games/bin/windows/images/game/BISTRO2TW.DCD
[DL:85MiB][#fe496a 172MiB/173MiB(99%)][#04741e 150MiB/150MiB(99%)][#cdce33 60MiB/496MiB(12%)][#52c784 6.8MiB/113MiB(6%)][#d202f3 0B/0B](+1)

10/06 22:13:10 [[1;32mNOTICE[0m] Download complete: /media/data/Workspace/retro/games/bin/windows/images/game/AOW.DCD

10/06 22:13:10 [[1;32mNOTICE[0m] Download complete: /media/data/Workspace/retro/games/bin/windows/images/disc/UW3.DCD

10/06 22:13:10 [[1;32mNOTICE[0m] GID#e04e0e1dc0fde81b - Download has already completed: /media/data/Workspace/retro/games/bin/windows/images/game/CMDOBEL.DCD

10/06 22:13:10 [[1;32mNOTICE[0m] Download complete: /media/data/Workspace/retro/games/bin/windows/images/game/CMDOBEL.DCD
[DL:86MiB][#cdce33 95MiB/496MiB(19%)][#52c784 38MiB/113MiB(33%)][#d202f3 9.7MiB/12MiB(78%)][#c4271a 2.5MiB/26MiB(9%)][#27966f 208KiB/271MiB(0%)](+1)

10/06 22:13:12 [[1;32mNOTICE[0m] Download complete: /media/data/Workspace/retro/games/bin/windows/images/game/CIV2.DCD
[DL:85MiB][#cdce33 122MiB/496MiB(24%)][#52c784 65MiB/113MiB(57%)][#c4271a 18MiB/26MiB(71%)][#27966f 3.5MiB/271MiB(1%)][#11540d 8.3MiB/12MiB(65%)](+1)
[DL:83MiB][#cdce33 147MiB/496MiB(29%)][#52c784 88MiB/113MiB(78%)][#c4271a 25MiB/26MiB(97%)][#27966f 13MiB/271MiB(4%)][#11540d 12MiB/12MiB(95%)](+1)

10/06 22:13:13 [[1;32mNOTICE[0m] Download complete: /media/data/Workspace/retro/games/bin/windows/images/game/CIV2TOT.DCD

10/06 22:13:13 [[1;32mNOTICE[0m] Download complete: /media/data/Workspace/retro/games/bin/windows/images/game/LEGOCHESS.DCD
[DL:84MiB][#cdce33 169MiB/496MiB(34%)][#52c784 105MiB/113MiB(92%)][#27966f 42MiB/271MiB(15%)][#35296c 25MiB/191MiB(13%)][#402308 0B/0B](+1)
[DL:86MiB][#cdce33 188MiB/496MiB(37%)][#52c784 112MiB/113MiB(99%)][#27966f 75MiB/271MiB(27%)][#35296c 52MiB/191MiB(27%)][#402308 3.3MiB/4.1MiB(80%)](+1)

10/06 22:13:15 [[1;32mNOTICE[0m] Download complete: /media/data/Workspace/retro/games/bin/windows/images/game/MSCASINO.DCD
[DL:87MiB][#cdce33 205MiB/496MiB(41%)][#52c784 113MiB/113MiB(99%)][#27966f 110MiB/271MiB(40%)][#35296c 78MiB/191MiB(41%)][#0541d1 14MiB/319MiB(4%)](+1)
 *** Download Progress Summary as of Tue Oct  6 22:13:17 2026 *** 
===============================================================================
[#cdce33 221MiB/496MiB(44%) CN:8 DL:22MiB ETA:12s]
FILE: /media/data/Workspace/retro/games/bin/windows/images/game/BGTOS.DCD
-------------------------------------------------------------------------------
[#52c784 113MiB/113MiB(99%) CN:1 DL:15MiB]
FILE: /media/data/Workspace/retro/games/bin/windows/images/game/BLADE.DCD
-------------------------------------------------------------------------------
[#27966f 140MiB/271MiB(51%) CN:8 DL:23MiB ETA:5s]
FILE: /media/data/Workspace/retro/games/bin/windows/images/game/DK2.DCD
-------------------------------------------------------------------------------
[#35296c 100MiB/191MiB(52%) CN:8 DL:22MiB ETA:3s]
FILE: /media/data/Workspace/retro/games/bin/windows/images/game/MDK2.DCD
-------------------------------------------------------------------------------
[#0541d1 28MiB/319MiB(9%) CN:8 DL:9.5MiB ETA:30s]
FILE: /media/data/Workspace/retro/games/bin/windows/images/game/PST.DCD
-------------------------------------------------------------------------------
[#7580da 12MiB/232MiB(5%) CN:8 DL:10MiB ETA:21s]
FILE: /media/data/Workspace/retro/games/bin/windows/images/game/RT2P.DCD
-------------------------------------------------------------------------------

[DL:87MiB][#cdce33 221MiB/496MiB(44%)][#52c784 113MiB/113MiB(99%)][#27966f 140MiB/271MiB(51%)][#35296c 100MiB/191MiB(52%)][#0541d1 28MiB/319MiB(9%)](+1)

10/06 22:13:17 [[1;32mNOTICE[0m] Download complete: /media/data/Workspace/retro/games/bin/windows/images/game/BLADE.DCD
[DL:86MiB][#cdce33 234MiB/496MiB(47%)][#27966f 161MiB/271MiB(59%)][#35296c 122MiB/191MiB(64%)][#0541d1 41MiB/319MiB(13%)][#7580da 27MiB/232MiB(11%)](+1)
[DL:87MiB][#cdce33 249MiB/496MiB(50%)][#27966f 186MiB/271MiB(68%)][#35296c 139MiB/191MiB(73%)][#0541d1 56MiB/319MiB(17%)][#7580da 45MiB/232MiB(19%)](+1)
[DL:88MiB][#cdce33 259MiB/496MiB(52%)][#27966f 210MiB/271MiB(77%)][#35296c 160MiB/191MiB(83%)][#0541d1 69MiB/319MiB(21%)][#7580da 62MiB/232MiB(26%)](+1)
[DL:88MiB][#cdce33 270MiB/496MiB(54%)][#27966f 230MiB/271MiB(84%)][#35296c 181MiB/191MiB(94%)][#0541d1 85MiB/319MiB(26%)][#7580da 79MiB/232MiB(34%)](+1)
[DL:90MiB][#cdce33 284MiB/496MiB(57%)][#27966f 254MiB/271MiB(93%)][#35296c 190MiB/191MiB(99%)][#0541d1 103MiB/319MiB(32%)][#7580da 99MiB/232MiB(43%)](+1)

10/06 22:13:22 [[1;32mNOTICE[0m] Download complete: /media/data/Workspace/retro/games/bin/windows/images/game/MDK2.DCD
[DL:92MiB][#cdce33 306MiB/496MiB(61%)][#27966f 270MiB/271MiB(99%)][#0541d1 132MiB/319MiB(41%)][#7580da 124MiB/232MiB(53%)][#d40126 10MiB/10MiB(95%)](+1)

10/06 22:13:23 [[1;32mNOTICE[0m] Download complete: /media/data/Workspace/retro/games/bin/windows/images/game/DK2.DCD

10/06 22:13:23 [[1;32mNOTICE[0m] Download complete: /media/data/Workspace/retro/games/bin/windows/images/game/SMG.DCD

10/06 22:13:23 [[1;32mNOTICE[0m] GID#0a5ad86ab0a290de - Download has already completed: /media/data/Workspace/retro/games/bin/windows/images/os/WIN95OSR2_CHT_OS.DCD

10/06 22:13:23 [[1;32mNOTICE[0m] Download complete: /media/data/Workspace/retro/games/bin/windows/images/os/WIN95OSR2_CHT_OS.DCD

10/06 22:13:24 [[1;32mNOTICE[0m] GID#2247a74abc105e69 - Download has already completed: /media/data/Workspace/retro/games/bin/windows/images/os/WIN95OSR2_EN_OS.DCD

10/06 22:13:24 [[1;32mNOTICE[0m] Download complete: /media/data/Workspace/retro/games/bin/windows/images/os/WIN95OSR2_EN_OS.DCD
[DL:91MiB][#cdce33 328MiB/496MiB(66%)][#0541d1 164MiB/319MiB(51%)][#7580da 149MiB/232MiB(64%)][#023d9a 16MiB/21MiB(73%)][#6c01b8 0B/0B](+1)

10/06 22:13:24 [[1;32mNOTICE[0m] Download complete: /media/data/Workspace/retro/games/bistro2tw.jsdos
[DL:91MiB][#cdce33 351MiB/496MiB(70%)][#0541d1 189MiB/319MiB(59%)][#7580da 174MiB/232MiB(75%)][#023d9a 18MiB/21MiB(83%)][#6c01b8 4.7MiB/46MiB(10%)](+1)

10/06 22:13:25 [[1;32mNOTICE[0m] Download complete: /media/data/Workspace/retro/games/blade.jsdos
[DL:91MiB][#cdce33 378MiB/496MiB(76%)][#0541d1 220MiB/319MiB(69%)][#7580da 199MiB/232MiB(85%)][#023d9a 19MiB/21MiB(91%)][#6c01b8 14MiB/46MiB(31%)](+1)

10/06 22:13:26 [[1;32mNOTICE[0m] Download complete: /media/data/Workspace/retro/games/bin/windows/images/game/SUBCULTURE.DCD
[DL:91MiB][#cdce33 397MiB/496MiB(79%)][#0541d1 250MiB/319MiB(78%)][#7580da 220MiB/232MiB(94%)][#6c01b8 29MiB/46MiB(63%)][#6fe827 464KiB/7.8MiB(5%)](+1)
[DL:90MiB][#cdce33 427MiB/496MiB(86%)][#0541d1 279MiB/319MiB(87%)][#7580da 231MiB/232MiB(99%)][#6c01b8 40MiB/46MiB(86%)][#6fe827 2.7MiB/7.8MiB(34%)](+1)

10/06 22:13:28 [[1;32mNOTICE[0m] Download complete: /media/data/Workspace/retro/games/bin/windows/images/game/RT2P.DCD

10/06 22:13:28 [[1;32mNOTICE[0m] Download complete: /media/data/Workspace/retro/games/civ2.jsdos

10/06 22:13:28 [[1;32mNOTICE[0m] GID#c0182af497b00589 - Download has already completed: /media/data/Workspace/retro/games/commandos.jsdos

10/06 22:13:28 [[1;32mNOTICE[0m] Download complete: /media/data/Workspace/retro/games/commandos.jsdos

10/06 22:13:29 [[1;32mNOTICE[0m] Download complete: /media/data/Workspace/retro/games/bin/windows/images/game/UW3.DCD
[DL:90MiB][#cdce33 457MiB/496MiB(92%)][#0541d1 315MiB/319MiB(98%)][#6fe827 7.0MiB/7.8MiB(89%)][#f64b42 3.8MiB/12MiB(30%)][#58eb9b 560KiB/59MiB(0%)](+1)

10/06 22:13:29 [[1;32mNOTICE[0m] Download complete: /media/data/Workspace/retro/games/capp_cd.jsdos

10/06 22:13:29 [[1;32mNOTICE[0m] Download complete: /media/data/Workspace/retro/games/civ2tot.jsdos

10/06 22:13:29 [[1;32mNOTICE[0m] Download complete: /media/data/Workspace/retro/games/bin/windows/images/game/PST.DCD

10/06 22:13:29 [[1;32mNOTICE[0m] Download complete: /media/data/Workspace/retro/games/fallout_cd.jsdos
[DL:89MiB][#cdce33 493MiB/496MiB(99%)][#58eb9b 32MiB/59MiB(54%)][#eae00a 496KiB/44MiB(1%)][#7fa611 896KiB/2.2MiB(38%)][#98c43d 0B/0B](+1)

10/06 22:13:30 [[1;32mNOTICE[0m] Download complete: /media/data/Workspace/retro/games/mdk2.jsdos

10/06 22:13:30 [[1;32mNOTICE[0m] Download complete: /media/data/Workspace/retro/games/legochess.jsdos

10/06 22:13:30 [[1;32mNOTICE[0m] Download complete: /media/data/Workspace/retro/games/rt2p.jsdos

10/06 22:13:30 [[1;32mNOTICE[0m] Download complete: /media/data/Workspace/retro/games/mscasino.jsdos

10/06 22:13:31 [[1;32mNOTICE[0m] Download complete: /media/data/Workspace/retro/games/bin/windows/images/game/BGTOS.DCD
[DL:86MiB][#58eb9b 58MiB/59MiB(98%)][#eae00a 25MiB/44MiB(57%)][#c4a27b 3.5MiB/5.5MiB(63%)][#50e5e6 0B/2.0MiB(0%)][#36a94f 0B/0B](+1)

10/06 22:13:31 [[1;32mNOTICE[0m] Download complete: /media/data/Workspace/retro/games/sc2000.jsdos

10/06 22:13:31 [[1;32mNOTICE[0m] Download complete: /media/data/Workspace/retro/games/pst.jsdos

10/06 22:13:31 [[1;32mNOTICE[0m] Download complete: /media/data/Workspace/retro/games/dk2.jsdos

10/06 22:13:31 [[1;32mNOTICE[0m] Download complete: /media/data/Workspace/retro/games/smg.jsdos

10/06 22:13:31 [[1;32mNOTICE[0m] Download complete: /media/data/Workspace/retro/games/subculture.jsdos

10/06 22:13:31 [[1;32mNOTICE[0m] Download complete: /media/data/Workspace/retro/games/dkeeper_cd.jsdos
[DL:80MiB][#36a94f 13MiB/14MiB(94%)][#8262e1 0.9MiB/31MiB(3%)][#927a08 0B/0B][#61bc0f 1.3MiB/4.6MiB(28%)][#a73c80 0B/0B]

10/06 22:13:32 [[1;32mNOTICE[0m] Download complete: /media/data/Workspace/retro/games/shce_cd.jsdos

10/06 22:13:32 [[1;32mNOTICE[0m] Download complete: /media/data/Workspace/retro/games/ttdx.jsdos

10/06 22:13:32 [[1;32mNOTICE[0m] Download complete: /media/data/Workspace/retro/games/uw3cht.jsdos

10/06 22:13:32 [[1;32mNOTICE[0m] Download complete: /media/data/Workspace/retro/games/tp.jsdos

10/06 22:13:33 [[1;32mNOTICE[0m] Download complete: /media/data/Workspace/retro/games/swars_cd.jsdos

Download Results:
gid   |stat|avg speed  |path/URI
======+====+===========+=======================================================
807745|OK  |    13MiB/s|/media/data/Workspace/retro/games/1602ad.jsdos
d6b3fa|OK  |    20MiB/s|/media/data/Workspace/retro/games/ac.jsdos
78f1e7|OK  |    22MiB/s|/media/data/Workspace/retro/games/alife_cd.jsdos
8e839f|OK  |    52MiB/s|/media/data/Workspace/retro/games/aow.jsdos
95d802|OK  |    17MiB/s|/media/data/Workspace/retro/games/acac.jsdos
9c5cff|OK  |    59MiB/s|/media/data/Workspace/retro/games/armymen.jsdos
21a0de|OK  |    38MiB/s|/media/data/Workspace/retro/games/bgtos.jsdos
b7b496|OK  |    50MiB/s|/media/data/Workspace/retro/games/aworld.jsdos
91fa0c|OK  |    42MiB/s|/media/data/Workspace/retro/games/aps.jsdos
48d754|OK  |   8.0MiB/s|/media/data/Workspace/retro/games/as2.jsdos
7e2d3e|OK  |   1.3MiB/s|/media/data/Workspace/retro/games/armymen2.jsdos
99afd4|OK  |    12MiB/s|/media/data/Workspace/retro/games/aitd3_cd.jsdos
abe3b5|OK  |    14MiB/s|/media/data/Workspace/retro/games/bin/dos/images/ALIFE.DCD
96d614|OK  |    11MiB/s|/media/data/Workspace/retro/games/bin/dos/images/CAPPLUS.DCD
c91186|OK  |    25MiB/s|/media/data/Workspace/retro/games/bin/dos/images/FALLOUT.DCD
7db68a|OK  |    13MiB/s|/media/data/Workspace/retro/games/bin/dos/images/SHCE.DCD
6718a1|OK  |    13MiB/s|/media/data/Workspace/retro/games/bin/dos/images/DKEEPER.DCD
60672e|OK  |    12MiB/s|/media/data/Workspace/retro/games/bin/dos/images/AITD3.DCD
7fccf4|OK  |    10MiB/s|/media/data/Workspace/retro/games/bin/dos/images/SWARS.DCD
b4669b|OK  |    19MiB/s|/media/data/Workspace/retro/games/bin/windows/images/disc/AOW.DCD
91fafd|OK  |    13MiB/s|/media/data/Workspace/retro/games/bin/windows/images/disc/ARMYMEN.DCD
4c4c2f|OK  |    14MiB/s|/media/data/Workspace/retro/games/bin/windows/images/disc/1602AD.DCD
3fb193|OK  |    15MiB/s|/media/data/Workspace/retro/games/bin/windows/images/disc/ACPP.DCD
b41f91|OK  |    24MiB/s|/media/data/Workspace/retro/games/bin/windows/images/disc/BGTOS02.DCD
98be3f|OK  |    14MiB/s|/media/data/Workspace/retro/games/bin/windows/images/disc/ARMYMEN2.DCD
f8c668|OK  |    16MiB/s|/media/data/Workspace/retro/games/bin/windows/images/disc/BLADE2.DCD
42d253|OK  |    12MiB/s|/media/data/Workspace/retro/games/bin/windows/images/disc/BGTOS01.DCD
e7a0f6|OK  |    18MiB/s|/media/data/Workspace/retro/games/bin/windows/images/disc/BGTOS03.DCD
4f5685|OK  |       0B/s|/media/data/Workspace/retro/games/bin/windows/images/disc/CMDOBEL.DCD
823557|OK  |    13MiB/s|/media/data/Workspace/retro/games/bin/windows/images/disc/BLADE1.DCD
516302|OK  |    16MiB/s|/media/data/Workspace/retro/games/bin/windows/images/disc/BLADE4.DCD
74a944|OK  |    11MiB/s|/media/data/Workspace/retro/games/bin/windows/images/disc/BLADE3.DCD
c79a0f|OK  |    22MiB/s|/media/data/Workspace/retro/games/bin/windows/images/disc/CIV2.DCD
ae245a|OK  |    19MiB/s|/media/data/Workspace/retro/games/bin/windows/images/disc/CIV2TOT.DCD
8fd54a|OK  |    13MiB/s|/media/data/Workspace/retro/games/bin/windows/images/disc/LEGOCHESS.DCD
e17c1d|OK  |    15MiB/s|/media/data/Workspace/retro/games/bin/windows/images/disc/DK2.DCD
381ea8|OK  |    17MiB/s|/media/data/Workspace/retro/games/bin/windows/images/disc/PST02.DCD
cb16ee|OK  |    13MiB/s|/media/data/Workspace/retro/games/bin/windows/images/disc/PST03.DCD
fdbf54|OK  |    10MiB/s|/media/data/Workspace/retro/games/bin/windows/images/disc/MDK2.DCD
1ed7e7|OK  |    16MiB/s|/media/data/Workspace/retro/games/bin/windows/images/disc/PST04.DCD
460163|OK  |    27MiB/s|/media/data/Workspace/retro/games/bin/windows/images/disc/SMG.DCD
48cadd|OK  |    13MiB/s|/media/data/Workspace/retro/games/bin/windows/images/disc/MSCASINO.DCD
5e2bb1|OK  |    19MiB/s|/media/data/Workspace/retro/games/bin/windows/images/disc/SUBCULTURE.DCD
091b2e|OK  |   7.0MiB/s|/media/data/Workspace/retro/games/bin/windows/images/game/1602AD.DCD
a1292b|OK  |    15MiB/s|/media/data/Workspace/retro/games/bin/windows/images/game/ACPP.DCD
29d501|OK  |    26MiB/s|/media/data/Workspace/retro/games/bin/windows/images/disc/RT2P.DCD
9fdd81|OK  |   6.5MiB/s|/media/data/Workspace/retro/games/bin/windows/images/game/ARMYMEN.DCD
acf4d5|OK  |   7.3MiB/s|/media/data/Workspace/retro/games/bin/windows/images/game/ARMYMEN2.DCD
51cd9a|OK  |   8.0MiB/s|/media/data/Workspace/retro/games/bin/windows/images/game/BISTRO2TW.DCD
04741e|OK  |    32MiB/s|/media/data/Workspace/retro/games/bin/windows/images/game/AOW.DCD
fe496a|OK  |    16MiB/s|/media/data/Workspace/retro/games/bin/windows/images/disc/UW3.DCD
e04e0e|OK  |       0B/s|/media/data/Workspace/retro/games/bin/windows/images/game/CMDOBEL.DCD
d202f3|OK  |   7.3MiB/s|/media/data/Workspace/retro/games/bin/windows/images/game/CIV2.DCD
c4271a|OK  |   9.1MiB/s|/media/data/Workspace/retro/games/bin/windows/images/game/CIV2TOT.DCD
11540d|OK  |   4.4MiB/s|/media/data/Workspace/retro/games/bin/windows/images/game/LEGOCHESS.DCD
402308|OK  |   3.7MiB/s|/media/data/Workspace/retro/games/bin/windows/images/game/MSCASINO.DCD
52c784|OK  |    13MiB/s|/media/data/Workspace/retro/games/bin/windows/images/game/BLADE.DCD
35296c|OK  |    20MiB/s|/media/data/Workspace/retro/games/bin/windows/images/game/MDK2.DCD
27966f|OK  |    22MiB/s|/media/data/Workspace/retro/games/bin/windows/images/game/DK2.DCD
d40126|OK  |   2.0MiB/s|/media/data/Workspace/retro/games/bin/windows/images/game/SMG.DCD
0a5ad8|OK  |       0B/s|/media/data/Workspace/retro/games/bin/windows/images/os/WIN95OSR2_CHT_OS.DCD
2247a7|OK  |       0B/s|/media/data/Workspace/retro/games/bin/windows/images/os/WIN95OSR2_EN_OS.DCD
ade69c|OK  |   3.7MiB/s|/media/data/Workspace/retro/games/bistro2tw.jsdos
1d8652|OK  |   5.5MiB/s|/media/data/Workspace/retro/games/blade.jsdos
023d9a|OK  |   5.9MiB/s|/media/data/Workspace/retro/games/bin/windows/images/game/SUBCULTURE.DCD
7580da|OK  |    19MiB/s|/media/data/Workspace/retro/games/bin/windows/images/game/RT2P.DCD
d8545b|OK  |   6.1MiB/s|/media/data/Workspace/retro/games/civ2.jsdos
c0182a|OK  |       0B/s|/media/data/Workspace/retro/games/commandos.jsdos
6c01b8|OK  |   9.5MiB/s|/media/data/Workspace/retro/games/bin/windows/images/game/UW3.DCD
6fe827|OK  |   2.5MiB/s|/media/data/Workspace/retro/games/capp_cd.jsdos
f64b42|OK  |    14MiB/s|/media/data/Workspace/retro/games/civ2tot.jsdos
0541d1|OK  |    20MiB/s|/media/data/Workspace/retro/games/bin/windows/images/game/PST.DCD
2fe57f|OK  |   7.7MiB/s|/media/data/Workspace/retro/games/fallout_cd.jsdos
98c43d|OK  |    31MiB/s|/media/data/Workspace/retro/games/mdk2.jsdos
7fa611|OK  |   6.0MiB/s|/media/data/Workspace/retro/games/legochess.jsdos
4e8c83|OK  |    14MiB/s|/media/data/Workspace/retro/games/rt2p.jsdos
bfdaa7|OK  |    10MiB/s|/media/data/Workspace/retro/games/mscasino.jsdos
cdce33|OK  |    20MiB/s|/media/data/Workspace/retro/games/bin/windows/images/game/BGTOS.DCD
50e5e6|OK  |    20MiB/s|/media/data/Workspace/retro/games/sc2000.jsdos
c4a27b|OK  |   7.3MiB/s|/media/data/Workspace/retro/games/pst.jsdos
58eb9b|OK  |    24MiB/s|/media/data/Workspace/retro/games/dk2.jsdos
2a6904|OK  |    14MiB/s|/media/data/Workspace/retro/games/smg.jsdos
c04717|OK  |    50MiB/s|/media/data/Workspace/retro/games/subculture.jsdos
eae00a|OK  |    21MiB/s|/media/data/Workspace/retro/games/dkeeper_cd.jsdos
36a94f|OK  |    16MiB/s|/media/data/Workspace/retro/games/shce_cd.jsdos
61bc0f|OK  |    13MiB/s|/media/data/Workspace/retro/games/ttdx.jsdos
a73c80|OK  |    10MiB/s|/media/data/Workspace/retro/games/uw3cht.jsdos
927a08|OK  |    12MiB/s|/media/data/Workspace/retro/games/tp.jsdos
8262e1|OK  |    29MiB/s|/media/data/Workspace/retro/games/swars_cd.jsdos

Status Legend:
(OK):download completed.
