
10/06 18:34:16 [[1;32mNOTICE[0m] Downloading 36 item(s)

10/06 18:34:17 [[1;32mNOTICE[0m] Download complete: /media/data/Workspace/retro/games/bin/windows/fallout2.jsdos

10/06 18:34:17 [[1;32mNOTICE[0m] File already exists. Renamed to /media/data/Workspace/retro/games/bin/windows/images/os/WIN95OSR2_EN_OS.1.DCD.

10/06 18:34:17 [[1;32mNOTICE[0m] Download complete: /media/data/Workspace/retro/games/bin/windows/images/game/FALLOUT2.DCD
[DL:74MiB][#6a8e53 10MiB/36MiB(29%)][#a84e64 1.7MiB/43MiB(3%)][#31a273 1.9MiB/640MiB(0%)][#95dd67 4.0MiB/8.8MiB(45%)][#b2a891 17MiB/51MiB(34%)](+3)

10/06 18:34:18 [[1;32mNOTICE[0m] Download complete: /media/data/Workspace/retro/games/bin/windows/caesar3.jsdos
[DL:81MiB][#6a8e53 21MiB/36MiB(57%)][#a84e64 19MiB/43MiB(45%)][#31a273 16MiB/640MiB(2%)][#b2a891 32MiB/51MiB(62%)][#4ef8d4 23MiB/446MiB(5%)](+3)

10/06 18:34:19 [[1;32mNOTICE[0m] Download complete: /media/data/Workspace/retro/games/bin/windows/dune2000.jsdos
[DL:86MiB][#6a8e53 31MiB/36MiB(85%)][#a84e64 35MiB/43MiB(80%)][#31a273 35MiB/640MiB(5%)][#b2a891 44MiB/51MiB(86%)][#4ef8d4 48MiB/446MiB(10%)](+3)

10/06 18:34:20 [[1;32mNOTICE[0m] Download complete: /media/data/Workspace/retro/games/bin/windows/images/os/WIN95OSR2_EN_OS.1.DCD

10/06 18:34:20 [[1;32mNOTICE[0m] Download complete: /media/data/Workspace/retro/games/bin/windows/images/game/CAESAR3.DCD
[DL:88MiB][#6a8e53 36MiB/36MiB(98%)][#31a273 59MiB/640MiB(9%)][#4ef8d4 83MiB/446MiB(18%)][#144ebe 10MiB/13MiB(78%)][#a694db 12MiB/655MiB(1%)](+3)

10/06 18:34:21 [[1;32mNOTICE[0m] Download complete: /media/data/Workspace/retro/games/bin/windows/images/os/WIN95OSR2_CHT_OS.DCD

10/06 18:34:21 [[1;32mNOTICE[0m] Download complete: /media/data/Workspace/retro/games/bin/windows/images/game/DUNE2000.DCD
[DL:89MiB][#31a273 80MiB/640MiB(12%)][#4ef8d4 112MiB/446MiB(25%)][#a694db 35MiB/655MiB(5%)][#53e0bd 2.0MiB/2.2MiB(90%)][#d8f6b5 5.3MiB/9.6MiB(55%)](+3)

10/06 18:34:21 [[1;32mNOTICE[0m] Download complete: /media/data/Workspace/retro/games/bin/windows/myst.jsdos

10/06 18:34:22 [[1;32mNOTICE[0m] Download complete: /media/data/Workspace/retro/games/bin/windows/panzerg2.jsdos

10/06 18:34:22 [[1;32mNOTICE[0m] Download complete: /media/data/Workspace/retro/games/bin/windows/images/game/MYST.DCD

10/06 18:34:22 [[1;32mNOTICE[0m] Download complete: /media/data/Workspace/retro/games/bin/windows/images/game/PANZERG2.DCD
[DL:90MiB][#31a273 99MiB/640MiB(15%)][#4ef8d4 141MiB/446MiB(31%)][#a694db 58MiB/655MiB(8%)][#28b32c 24MiB/488MiB(5%)][#898841 2.2MiB/394MiB(0%)](+3)

10/06 18:34:23 [[1;32mNOTICE[0m] Download complete: /media/data/Workspace/retro/games/bin/windows/images/game/MYSTME.DCD
[DL:91MiB][#31a273 114MiB/640MiB(17%)][#4ef8d4 166MiB/446MiB(37%)][#a694db 79MiB/655MiB(12%)][#28b32c 40MiB/488MiB(8%)][#898841 19MiB/394MiB(4%)](+3)

10/06 18:34:24 [[1;32mNOTICE[0m] Download complete: /media/data/Workspace/retro/games/bin/windows/hod.jsdos
[DL:92MiB][#31a273 128MiB/640MiB(20%)][#4ef8d4 189MiB/446MiB(42%)][#a694db 97MiB/655MiB(14%)][#28b32c 56MiB/488MiB(11%)][#898841 40MiB/394MiB(10%)](+3)
[DL:92MiB][#31a273 142MiB/640MiB(22%)][#4ef8d4 208MiB/446MiB(46%)][#a694db 119MiB/655MiB(18%)][#28b32c 73MiB/488MiB(14%)][#898841 61MiB/394MiB(15%)](+3)
[DL:93MiB][#31a273 153MiB/640MiB(23%)][#4ef8d4 225MiB/446MiB(50%)][#a694db 140MiB/655MiB(21%)][#28b32c 87MiB/488MiB(17%)][#898841 81MiB/394MiB(20%)](+3)
[DL:94MiB][#31a273 160MiB/640MiB(25%)][#4ef8d4 237MiB/446MiB(53%)][#a694db 163MiB/655MiB(24%)][#28b32c 100MiB/488MiB(20%)][#898841 103MiB/394MiB(26%)](+3)
[DL:95MiB][#31a273 169MiB/640MiB(26%)][#4ef8d4 252MiB/446MiB(56%)][#a694db 182MiB/655MiB(27%)][#28b32c 114MiB/488MiB(23%)][#898841 123MiB/394MiB(31%)](+3)

10/06 18:34:29 [[1;32mNOTICE[0m] Download complete: /media/data/Workspace/retro/games/bin/windows/mystme.jsdos
[DL:94MiB][#31a273 180MiB/640MiB(28%)][#4ef8d4 267MiB/446MiB(59%)][#a694db 201MiB/655MiB(30%)][#28b32c 127MiB/488MiB(26%)][#898841 141MiB/394MiB(35%)](+3)
[DL:89MiB][#31a273 186MiB/640MiB(29%)][#4ef8d4 276MiB/446MiB(62%)][#a694db 207MiB/655MiB(31%)][#28b32c 135MiB/488MiB(27%)][#898841 151MiB/394MiB(38%)](+3)
[DL:85MiB][#31a273 194MiB/640MiB(30%)][#4ef8d4 288MiB/446MiB(64%)][#a694db 214MiB/655MiB(32%)][#28b32c 143MiB/488MiB(29%)][#898841 161MiB/394MiB(41%)](+3)
[DL:82MiB][#31a273 205MiB/640MiB(32%)][#4ef8d4 300MiB/446MiB(67%)][#a694db 222MiB/655MiB(33%)][#28b32c 153MiB/488MiB(31%)][#898841 174MiB/394MiB(44%)](+3)

10/06 18:34:33 [[1;32mNOTICE[0m] Download complete: /media/data/Workspace/retro/games/bin/windows/images/game/HOD.DCD
[DL:81MiB][#31a273 218MiB/640MiB(34%)][#4ef8d4 314MiB/446MiB(70%)][#a694db 231MiB/655MiB(35%)][#28b32c 165MiB/488MiB(33%)][#898841 187MiB/394MiB(47%)](+3)
[DL:77MiB][#31a273 227MiB/640MiB(35%)][#4ef8d4 323MiB/446MiB(72%)][#a694db 238MiB/655MiB(36%)][#28b32c 173MiB/488MiB(35%)][#898841 195MiB/394MiB(49%)](+3)

10/06 18:34:35 [[1;32mNOTICE[0m] Download complete: /media/data/Workspace/retro/games/bin/windows/rtstm.jsdos
[DL:77MiB][#31a273 242MiB/640MiB(37%)][#4ef8d4 337MiB/446MiB(75%)][#a694db 249MiB/655MiB(38%)][#28b32c 185MiB/488MiB(37%)][#898841 209MiB/394MiB(53%)](+3)
[DL:77MiB][#31a273 257MiB/640MiB(40%)][#4ef8d4 352MiB/446MiB(78%)][#a694db 260MiB/655MiB(39%)][#28b32c 195MiB/488MiB(39%)][#898841 222MiB/394MiB(56%)](+3)
[DL:76MiB][#31a273 271MiB/640MiB(42%)][#4ef8d4 364MiB/446MiB(81%)][#a694db 270MiB/655MiB(41%)][#28b32c 206MiB/488MiB(42%)][#898841 233MiB/394MiB(59%)](+3)
[DL:77MiB][#31a273 283MiB/640MiB(44%)][#4ef8d4 375MiB/446MiB(84%)][#a694db 280MiB/655MiB(42%)][#28b32c 217MiB/488MiB(44%)][#898841 246MiB/394MiB(62%)](+3)
[DL:77MiB][#31a273 293MiB/640MiB(45%)][#4ef8d4 385MiB/446MiB(86%)][#a694db 291MiB/655MiB(44%)][#28b32c 229MiB/488MiB(46%)][#898841 257MiB/394MiB(65%)](+3)
[DL:85MiB][#31a273 304MiB/640MiB(47%)][#4ef8d4 395MiB/446MiB(88%)][#a694db 303MiB/655MiB(46%)][#28b32c 240MiB/488MiB(49%)][#898841 268MiB/394MiB(68%)](+3)
[DL:88MiB][#31a273 315MiB/640MiB(49%)][#4ef8d4 405MiB/446MiB(90%)][#a694db 313MiB/655MiB(47%)][#28b32c 250MiB/488MiB(51%)][#898841 280MiB/394MiB(71%)](+3)
[DL:89MiB][#31a273 324MiB/640MiB(50%)][#4ef8d4 412MiB/446MiB(92%)][#a694db 319MiB/655MiB(48%)][#28b32c 263MiB/488MiB(53%)][#898841 290MiB/394MiB(73%)](+3)
[DL:87MiB][#31a273 332MiB/640MiB(51%)][#4ef8d4 417MiB/446MiB(93%)][#a694db 324MiB/655MiB(49%)][#28b32c 270MiB/488MiB(55%)][#898841 297MiB/394MiB(75%)](+3)
[DL:86MiB][#31a273 340MiB/640MiB(53%)][#4ef8d4 422MiB/446MiB(94%)][#a694db 329MiB/655MiB(50%)][#28b32c 278MiB/488MiB(57%)][#898841 304MiB/394MiB(77%)](+3)
[DL:78MiB][#31a273 344MiB/640MiB(53%)][#4ef8d4 425MiB/446MiB(95%)][#a694db 333MiB/655MiB(50%)][#28b32c 282MiB/488MiB(57%)][#898841 308MiB/394MiB(78%)](+3)
[DL:74MiB][#31a273 353MiB/640MiB(55%)][#4ef8d4 434MiB/446MiB(97%)][#a694db 341MiB/655MiB(52%)][#28b32c 290MiB/488MiB(59%)][#898841 315MiB/394MiB(80%)](+3)
 *** Download Progress Summary as of Tue Oct  6 18:34:47 2026 *** 
===============================================================================
[#31a273 368MiB/640MiB(57%) CN:8 DL:9.5MiB ETA:28s]
FILE: /media/data/Workspace/retro/games/bin/windows/images/disc/FALLOUT2.DCD
-------------------------------------------------------------------------------
[#4ef8d4 442MiB/446MiB(98%) CN:5 DL:7.3MiB]
FILE: /media/data/Workspace/retro/games/bin/windows/images/disc/CAESAR3.DCD
-------------------------------------------------------------------------------
[#a694db 354MiB/655MiB(54%) CN:8 DL:8.2MiB ETA:36s]
FILE: /media/data/Workspace/retro/games/bin/windows/images/disc/DUNE2000.DCD
-------------------------------------------------------------------------------
[#28b32c 300MiB/488MiB(61%) CN:8 DL:9.2MiB ETA:20s]
FILE: /media/data/Workspace/retro/games/bin/windows/images/disc/PANZERG2.DCD
-------------------------------------------------------------------------------
[#898841 324MiB/394MiB(82%) CN:8 DL:8.8MiB ETA:7s]
FILE: /media/data/Workspace/retro/games/bin/windows/images/disc/MYST.DCD
-------------------------------------------------------------------------------
[#a9d6bc 164MiB/477MiB(34%) CN:8 DL:6.2MiB ETA:49s]
FILE: /media/data/Workspace/retro/games/bin/windows/images/disc/MYSTME.DCD
-------------------------------------------------------------------------------
[#d6c0f3 243MiB/600MiB(40%) CN:8 DL:16MiB ETA:22s]
FILE: /media/data/Workspace/retro/games/bin/windows/images/disc/HOD.DCD
-------------------------------------------------------------------------------
[#4c6921 84MiB/87MiB(96%) CN:1 DL:7.7MiB]
FILE: /media/data/Workspace/retro/games/bin/windows/images/game/RTSTM.DCD
-------------------------------------------------------------------------------

[DL:73MiB][#31a273 368MiB/640MiB(57%)][#4ef8d4 442MiB/446MiB(98%)][#a694db 354MiB/655MiB(54%)][#28b32c 300MiB/488MiB(61%)][#898841 324MiB/394MiB(82%)](+3)
[DL:73MiB][#31a273 388MiB/640MiB(60%)][#4ef8d4 445MiB/446MiB(99%)][#a694db 368MiB/655MiB(56%)][#28b32c 312MiB/488MiB(63%)][#898841 334MiB/394MiB(84%)](+3)
[DL:72MiB][#31a273 402MiB/640MiB(62%)][#4ef8d4 445MiB/446MiB(99%)][#a694db 384MiB/655MiB(58%)][#28b32c 324MiB/488MiB(66%)][#898841 346MiB/394MiB(88%)](+3)

10/06 18:34:50 [[1;32mNOTICE[0m] Download complete: /media/data/Workspace/retro/games/bin/windows/images/disc/CAESAR3.DCD
[DL:72MiB][#31a273 416MiB/640MiB(65%)][#a694db 401MiB/655MiB(61%)][#28b32c 340MiB/488MiB(69%)][#898841 362MiB/394MiB(91%)][#a9d6bc 193MiB/477MiB(40%)](+3)

10/06 18:34:50 [[1;32mNOTICE[0m] Download complete: /media/data/Workspace/retro/games/bin/windows/images/game/RTSTM.DCD
[DL:70MiB][#31a273 426MiB/640MiB(66%)][#a694db 414MiB/655MiB(63%)][#28b32c 351MiB/488MiB(71%)][#898841 372MiB/394MiB(94%)][#a9d6bc 201MiB/477MiB(42%)](+3)
[DL:71MiB][#31a273 436MiB/640MiB(68%)][#a694db 433MiB/655MiB(66%)][#28b32c 359MiB/488MiB(73%)][#898841 381MiB/394MiB(96%)][#a9d6bc 212MiB/477MiB(44%)](+3)
[DL:76MiB][#31a273 448MiB/640MiB(70%)][#a694db 448MiB/655MiB(68%)][#28b32c 368MiB/488MiB(75%)][#898841 388MiB/394MiB(98%)][#a9d6bc 221MiB/477MiB(46%)](+3)
[DL:81MiB][#31a273 461MiB/640MiB(72%)][#a694db 465MiB/655MiB(70%)][#28b32c 377MiB/488MiB(77%)][#898841 390MiB/394MiB(99%)][#a9d6bc 231MiB/477MiB(48%)](+3)
[DL:85MiB][#31a273 472MiB/640MiB(73%)][#a694db 483MiB/655MiB(73%)][#28b32c 385MiB/488MiB(78%)][#898841 391MiB/394MiB(99%)][#a9d6bc 239MiB/477MiB(50%)](+3)
[DL:86MiB][#31a273 482MiB/640MiB(75%)][#a694db 498MiB/655MiB(76%)][#28b32c 393MiB/488MiB(80%)][#898841 392MiB/394MiB(99%)][#a9d6bc 246MiB/477MiB(51%)](+3)
[DL:86MiB][#31a273 493MiB/640MiB(77%)][#a694db 513MiB/655MiB(78%)][#28b32c 404MiB/488MiB(82%)][#898841 392MiB/394MiB(99%)][#a9d6bc 255MiB/477MiB(53%)](+3)
[DL:87MiB][#31a273 503MiB/640MiB(78%)][#a694db 527MiB/655MiB(80%)][#28b32c 415MiB/488MiB(85%)][#898841 392MiB/394MiB(99%)][#a9d6bc 264MiB/477MiB(55%)](+3)
[DL:86MiB][#31a273 510MiB/640MiB(79%)][#a694db 534MiB/655MiB(81%)][#28b32c 425MiB/488MiB(87%)][#898841 393MiB/394MiB(99%)][#a9d6bc 270MiB/477MiB(56%)](+3)

10/06 18:35:00 [[1;32mNOTICE[0m] Download complete: /media/data/Workspace/retro/games/bin/windows/images/disc/MYST.DCD
[DL:86MiB][#31a273 522MiB/640MiB(81%)][#a694db 546MiB/655MiB(83%)][#28b32c 434MiB/488MiB(88%)][#a9d6bc 279MiB/477MiB(58%)][#d6c0f3 414MiB/600MiB(68%)](+3)
[DL:85MiB][#31a273 530MiB/640MiB(82%)][#a694db 555MiB/655MiB(84%)][#28b32c 440MiB/488MiB(90%)][#a9d6bc 286MiB/477MiB(60%)][#d6c0f3 425MiB/600MiB(70%)](+3)
[DL:82MiB][#31a273 536MiB/640MiB(83%)][#a694db 559MiB/655MiB(85%)][#28b32c 446MiB/488MiB(91%)][#a9d6bc 290MiB/477MiB(60%)][#d6c0f3 434MiB/600MiB(72%)](+3)
[DL:78MiB][#31a273 540MiB/640MiB(84%)][#a694db 564MiB/655MiB(86%)][#28b32c 452MiB/488MiB(92%)][#a9d6bc 294MiB/477MiB(61%)][#d6c0f3 443MiB/600MiB(73%)](+3)
[DL:77MiB][#31a273 546MiB/640MiB(85%)][#a694db 571MiB/655MiB(87%)][#28b32c 460MiB/488MiB(94%)][#a9d6bc 298MiB/477MiB(62%)][#d6c0f3 453MiB/600MiB(75%)](+3)
[DL:76MiB][#31a273 552MiB/640MiB(86%)][#a694db 578MiB/655MiB(88%)][#28b32c 466MiB/488MiB(95%)][#a9d6bc 302MiB/477MiB(63%)][#d6c0f3 464MiB/600MiB(77%)](+3)
[DL:74MiB][#31a273 557MiB/640MiB(87%)][#a694db 587MiB/655MiB(89%)][#28b32c 475MiB/488MiB(97%)][#a9d6bc 308MiB/477MiB(64%)][#d6c0f3 474MiB/600MiB(79%)](+3)
[DL:71MiB][#31a273 563MiB/640MiB(88%)][#a694db 595MiB/655MiB(90%)][#28b32c 484MiB/488MiB(99%)][#a9d6bc 313MiB/477MiB(65%)][#d6c0f3 481MiB/600MiB(80%)](+3)
[DL:71MiB][#31a273 570MiB/640MiB(89%)][#a694db 603MiB/655MiB(92%)][#28b32c 487MiB/488MiB(99%)][#a9d6bc 319MiB/477MiB(66%)][#d6c0f3 492MiB/600MiB(81%)](+3)

10/06 18:35:09 [[1;32mNOTICE[0m] Download complete: /media/data/Workspace/retro/games/bin/windows/images/disc/PANZERG2.DCD
[DL:70MiB][#31a273 579MiB/640MiB(90%)][#a694db 612MiB/655MiB(93%)][#a9d6bc 328MiB/477MiB(68%)][#d6c0f3 509MiB/600MiB(84%)][#9de411 325MiB/328MiB(99%)](+3)
[DL:70MiB][#31a273 587MiB/640MiB(91%)][#a694db 622MiB/655MiB(94%)][#a9d6bc 335MiB/477MiB(70%)][#d6c0f3 522MiB/600MiB(86%)][#9de411 326MiB/328MiB(99%)](+3)
[DL:74MiB][#31a273 602MiB/640MiB(93%)][#a694db 634MiB/655MiB(96%)][#a9d6bc 346MiB/477MiB(72%)][#d6c0f3 540MiB/600MiB(90%)][#9de411 326MiB/328MiB(99%)](+3)
[DL:77MiB][#31a273 611MiB/640MiB(95%)][#a694db 643MiB/655MiB(98%)][#a9d6bc 356MiB/477MiB(74%)][#d6c0f3 558MiB/600MiB(93%)][#9de411 326MiB/328MiB(99%)](+3)
[DL:78MiB][#31a273 623MiB/640MiB(97%)][#a694db 649MiB/655MiB(99%)][#a9d6bc 366MiB/477MiB(76%)][#d6c0f3 575MiB/600MiB(95%)][#9de411 326MiB/328MiB(99%)](+3)
[DL:79MiB][#31a273 632MiB/640MiB(98%)][#a694db 650MiB/655MiB(99%)][#a9d6bc 377MiB/477MiB(79%)][#d6c0f3 590MiB/600MiB(98%)][#9de411 326MiB/328MiB(99%)](+3)
[DL:80MiB][#31a273 637MiB/640MiB(99%)][#a694db 651MiB/655MiB(99%)][#a9d6bc 389MiB/477MiB(81%)][#d6c0f3 596MiB/600MiB(99%)][#9de411 326MiB/328MiB(99%)](+3)
[DL:79MiB][#31a273 637MiB/640MiB(99%)][#a694db 654MiB/655MiB(99%)][#a9d6bc 399MiB/477MiB(83%)][#d6c0f3 600MiB/600MiB(99%)][#9de411 326MiB/328MiB(99%)](+3)

10/06 18:35:16 [[1;32mNOTICE[0m] Download complete: /media/data/Workspace/retro/games/bin/windows/images/disc/DUNE2000.DCD

10/06 18:35:16 [[1;32mNOTICE[0m] Download complete: /media/data/Workspace/retro/games/bin/windows/images/disc/HOD.DCD
[DL:80MiB][#31a273 637MiB/640MiB(99%)][#a9d6bc 409MiB/477MiB(85%)][#9de411 326MiB/328MiB(99%)][#f2ef4c 332MiB/369MiB(89%)][#545b7b 239MiB/378MiB(63%)](+3)

10/06 18:35:17 [[1;32mNOTICE[0m] Download complete: /media/data/Workspace/retro/games/bin/windows/realmyst.jsdos
 *** Download Progress Summary as of Tue Oct  6 18:35:18 2026 *** 
===============================================================================
[#31a273 637MiB/640MiB(99%) CN:1 DL:6.7MiB]
FILE: /media/data/Workspace/retro/games/bin/windows/images/disc/FALLOUT2.DCD
-------------------------------------------------------------------------------
[#a9d6bc 420MiB/477MiB(88%) CN:8 DL:10MiB ETA:5s]
FILE: /media/data/Workspace/retro/games/bin/windows/images/disc/MYSTME.DCD
-------------------------------------------------------------------------------
[#9de411 326MiB/328MiB(99%) CN:1 DL:402KiB ETA:4s]
FILE: /media/data/Workspace/retro/games/bin/windows/images/disc/RTSTM01.DCD
-------------------------------------------------------------------------------
[#f2ef4c 345MiB/369MiB(93%) CN:8 DL:15MiB ETA:1s]
FILE: /media/data/Workspace/retro/games/bin/windows/images/disc/RTSTM02.DCD
-------------------------------------------------------------------------------
[#545b7b 266MiB/378MiB(70%) CN:8 DL:23MiB ETA:4s]
FILE: /media/data/Workspace/retro/games/bin/windows/images/disc/RTSTM03.DCD
-------------------------------------------------------------------------------
[#49d37c 71MiB/340MiB(21%) CN:8 DL:9.5MiB ETA:27s]
FILE: /media/data/Workspace/retro/games/bin/windows/images/disc/RTSTM04.DCD
-------------------------------------------------------------------------------
[#104812 4.8MiB/409MiB(1%) CN:8 DL:4.6MiB ETA:1m26s]
FILE: /media/data/Workspace/retro/games/bin/windows/images/disc/RTSTM05.DCD
-------------------------------------------------------------------------------
[#a5e89b 1.5MiB/32MiB(4%) CN:8 DL:5.6MiB ETA:5s]
FILE: /media/data/Workspace/retro/games/bin/windows/images/game/REALMYST.DCD
-------------------------------------------------------------------------------

[DL:80MiB][#31a273 637MiB/640MiB(99%)][#a9d6bc 420MiB/477MiB(88%)][#9de411 326MiB/328MiB(99%)][#f2ef4c 345MiB/369MiB(93%)][#545b7b 266MiB/378MiB(70%)](+3)
[DL:81MiB][#31a273 637MiB/640MiB(99%)][#a9d6bc 429MiB/477MiB(90%)][#9de411 326MiB/328MiB(99%)][#f2ef4c 358MiB/369MiB(96%)][#545b7b 297MiB/378MiB(78%)](+3)
[DL:83MiB][#31a273 637MiB/640MiB(99%)][#a9d6bc 438MiB/477MiB(91%)][#9de411 327MiB/328MiB(99%)][#f2ef4c 368MiB/369MiB(99%)][#545b7b 323MiB/378MiB(85%)](+3)

10/06 18:35:20 [[1;32mNOTICE[0m] Download complete: /media/data/Workspace/retro/games/bin/windows/images/disc/RTSTM01.DCD

10/06 18:35:21 [[1;32mNOTICE[0m] Download complete: /media/data/Workspace/retro/games/bin/windows/images/disc/RTSTM02.DCD
[DL:80MiB][#31a273 637MiB/640MiB(99%)][#a9d6bc 447MiB/477MiB(93%)][#545b7b 339MiB/378MiB(89%)][#49d37c 140MiB/340MiB(41%)][#104812 28MiB/409MiB(6%)](+3)

10/06 18:35:21 [[1;32mNOTICE[0m] Download complete: /media/data/Workspace/retro/games/bin/windows/bistro2.jsdos
[DL:80MiB][#31a273 637MiB/640MiB(99%)][#a9d6bc 459MiB/477MiB(96%)][#545b7b 353MiB/378MiB(93%)][#49d37c 155MiB/340MiB(45%)][#104812 46MiB/409MiB(11%)](+3)

10/06 18:35:22 [[1;32mNOTICE[0m] Download complete: /media/data/Workspace/retro/games/bin/windows/images/game/BISTRO2.DCD
[DL:82MiB][#31a273 637MiB/640MiB(99%)][#a9d6bc 470MiB/477MiB(98%)][#545b7b 366MiB/378MiB(96%)][#49d37c 174MiB/340MiB(51%)][#104812 63MiB/409MiB(15%)](+3)

10/06 18:35:23 [[1;32mNOTICE[0m] Download complete: /media/data/Workspace/retro/games/bin/windows/images/game/REALMYST.DCD
[DL:78MiB][#31a273 637MiB/640MiB(99%)][#a9d6bc 473MiB/477MiB(99%)][#545b7b 372MiB/378MiB(98%)][#49d37c 187MiB/340MiB(55%)][#104812 70MiB/409MiB(17%)](+2)
[DL:77MiB][#31a273 637MiB/640MiB(99%)][#a9d6bc 476MiB/477MiB(99%)][#545b7b 376MiB/378MiB(99%)][#49d37c 206MiB/340MiB(60%)][#104812 83MiB/409MiB(20%)](+2)
[DL:79MiB][#31a273 638MiB/640MiB(99%)][#a9d6bc 476MiB/477MiB(99%)][#545b7b 378MiB/378MiB(99%)][#49d37c 230MiB/340MiB(67%)][#104812 105MiB/409MiB(25%)](+2)

10/06 18:35:26 [[1;32mNOTICE[0m] Download complete: /media/data/Workspace/retro/games/bin/windows/images/disc/RTSTM03.DCD

10/06 18:35:26 [[1;32mNOTICE[0m] Download complete: /media/data/Workspace/retro/games/bin/windows/images/disc/MYSTME.DCD

10/06 18:35:27 [[1;32mNOTICE[0m] Download complete: /media/data/Workspace/retro/games/bin/windows/images/disc/FALLOUT2.DCD
[DL:80MiB][#49d37c 257MiB/340MiB(75%)][#104812 133MiB/409MiB(32%)][#03db3a 167MiB/520MiB(32%)][#7439ad 28MiB/28MiB(98%)]

10/06 18:35:28 [[1;32mNOTICE[0m] Download complete: /media/data/Workspace/retro/games/bin/windows/images/disc/BISTRO2.DCD
[DL:78MiB][#49d37c 276MiB/340MiB(81%)][#104812 155MiB/409MiB(38%)][#03db3a 189MiB/520MiB(36%)]
[DL:73MiB][#49d37c 289MiB/340MiB(85%)][#104812 173MiB/409MiB(42%)][#03db3a 205MiB/520MiB(39%)]
[DL:73MiB][#49d37c 308MiB/340MiB(90%)][#104812 204MiB/409MiB(50%)][#03db3a 234MiB/520MiB(45%)]
[DL:75MiB][#49d37c 326MiB/340MiB(95%)][#104812 236MiB/409MiB(57%)][#03db3a 261MiB/520MiB(50%)]
[DL:74MiB][#49d37c 336MiB/340MiB(98%)][#104812 274MiB/409MiB(66%)][#03db3a 302MiB/520MiB(58%)]
[DL:73MiB][#49d37c 339MiB/340MiB(99%)][#104812 307MiB/409MiB(75%)][#03db3a 350MiB/520MiB(67%)]

10/06 18:35:33 [[1;32mNOTICE[0m] Download complete: /media/data/Workspace/retro/games/bin/windows/images/disc/RTSTM04.DCD
[DL:74MiB][#104812 328MiB/409MiB(80%)][#03db3a 376MiB/520MiB(72%)]
[DL:71MiB][#104812 348MiB/409MiB(85%)][#03db3a 403MiB/520MiB(77%)]
[DL:68MiB][#104812 375MiB/409MiB(91%)][#03db3a 430MiB/520MiB(82%)]
[DL:67MiB][#104812 399MiB/409MiB(97%)][#03db3a 482MiB/520MiB(92%)]

10/06 18:35:38 [[1;32mNOTICE[0m] Download complete: /media/data/Workspace/retro/games/bin/windows/images/disc/RTSTM05.DCD
[#03db3a 519MiB/520MiB(99%) CN:2 DL:33MiB]

10/06 18:35:38 [[1;32mNOTICE[0m] Download complete: /media/data/Workspace/retro/games/bin/windows/images/disc/REALMYST.DCD

Download Results:
gid   |stat|avg speed  |path/URI
======+====+===========+=======================================================
a5a12d|OK  |   3.4MiB/s|/media/data/Workspace/retro/games/bin/windows/fallout2.jsdos
1d8e55|OK  |   8.3MiB/s|/media/data/Workspace/retro/games/bin/windows/images/game/FALLOUT2.DCD
95dd67|OK  |   6.2MiB/s|/media/data/Workspace/retro/games/bin/windows/caesar3.jsdos
8c08af|OK  |   2.1MiB/s|/media/data/Workspace/retro/games/bin/windows/dune2000.jsdos
a84e64|OK  |    13MiB/s|/media/data/Workspace/retro/games/bin/windows/images/os/WIN95OSR2_EN_OS.1.DCD
b2a891|OK  |    14MiB/s|/media/data/Workspace/retro/games/bin/windows/images/game/CAESAR3.DCD
6a8e53|OK  |   9.1MiB/s|/media/data/Workspace/retro/games/bin/windows/images/os/WIN95OSR2_CHT_OS.DCD
144ebe|OK  |   3.8MiB/s|/media/data/Workspace/retro/games/bin/windows/images/game/DUNE2000.DCD
048d52|OK  |   2.1MiB/s|/media/data/Workspace/retro/games/bin/windows/myst.jsdos
53e0bd|OK  |   1.9MiB/s|/media/data/Workspace/retro/games/bin/windows/panzerg2.jsdos
872f17|OK  |   2.3MiB/s|/media/data/Workspace/retro/games/bin/windows/images/game/MYST.DCD
d8f6b5|OK  |   6.4MiB/s|/media/data/Workspace/retro/games/bin/windows/images/game/PANZERG2.DCD
c1f5f1|OK  |   1.1MiB/s|/media/data/Workspace/retro/games/bin/windows/images/game/MYSTME.DCD
8f0cdd|OK  |   2.5MiB/s|/media/data/Workspace/retro/games/bin/windows/hod.jsdos
ca5cb6|OK  |   2.1MiB/s|/media/data/Workspace/retro/games/bin/windows/mystme.jsdos
2c7633|OK  |   3.4MiB/s|/media/data/Workspace/retro/games/bin/windows/images/game/HOD.DCD
9826d0|OK  |   2.0MiB/s|/media/data/Workspace/retro/games/bin/windows/rtstm.jsdos
4ef8d4|OK  |    13MiB/s|/media/data/Workspace/retro/games/bin/windows/images/disc/CAESAR3.DCD
4c6921|OK  |   5.7MiB/s|/media/data/Workspace/retro/games/bin/windows/images/game/RTSTM.DCD
898841|OK  |    10MiB/s|/media/data/Workspace/retro/games/bin/windows/images/disc/MYST.DCD
28b32c|OK  |    10MiB/s|/media/data/Workspace/retro/games/bin/windows/images/disc/PANZERG2.DCD
a694db|OK  |    11MiB/s|/media/data/Workspace/retro/games/bin/windows/images/disc/DUNE2000.DCD
d6c0f3|OK  |    12MiB/s|/media/data/Workspace/retro/games/bin/windows/images/disc/HOD.DCD
a130ea|OK  |   4.3MiB/s|/media/data/Workspace/retro/games/bin/windows/realmyst.jsdos
9de411|OK  |    11MiB/s|/media/data/Workspace/retro/games/bin/windows/images/disc/RTSTM01.DCD
f2ef4c|OK  |    12MiB/s|/media/data/Workspace/retro/games/bin/windows/images/disc/RTSTM02.DCD
9897c2|OK  |   3.6MiB/s|/media/data/Workspace/retro/games/bin/windows/bistro2.jsdos
04f8d5|OK  |   1.5MiB/s|/media/data/Workspace/retro/games/bin/windows/images/game/BISTRO2.DCD
a5e89b|OK  |   5.8MiB/s|/media/data/Workspace/retro/games/bin/windows/images/game/REALMYST.DCD
545b7b|OK  |    15MiB/s|/media/data/Workspace/retro/games/bin/windows/images/disc/RTSTM03.DCD
a9d6bc|OK  |   7.5MiB/s|/media/data/Workspace/retro/games/bin/windows/images/disc/MYSTME.DCD
31a273|OK  |   9.1MiB/s|/media/data/Workspace/retro/games/bin/windows/images/disc/FALLOUT2.DCD
7439ad|OK  |   5.9MiB/s|/media/data/Workspace/retro/games/bin/windows/images/disc/BISTRO2.DCD
49d37c|OK  |    15MiB/s|/media/data/Workspace/retro/games/bin/windows/images/disc/RTSTM04.DCD
104812|OK  |    19MiB/s|/media/data/Workspace/retro/games/bin/windows/images/disc/RTSTM05.DCD
03db3a|OK  |    29MiB/s|/media/data/Workspace/retro/games/bin/windows/images/disc/REALMYST.DCD

Status Legend:
(OK):download completed.
