
10/06 15:35:50 [[1;32mNOTICE[0m] Downloading 39 item(s)

10/06 15:35:50 [[1;32mNOTICE[0m] GID#e0fc4114e15ad8a1 - Download has already completed: /media/data/Workspace/retro/games/bin/windows/tools/tools.zip

10/06 15:35:50 [[1;32mNOTICE[0m] Download complete: /media/data/Workspace/retro/games/bin/windows/tools/tools.zip

10/06 15:35:50 [[1;32mNOTICE[0m] GID#7ca9298641bb054b - Download has already completed: /media/data/Workspace/retro/games/bin/windows/tools/win95patch.zip

10/06 15:35:50 [[1;32mNOTICE[0m] Download complete: /media/data/Workspace/retro/games/bin/windows/tools/win95patch.zip

10/06 15:35:50 [[1;32mNOTICE[0m] GID#bb1bb85a11f502f2 - Download has already completed: /media/data/Workspace/retro/games/bin/windows/images/disc/CMDOBEL.DCD

10/06 15:35:50 [[1;32mNOTICE[0m] Download complete: /media/data/Workspace/retro/games/bin/windows/images/disc/CMDOBEL.DCD

10/06 15:35:50 [[1;32mNOTICE[0m] GID#8141ad8a7cdf9a23 - Download has already completed: /media/data/Workspace/retro/games/bin/windows/commandos.jsdos

10/06 15:35:50 [[1;32mNOTICE[0m] Download complete: /media/data/Workspace/retro/games/bin/windows/commandos.jsdos

10/06 15:35:50 [[1;32mNOTICE[0m] GID#f6341f86aa1b7779 - Download has already completed: /media/data/Workspace/retro/games/bin/windows/settlers3.jsdos

10/06 15:35:50 [[1;32mNOTICE[0m] Download complete: /media/data/Workspace/retro/games/bin/windows/settlers3.jsdos

10/06 15:35:50 [[1;32mNOTICE[0m] GID#2edec4382e25b544 - Download has already completed: /media/data/Workspace/retro/games/bin/windows/images/os/WIN98SE_EN_OS.DCD

10/06 15:35:50 [[1;32mNOTICE[0m] Download complete: /media/data/Workspace/retro/games/bin/windows/images/os/WIN98SE_EN_OS.DCD

10/06 15:35:50 [[1;32mNOTICE[0m] GID#d0d2488ccaeed3ed - Download has already completed: /media/data/Workspace/retro/games/bin/windows/images/game/CMDOBEL.DCD

10/06 15:35:50 [[1;32mNOTICE[0m] Download complete: /media/data/Workspace/retro/games/bin/windows/images/game/CMDOBEL.DCD

10/06 15:35:50 [[1;32mNOTICE[0m] GID#9baa3d4e207221cd - Download has already completed: /media/data/Workspace/retro/games/bin/windows/images/os/WIN95OSR2_EN_OS.DCD

10/06 15:35:50 [[1;32mNOTICE[0m] Download complete: /media/data/Workspace/retro/games/bin/windows/images/os/WIN95OSR2_EN_OS.DCD

10/06 15:35:50 [[1;32mNOTICE[0m] GID#b43e46ad4acff817 - Download has already completed: /media/data/Workspace/retro/games/bin/windows/images/disc/SETTLERS301.DCD

10/06 15:35:50 [[1;32mNOTICE[0m] Download complete: /media/data/Workspace/retro/games/bin/windows/images/disc/SETTLERS301.DCD

10/06 15:35:50 [[1;32mNOTICE[0m] GID#5dfc94fa72fdf19d - Download has already completed: /media/data/Workspace/retro/games/bin/windows/images/game/SETTLERS3.DCD

10/06 15:35:50 [[1;32mNOTICE[0m] Download complete: /media/data/Workspace/retro/games/bin/windows/images/game/SETTLERS3.DCD

10/06 15:35:50 [[1;32mNOTICE[0m] GID#4ef90a3a8793d75f - Download has already completed: /media/data/Workspace/retro/games/bin/windows/images/game/AOEX.DCD

10/06 15:35:50 [[1;32mNOTICE[0m] Download complete: /media/data/Workspace/retro/games/bin/windows/images/game/AOEX.DCD

10/06 15:35:50 [[1;32mNOTICE[0m] GID#578155ba63f5de49 - Download has already completed: /media/data/Workspace/retro/games/bin/windows/images/disc/SETTLERS302.DCD

10/06 15:35:50 [[1;32mNOTICE[0m] Download complete: /media/data/Workspace/retro/games/bin/windows/images/disc/SETTLERS302.DCD

10/06 15:35:50 [[1;32mNOTICE[0m] GID#d7c059e305bab4eb - Download has already completed: /media/data/Workspace/retro/games/bin/windows/aoe.jsdos

10/06 15:35:50 [[1;32mNOTICE[0m] Download complete: /media/data/Workspace/retro/games/bin/windows/aoe.jsdos
[DL:49MiB][#c4170e 1.2MiB/209MiB(0%)][#5db1b4 80KiB/5.5MiB(1%)][#3ca92b 176KiB/202MiB(0%)][#b9c842 5.4MiB/583MiB(0%)][#7cd1d6 80KiB/538MiB(0%)](+3)
[DL:65MiB][#c4170e 20MiB/209MiB(9%)][#5db1b4 2.5MiB/5.5MiB(45%)][#3ca92b 7.8MiB/202MiB(3%)][#b9c842 34MiB/583MiB(5%)][#7cd1d6 5.8MiB/538MiB(1%)](+3)
[DL:74MiB][#c4170e 35MiB/209MiB(16%)][#5db1b4 4.0MiB/5.5MiB(72%)][#3ca92b 20MiB/202MiB(10%)][#b9c842 57MiB/583MiB(9%)][#7cd1d6 16MiB/538MiB(3%)](+3)
[DL:81MiB][#c4170e 45MiB/209MiB(21%)][#5db1b4 4.9MiB/5.5MiB(88%)][#3ca92b 36MiB/202MiB(18%)][#b9c842 82MiB/583MiB(14%)][#7cd1d6 28MiB/538MiB(5%)](+3)

10/06 15:35:54 [[1;32mNOTICE[0m] Download complete: /media/data/Workspace/retro/games/bin/windows/ra2.jsdos

10/06 15:35:54 [[1;32mNOTICE[0m] Download complete: /media/data/Workspace/retro/games/bin/windows/sc3000.jsdos
[DL:84MiB][#c4170e 57MiB/209MiB(27%)][#3ca92b 54MiB/202MiB(26%)][#b9c842 102MiB/583MiB(17%)][#7cd1d6 41MiB/538MiB(7%)][#783891 46MiB/252MiB(18%)](+3)
[DL:85MiB][#c4170e 68MiB/209MiB(32%)][#3ca92b 72MiB/202MiB(35%)][#b9c842 112MiB/583MiB(19%)][#7cd1d6 54MiB/538MiB(10%)][#783891 66MiB/252MiB(26%)](+3)
[DL:83MiB][#c4170e 78MiB/209MiB(37%)][#3ca92b 86MiB/202MiB(42%)][#b9c842 119MiB/583MiB(20%)][#7cd1d6 64MiB/538MiB(12%)][#783891 82MiB/252MiB(32%)](+3)
[DL:82MiB][#c4170e 88MiB/209MiB(42%)][#3ca92b 97MiB/202MiB(48%)][#b9c842 128MiB/583MiB(22%)][#7cd1d6 76MiB/538MiB(14%)][#783891 100MiB/252MiB(39%)](+3)
[DL:83MiB][#c4170e 100MiB/209MiB(48%)][#3ca92b 111MiB/202MiB(55%)][#b9c842 137MiB/583MiB(23%)][#7cd1d6 87MiB/538MiB(16%)][#783891 118MiB/252MiB(46%)](+3)

10/06 15:35:59 [[1;32mNOTICE[0m] Download complete: /media/data/Workspace/retro/games/bin/windows/ra2yr.jsdos
[DL:84MiB][#c4170e 111MiB/209MiB(53%)][#3ca92b 126MiB/202MiB(62%)][#b9c842 148MiB/583MiB(25%)][#7cd1d6 100MiB/538MiB(18%)][#783891 141MiB/252MiB(55%)](+3)
[DL:88MiB][#c4170e 123MiB/209MiB(59%)][#3ca92b 139MiB/202MiB(69%)][#b9c842 156MiB/583MiB(26%)][#7cd1d6 112MiB/538MiB(20%)][#783891 165MiB/252MiB(65%)](+3)
[DL:88MiB][#c4170e 133MiB/209MiB(63%)][#3ca92b 152MiB/202MiB(75%)][#b9c842 163MiB/583MiB(28%)][#7cd1d6 124MiB/538MiB(23%)][#783891 184MiB/252MiB(73%)](+3)

10/06 15:36:01 [[1;32mNOTICE[0m] Download complete: /media/data/Workspace/retro/games/bin/windows/rctd.jsdos
[DL:88MiB][#c4170e 147MiB/209MiB(70%)][#3ca92b 158MiB/202MiB(78%)][#b9c842 173MiB/583MiB(29%)][#7cd1d6 133MiB/538MiB(24%)][#783891 208MiB/252MiB(82%)](+3)
[DL:87MiB][#c4170e 157MiB/209MiB(75%)][#3ca92b 167MiB/202MiB(83%)][#b9c842 184MiB/583MiB(31%)][#7cd1d6 145MiB/538MiB(27%)][#783891 229MiB/252MiB(90%)](+3)
[DL:87MiB][#c4170e 166MiB/209MiB(79%)][#3ca92b 180MiB/202MiB(89%)][#b9c842 196MiB/583MiB(33%)][#7cd1d6 160MiB/538MiB(29%)][#783891 243MiB/252MiB(96%)](+3)
[DL:87MiB][#c4170e 177MiB/209MiB(84%)][#3ca92b 196MiB/202MiB(97%)][#b9c842 208MiB/583MiB(35%)][#7cd1d6 174MiB/538MiB(32%)][#783891 250MiB/252MiB(99%)](+3)

10/06 15:36:06 [[1;32mNOTICE[0m] Download complete: /media/data/Workspace/retro/games/bin/windows/images/game/RA2.DCD
[DL:89MiB][#c4170e 191MiB/209MiB(91%)][#b9c842 221MiB/583MiB(37%)][#7cd1d6 193MiB/538MiB(35%)][#783891 251MiB/252MiB(99%)][#7a7013 184MiB/524MiB(35%)](+3)
[DL:90MiB][#c4170e 205MiB/209MiB(98%)][#b9c842 238MiB/583MiB(40%)][#7cd1d6 217MiB/538MiB(40%)][#783891 251MiB/252MiB(99%)][#7a7013 201MiB/524MiB(38%)](+3)

10/06 15:36:08 [[1;32mNOTICE[0m] Download complete: /media/data/Workspace/retro/games/bin/windows/images/game/SC3000.DCD

10/06 15:36:08 [[1;32mNOTICE[0m] Download complete: /media/data/Workspace/retro/games/bin/windows/images/disc/AOE.DCD
[DL:90MiB][#b9c842 253MiB/583MiB(43%)][#7cd1d6 238MiB/538MiB(44%)][#7a7013 218MiB/524MiB(41%)][#fe06f4 144MiB/614MiB(23%)][#159ab2 22MiB/30MiB(74%)](+3)
[DL:90MiB][#b9c842 268MiB/583MiB(46%)][#7cd1d6 260MiB/538MiB(48%)][#7a7013 235MiB/524MiB(44%)][#fe06f4 161MiB/614MiB(26%)][#159ab2 24MiB/30MiB(80%)](+3)
[DL:90MiB][#b9c842 283MiB/583MiB(48%)][#7cd1d6 278MiB/538MiB(51%)][#7a7013 248MiB/524MiB(47%)][#fe06f4 174MiB/614MiB(28%)][#159ab2 24MiB/30MiB(80%)](+3)

10/06 15:36:11 [[1;31mERROR[0m] CUID#113 - Download aborted. URI=https://cf.ommv.net/bin/windows/images/game/RCTD.DCD
Exception: [AbstractCommand.cc:351] errorCode=1 URI=https://cf.ommv.net/bin/windows/images/game/RCTD.DCD
  -> [SocketCore.cc:1019] errorCode=1 SSL/TLS handshake failure: Error in the pull function.
[DL:90MiB][#b9c842 296MiB/583MiB(50%)][#7cd1d6 291MiB/538MiB(54%)][#7a7013 262MiB/524MiB(50%)][#fe06f4 189MiB/614MiB(30%)][#159ab2 24MiB/30MiB(80%)](+3)

10/06 15:36:12 [[1;31mERROR[0m] CUID#116 - Download aborted. URI=https://cf.ommv.net/bin/windows/images/game/RCTD.DCD
Exception: [AbstractCommand.cc:351] errorCode=1 URI=https://cf.ommv.net/bin/windows/images/game/RCTD.DCD
  -> [SocketCore.cc:1019] errorCode=1 SSL/TLS handshake failure: Error in the pull function.
[DL:85MiB][#b9c842 302MiB/583MiB(51%)][#7cd1d6 297MiB/538MiB(55%)][#7a7013 269MiB/524MiB(51%)][#fe06f4 195MiB/614MiB(31%)][#159ab2 24MiB/30MiB(80%)](+3)

10/06 15:36:12 [[1;32mNOTICE[0m] Download complete: /media/data/Workspace/retro/games/bin/windows/d2lod.jsdos
[DL:85MiB][#b9c842 313MiB/583MiB(53%)][#7cd1d6 307MiB/538MiB(57%)][#7a7013 282MiB/524MiB(53%)][#fe06f4 209MiB/614MiB(34%)][#159ab2 25MiB/30MiB(83%)](+3)
[DL:83MiB][#b9c842 323MiB/583MiB(55%)][#7cd1d6 317MiB/538MiB(58%)][#7a7013 291MiB/524MiB(55%)][#fe06f4 221MiB/614MiB(36%)][#159ab2 27MiB/30MiB(90%)](+3)
[DL:81MiB][#b9c842 331MiB/583MiB(56%)][#7cd1d6 325MiB/538MiB(60%)][#7a7013 300MiB/524MiB(57%)][#fe06f4 230MiB/614MiB(37%)][#159ab2 28MiB/30MiB(95%)](+3)

10/06 15:36:16 [[1;32mNOTICE[0m] Download complete: /media/data/Workspace/retro/games/bin/windows/images/game/RCTD.DCD
[DL:81MiB][#b9c842 339MiB/583MiB(58%)][#7cd1d6 334MiB/538MiB(62%)][#7a7013 311MiB/524MiB(59%)][#fe06f4 239MiB/614MiB(39%)][#ead792 129MiB/446MiB(29%)](+3)
[DL:78MiB][#b9c842 345MiB/583MiB(59%)][#7cd1d6 341MiB/538MiB(63%)][#7a7013 316MiB/524MiB(60%)][#fe06f4 248MiB/614MiB(40%)][#ead792 146MiB/446MiB(32%)](+3)
[DL:78MiB][#b9c842 352MiB/583MiB(60%)][#7cd1d6 352MiB/538MiB(65%)][#7a7013 324MiB/524MiB(61%)][#fe06f4 260MiB/614MiB(42%)][#ead792 161MiB/446MiB(36%)](+3)
[DL:77MiB][#b9c842 361MiB/583MiB(61%)][#7cd1d6 364MiB/538MiB(67%)][#7a7013 332MiB/524MiB(63%)][#fe06f4 271MiB/614MiB(44%)][#ead792 176MiB/446MiB(39%)](+3)
 *** Download Progress Summary as of Tue Oct  6 15:36:20 2026 *** 
===============================================================================
[#b9c842 368MiB/583MiB(63%) CN:8 DL:8.4MiB ETA:25s]
FILE: /media/data/Workspace/retro/games/bin/windows/images/disc/RA201.DCD
-------------------------------------------------------------------------------
[#7cd1d6 374MiB/538MiB(69%) CN:8 DL:9.5MiB ETA:17s]
FILE: /media/data/Workspace/retro/games/bin/windows/images/disc/RA202.DCD
-------------------------------------------------------------------------------
[#7a7013 339MiB/524MiB(64%) CN:8 DL:8.8MiB ETA:20s]
FILE: /media/data/Workspace/retro/games/bin/windows/images/disc/SC3000.DCD
-------------------------------------------------------------------------------
[#fe06f4 282MiB/614MiB(46%) CN:8 DL:10MiB ETA:31s]
FILE: /media/data/Workspace/retro/games/bin/windows/images/disc/RA2YR.DCD
-------------------------------------------------------------------------------
[#ead792 188MiB/446MiB(42%) CN:8 DL:14MiB ETA:18s]
FILE: /media/data/Workspace/retro/games/bin/windows/images/disc/RCTD.DCD
-------------------------------------------------------------------------------
[#4954e7 145MiB/1.2GiB(11%) CN:8 DL:12MiB ETA:1m30s]
FILE: /media/data/Workspace/retro/games/bin/windows/images/game/D2LOD.DCD
-------------------------------------------------------------------------------
[#04c943 94MiB/566MiB(16%) CN:8 DL:12MiB ETA:37s]
FILE: /media/data/Workspace/retro/games/bin/windows/images/disc/D2LOD.DCD
-------------------------------------------------------------------------------
[#16da2c 4.0MiB/636MiB(0%) CN:8 DL:1.4MiB ETA:7m16s]
FILE: /media/data/Workspace/retro/games/bin/windows/images/disc/D21.DCD
-------------------------------------------------------------------------------

[DL:75MiB][#b9c842 368MiB/583MiB(63%)][#7cd1d6 374MiB/538MiB(69%)][#7a7013 339MiB/524MiB(64%)][#fe06f4 282MiB/614MiB(46%)][#ead792 188MiB/446MiB(42%)](+3)
[DL:75MiB][#b9c842 377MiB/583MiB(64%)][#7cd1d6 385MiB/538MiB(71%)][#7a7013 349MiB/524MiB(66%)][#fe06f4 294MiB/614MiB(47%)][#ead792 203MiB/446MiB(45%)](+3)
[DL:80MiB][#b9c842 386MiB/583MiB(66%)][#7cd1d6 397MiB/538MiB(73%)][#7a7013 357MiB/524MiB(68%)][#fe06f4 305MiB/614MiB(49%)][#ead792 217MiB/446MiB(48%)](+3)
[DL:80MiB][#b9c842 394MiB/583MiB(67%)][#7cd1d6 409MiB/538MiB(75%)][#7a7013 365MiB/524MiB(69%)][#fe06f4 316MiB/614MiB(51%)][#ead792 229MiB/446MiB(51%)](+3)
[DL:80MiB][#b9c842 402MiB/583MiB(69%)][#7cd1d6 420MiB/538MiB(78%)][#7a7013 374MiB/524MiB(71%)][#fe06f4 327MiB/614MiB(53%)][#ead792 244MiB/446MiB(54%)](+3)

10/06 15:36:25 [[1;31mERROR[0m] CUID#158 - Download aborted. URI=https://cf.ommv.net/bin/windows/images/disc/D21.DCD
Exception: [AbstractCommand.cc:351] errorCode=1 URI=https://cf.ommv.net/bin/windows/images/disc/D21.DCD
  -> [SocketCore.cc:1019] errorCode=1 SSL/TLS handshake failure: Error in the pull function.
[DL:81MiB][#b9c842 411MiB/583MiB(70%)][#7cd1d6 433MiB/538MiB(80%)][#7a7013 383MiB/524MiB(73%)][#fe06f4 337MiB/614MiB(54%)][#ead792 260MiB/446MiB(58%)](+3)
[DL:84MiB][#b9c842 419MiB/583MiB(71%)][#7cd1d6 446MiB/538MiB(82%)][#7a7013 391MiB/524MiB(74%)][#fe06f4 349MiB/614MiB(56%)][#ead792 274MiB/446MiB(61%)](+3)
[DL:84MiB][#b9c842 426MiB/583MiB(73%)][#7cd1d6 458MiB/538MiB(85%)][#7a7013 399MiB/524MiB(76%)][#fe06f4 360MiB/614MiB(58%)][#ead792 291MiB/446MiB(65%)](+3)
[DL:85MiB][#b9c842 433MiB/583MiB(74%)][#7cd1d6 468MiB/538MiB(87%)][#7a7013 409MiB/524MiB(78%)][#fe06f4 371MiB/614MiB(60%)][#ead792 309MiB/446MiB(69%)](+3)
[DL:85MiB][#b9c842 443MiB/583MiB(75%)][#7cd1d6 481MiB/538MiB(89%)][#7a7013 418MiB/524MiB(79%)][#fe06f4 383MiB/614MiB(62%)][#ead792 326MiB/446MiB(73%)](+3)
[DL:85MiB][#b9c842 451MiB/583MiB(77%)][#7cd1d6 494MiB/538MiB(91%)][#7a7013 426MiB/524MiB(81%)][#fe06f4 392MiB/614MiB(63%)][#ead792 343MiB/446MiB(76%)](+3)
[DL:86MiB][#b9c842 457MiB/583MiB(78%)][#7cd1d6 508MiB/538MiB(94%)][#7a7013 435MiB/524MiB(83%)][#fe06f4 402MiB/614MiB(65%)][#ead792 359MiB/446MiB(80%)](+3)
[DL:86MiB][#b9c842 462MiB/583MiB(79%)][#7cd1d6 518MiB/538MiB(96%)][#7a7013 443MiB/524MiB(84%)][#fe06f4 411MiB/614MiB(66%)][#ead792 373MiB/446MiB(83%)](+3)
[DL:88MiB][#b9c842 469MiB/583MiB(80%)][#7cd1d6 529MiB/538MiB(98%)][#7a7013 453MiB/524MiB(86%)][#fe06f4 423MiB/614MiB(68%)][#ead792 392MiB/446MiB(87%)](+3)

10/06 15:36:34 [[1;31mERROR[0m] CUID#159 - Download aborted. URI=https://cf.ommv.net/bin/windows/images/disc/D21.DCD
Exception: [AbstractCommand.cc:351] errorCode=1 URI=https://cf.ommv.net/bin/windows/images/disc/D21.DCD
  -> [SocketCore.cc:1019] errorCode=1 SSL/TLS handshake failure: The TLS connection was non-properly terminated.

10/06 15:36:34 [[1;31mERROR[0m] CUID#157 - Download aborted. URI=https://cf.ommv.net/bin/windows/images/disc/D21.DCD
Exception: [AbstractCommand.cc:351] errorCode=1 URI=https://cf.ommv.net/bin/windows/images/disc/D21.DCD
  -> [SocketCore.cc:1019] errorCode=1 SSL/TLS handshake failure: Error in the pull function.
[DL:89MiB][#b9c842 478MiB/583MiB(81%)][#7cd1d6 535MiB/538MiB(99%)][#7a7013 465MiB/524MiB(88%)][#fe06f4 436MiB/614MiB(70%)][#ead792 411MiB/446MiB(92%)](+3)
[DL:90MiB][#b9c842 487MiB/583MiB(83%)][#7cd1d6 536MiB/538MiB(99%)][#7a7013 477MiB/524MiB(91%)][#fe06f4 448MiB/614MiB(72%)][#ead792 428MiB/446MiB(95%)](+3)
[DL:90MiB][#b9c842 496MiB/583MiB(85%)][#7cd1d6 536MiB/538MiB(99%)][#7a7013 490MiB/524MiB(93%)][#fe06f4 459MiB/614MiB(74%)][#ead792 438MiB/446MiB(98%)](+3)
[DL:90MiB][#b9c842 506MiB/583MiB(86%)][#7cd1d6 537MiB/538MiB(99%)][#7a7013 500MiB/524MiB(95%)][#fe06f4 472MiB/614MiB(76%)][#ead792 442MiB/446MiB(99%)](+3)

10/06 15:36:38 [[1;32mNOTICE[0m] Download complete: /media/data/Workspace/retro/games/bin/windows/images/disc/RA202.DCD
[DL:92MiB][#b9c842 517MiB/583MiB(88%)][#7a7013 511MiB/524MiB(97%)][#fe06f4 490MiB/614MiB(79%)][#ead792 445MiB/446MiB(99%)][#4954e7 365MiB/1.2GiB(29%)](+3)

10/06 15:36:39 [[1;32mNOTICE[0m] Download complete: /media/data/Workspace/retro/games/bin/windows/ra95.jsdos
[DL:91MiB][#b9c842 527MiB/583MiB(90%)][#7a7013 520MiB/524MiB(99%)][#fe06f4 508MiB/614MiB(82%)][#ead792 445MiB/446MiB(99%)][#4954e7 385MiB/1.2GiB(31%)](+3)

10/06 15:36:40 [[1;32mNOTICE[0m] Download complete: /media/data/Workspace/retro/games/bin/windows/images/disc/RCTD.DCD
[DL:90MiB][#b9c842 537MiB/583MiB(92%)][#7a7013 521MiB/524MiB(99%)][#fe06f4 525MiB/614MiB(85%)][#4954e7 403MiB/1.2GiB(32%)][#04c943 459MiB/566MiB(81%)](+3)
[DL:92MiB][#b9c842 545MiB/583MiB(93%)][#7a7013 523MiB/524MiB(99%)][#fe06f4 541MiB/614MiB(88%)][#4954e7 423MiB/1.2GiB(34%)][#04c943 491MiB/566MiB(86%)](+3)

10/06 15:36:42 [[1;32mNOTICE[0m] Download complete: /media/data/Workspace/retro/games/bin/windows/images/game/RA95.DCD
[DL:91MiB][#b9c842 558MiB/583MiB(95%)][#7a7013 523MiB/524MiB(99%)][#fe06f4 557MiB/614MiB(90%)][#4954e7 442MiB/1.2GiB(35%)][#04c943 510MiB/566MiB(90%)](+3)
[DL:90MiB][#b9c842 565MiB/583MiB(96%)][#7a7013 523MiB/524MiB(99%)][#fe06f4 567MiB/614MiB(92%)][#4954e7 463MiB/1.2GiB(37%)][#04c943 529MiB/566MiB(93%)](+3)
[DL:90MiB][#b9c842 575MiB/583MiB(98%)][#7a7013 523MiB/524MiB(99%)][#fe06f4 581MiB/614MiB(94%)][#4954e7 484MiB/1.2GiB(38%)][#04c943 546MiB/566MiB(96%)](+3)
[DL:90MiB][#b9c842 579MiB/583MiB(99%)][#7a7013 523MiB/524MiB(99%)][#fe06f4 594MiB/614MiB(96%)][#4954e7 508MiB/1.2GiB(40%)][#04c943 560MiB/566MiB(99%)](+3)
[DL:90MiB][#b9c842 581MiB/583MiB(99%)][#7a7013 523MiB/524MiB(99%)][#fe06f4 604MiB/614MiB(98%)][#4954e7 534MiB/1.2GiB(43%)][#04c943 564MiB/566MiB(99%)](+3)

10/06 15:36:47 [[1;32mNOTICE[0m] Download complete: /media/data/Workspace/retro/games/bin/windows/images/disc/D2LOD.DCD
[DL:90MiB][#b9c842 581MiB/583MiB(99%)][#7a7013 523MiB/524MiB(99%)][#fe06f4 609MiB/614MiB(99%)][#4954e7 565MiB/1.2GiB(45%)][#16da2c 205MiB/636MiB(32%)](+3)
[DL:90MiB][#b9c842 582MiB/583MiB(99%)][#7a7013 523MiB/524MiB(99%)][#fe06f4 610MiB/614MiB(99%)][#4954e7 589MiB/1.2GiB(47%)][#16da2c 215MiB/636MiB(33%)](+3)

10/06 15:36:49 [[1;32mNOTICE[0m] Download complete: /media/data/Workspace/retro/games/bin/windows/images/disc/RA201.DCD
[DL:89MiB][#7a7013 523MiB/524MiB(99%)][#fe06f4 612MiB/614MiB(99%)][#4954e7 611MiB/1.2GiB(49%)][#16da2c 223MiB/636MiB(35%)][#c89896 164MiB/496MiB(33%)](+3)

10/06 15:36:50 [[1;32mNOTICE[0m] Download complete: /media/data/Workspace/retro/games/bin/windows/images/disc/RA2YR.DCD
[DL:90MiB][#7a7013 523MiB/524MiB(99%)][#4954e7 635MiB/1.2GiB(51%)][#16da2c 231MiB/636MiB(36%)][#c89896 187MiB/496MiB(37%)][#cd8021 84MiB/505MiB(16%)](+3)
 *** Download Progress Summary as of Tue Oct  6 15:36:51 2026 *** 
===============================================================================
[#7a7013 523MiB/524MiB(99%) CN:1 DL:271KiB ETA:4s]
FILE: /media/data/Workspace/retro/games/bin/windows/images/disc/SC3000.DCD
-------------------------------------------------------------------------------
[#4954e7 655MiB/1.2GiB(52%) CN:8 DL:23MiB ETA:24s]
FILE: /media/data/Workspace/retro/games/bin/windows/images/game/D2LOD.DCD
-------------------------------------------------------------------------------
[#16da2c 240MiB/636MiB(37%) CN:5 DL:10MiB ETA:38s]
FILE: /media/data/Workspace/retro/games/bin/windows/images/disc/D21.DCD
-------------------------------------------------------------------------------
[#c89896 206MiB/496MiB(41%) CN:8 DL:21MiB ETA:13s]
FILE: /media/data/Workspace/retro/games/bin/windows/images/disc/RA951.DCD
-------------------------------------------------------------------------------
[#cd8021 99MiB/505MiB(19%) CN:8 DL:12MiB ETA:32s]
FILE: /media/data/Workspace/retro/games/bin/windows/images/disc/RA952.DCD
-------------------------------------------------------------------------------
[#6a5d23 43MiB/296MiB(14%) CN:8 DL:11MiB ETA:22s]
FILE: /media/data/Workspace/retro/games/bin/windows/images/disc/RACS.DCD
-------------------------------------------------------------------------------
[#9ab22b 11MiB/350MiB(3%) CN:8 DL:5.2MiB ETA:1m4s]
FILE: /media/data/Workspace/retro/games/bin/windows/images/disc/RATA.DCD
-------------------------------------------------------------------------------
[#79a8d2 1.2MiB/5.3MiB(23%) CN:2 DL:2.1MiB ETA:1s]
FILE: /media/data/Workspace/retro/games/bin/windows/populous.jsdos
-------------------------------------------------------------------------------

[DL:88MiB][#7a7013 523MiB/524MiB(99%)][#4954e7 655MiB/1.2GiB(52%)][#16da2c 240MiB/636MiB(37%)][#c89896 206MiB/496MiB(41%)][#cd8021 99MiB/505MiB(19%)](+3)
[DL:89MiB][#7a7013 523MiB/524MiB(99%)][#4954e7 674MiB/1.2GiB(54%)][#16da2c 249MiB/636MiB(39%)][#c89896 227MiB/496MiB(45%)][#cd8021 114MiB/505MiB(22%)](+3)
[DL:89MiB][#7a7013 523MiB/524MiB(99%)][#4954e7 686MiB/1.2GiB(55%)][#16da2c 256MiB/636MiB(40%)][#c89896 243MiB/496MiB(49%)][#cd8021 125MiB/505MiB(24%)](+3)

10/06 15:36:54 [[1;32mNOTICE[0m] Download complete: /media/data/Workspace/retro/games/bin/windows/populous.jsdos
[DL:90MiB][#7a7013 523MiB/524MiB(99%)][#4954e7 702MiB/1.2GiB(56%)][#16da2c 262MiB/636MiB(41%)][#c89896 264MiB/496MiB(53%)][#cd8021 140MiB/505MiB(27%)](+3)
[DL:89MiB][#7a7013 523MiB/524MiB(99%)][#4954e7 718MiB/1.2GiB(57%)][#16da2c 267MiB/636MiB(42%)][#c89896 282MiB/496MiB(56%)][#cd8021 156MiB/505MiB(31%)](+3)
[DL:88MiB][#7a7013 523MiB/524MiB(99%)][#4954e7 732MiB/1.2GiB(58%)][#16da2c 272MiB/636MiB(42%)][#c89896 299MiB/496MiB(60%)][#cd8021 169MiB/505MiB(33%)](+3)
[DL:87MiB][#7a7013 523MiB/524MiB(99%)][#4954e7 748MiB/1.2GiB(60%)][#16da2c 277MiB/636MiB(43%)][#c89896 313MiB/496MiB(63%)][#cd8021 183MiB/505MiB(36%)](+3)
[DL:88MiB][#7a7013 524MiB/524MiB(99%)][#4954e7 764MiB/1.2GiB(61%)][#16da2c 282MiB/636MiB(44%)][#c89896 331MiB/496MiB(66%)][#cd8021 198MiB/505MiB(39%)](+3)

10/06 15:36:59 [[1;32mNOTICE[0m] Download complete: /media/data/Workspace/retro/games/bin/windows/images/disc/SC3000.DCD
[DL:89MiB][#4954e7 776MiB/1.2GiB(62%)][#16da2c 287MiB/636MiB(45%)][#c89896 339MiB/496MiB(68%)][#cd8021 209MiB/505MiB(41%)][#6a5d23 193MiB/296MiB(65%)](+3)
[DL:86MiB][#4954e7 792MiB/1.2GiB(63%)][#16da2c 293MiB/636MiB(46%)][#c89896 352MiB/496MiB(71%)][#cd8021 222MiB/505MiB(44%)][#6a5d23 207MiB/296MiB(70%)](+3)
[DL:85MiB][#4954e7 806MiB/1.2GiB(64%)][#16da2c 297MiB/636MiB(46%)][#c89896 360MiB/496MiB(72%)][#cd8021 234MiB/505MiB(46%)][#6a5d23 219MiB/296MiB(74%)](+3)
[DL:85MiB][#4954e7 822MiB/1.2GiB(66%)][#16da2c 303MiB/636MiB(47%)][#c89896 372MiB/496MiB(75%)][#cd8021 249MiB/505MiB(49%)][#6a5d23 234MiB/296MiB(79%)](+3)
[DL:85MiB][#4954e7 839MiB/1.2GiB(67%)][#16da2c 309MiB/636MiB(48%)][#c89896 387MiB/496MiB(78%)][#cd8021 264MiB/505MiB(52%)][#6a5d23 250MiB/296MiB(84%)](+3)
[DL:85MiB][#4954e7 855MiB/1.2GiB(68%)][#16da2c 315MiB/636MiB(49%)][#c89896 400MiB/496MiB(80%)][#cd8021 278MiB/505MiB(55%)][#6a5d23 266MiB/296MiB(89%)](+3)
[DL:84MiB][#4954e7 872MiB/1.2GiB(70%)][#16da2c 322MiB/636MiB(50%)][#c89896 414MiB/496MiB(83%)][#cd8021 289MiB/505MiB(57%)][#6a5d23 278MiB/296MiB(93%)](+3)
[DL:85MiB][#4954e7 893MiB/1.2GiB(71%)][#16da2c 329MiB/636MiB(51%)][#c89896 429MiB/496MiB(86%)][#cd8021 306MiB/505MiB(60%)][#6a5d23 288MiB/296MiB(97%)](+3)
[DL:85MiB][#4954e7 911MiB/1.2GiB(73%)][#16da2c 336MiB/636MiB(52%)][#c89896 443MiB/496MiB(89%)][#cd8021 324MiB/505MiB(64%)][#6a5d23 294MiB/296MiB(99%)](+3)

10/06 15:37:07 [[1;32mNOTICE[0m] Download complete: /media/data/Workspace/retro/games/bin/windows/images/game/POPULOUS.DCD
[DL:87MiB][#4954e7 0.9GiB/1.2GiB(74%)][#16da2c 343MiB/636MiB(54%)][#c89896 458MiB/496MiB(92%)][#cd8021 342MiB/505MiB(67%)][#6a5d23 294MiB/296MiB(99%)](+2)
[DL:88MiB][#4954e7 0.9GiB/1.2GiB(75%)][#16da2c 351MiB/636MiB(55%)][#c89896 473MiB/496MiB(95%)][#cd8021 361MiB/505MiB(71%)][#6a5d23 294MiB/296MiB(99%)](+2)
[DL:89MiB][#4954e7 0.9GiB/1.2GiB(77%)][#16da2c 355MiB/636MiB(55%)][#c89896 482MiB/496MiB(97%)][#cd8021 375MiB/505MiB(74%)][#6a5d23 294MiB/296MiB(99%)](+2)
[DL:87MiB][#4954e7 0.9GiB/1.2GiB(78%)][#16da2c 361MiB/636MiB(56%)][#c89896 489MiB/496MiB(98%)][#cd8021 385MiB/505MiB(76%)][#6a5d23 294MiB/296MiB(99%)](+2)
[DL:87MiB][#4954e7 0.9GiB/1.2GiB(79%)][#16da2c 369MiB/636MiB(58%)][#c89896 491MiB/496MiB(98%)][#cd8021 401MiB/505MiB(79%)][#6a5d23 294MiB/296MiB(99%)](+2)
[DL:87MiB][#4954e7 0.9GiB/1.2GiB(80%)][#16da2c 379MiB/636MiB(59%)][#c89896 491MiB/496MiB(98%)][#cd8021 419MiB/505MiB(82%)][#6a5d23 294MiB/296MiB(99%)](+2)
[DL:87MiB][#4954e7 0.9GiB/1.2GiB(82%)][#16da2c 390MiB/636MiB(61%)][#c89896 492MiB/496MiB(99%)][#cd8021 437MiB/505MiB(86%)][#6a5d23 294MiB/296MiB(99%)](+2)

10/06 15:37:14 [[1;32mNOTICE[0m] Download complete: /media/data/Workspace/retro/games/bin/windows/images/disc/RATA.DCD
[DL:87MiB][#4954e7 1.0GiB/1.2GiB(84%)][#16da2c 401MiB/636MiB(63%)][#c89896 493MiB/496MiB(99%)][#cd8021 456MiB/505MiB(90%)][#6a5d23 294MiB/296MiB(99%)](+1)
[DL:87MiB][#4954e7 1.0GiB/1.2GiB(85%)][#16da2c 411MiB/636MiB(64%)][#c89896 493MiB/496MiB(99%)][#cd8021 478MiB/505MiB(94%)][#6a5d23 294MiB/296MiB(99%)](+1)
[DL:86MiB][#4954e7 1.0GiB/1.2GiB(87%)][#16da2c 424MiB/636MiB(66%)][#c89896 495MiB/496MiB(99%)][#cd8021 498MiB/505MiB(98%)][#6a5d23 294MiB/296MiB(99%)](+1)

10/06 15:37:17 [[1;32mNOTICE[0m] Download complete: /media/data/Workspace/retro/games/bin/windows/images/disc/RA951.DCD

10/06 15:37:18 [[1;32mNOTICE[0m] Download complete: /media/data/Workspace/retro/games/bin/windows/images/disc/RACS.DCD

10/06 15:37:18 [[1;32mNOTICE[0m] Download complete: /media/data/Workspace/retro/games/bin/windows/images/disc/RA952.DCD
[DL:84MiB][#4954e7 1.0GiB/1.2GiB(89%)][#16da2c 435MiB/636MiB(68%)][#250e00 319MiB/327MiB(97%)]

10/06 15:37:19 [[1;32mNOTICE[0m] Download complete: /media/data/Workspace/retro/games/bin/windows/images/disc/POPULOUS.DCD
[DL:84MiB][#4954e7 1.1GiB/1.2GiB(93%)][#16da2c 457MiB/636MiB(71%)]
[DL:84MiB][#4954e7 1.1GiB/1.2GiB(97%)][#16da2c 484MiB/636MiB(76%)]

10/06 15:37:21 [[1;32mNOTICE[0m] Download complete: /media/data/Workspace/retro/games/bin/windows/images/game/D2LOD.DCD
[#16da2c 523MiB/636MiB(82%) CN:5 DL:16MiB ETA:6s]
 *** Download Progress Summary as of Tue Oct  6 15:37:22 2026 *** 
===============================================================================
[#16da2c 595MiB/636MiB(93%) CN:5 DL:22MiB ETA:1s]
FILE: /media/data/Workspace/retro/games/bin/windows/images/disc/D21.DCD
-------------------------------------------------------------------------------

[#16da2c 595MiB/636MiB(93%) CN:5 DL:22MiB ETA:1s]
[#16da2c 634MiB/636MiB(99%) CN:1 DL:25MiB]

10/06 15:37:23 [[1;32mNOTICE[0m] Download complete: /media/data/Workspace/retro/games/bin/windows/images/disc/D21.DCD

Download Results:
gid   |stat|avg speed  |path/URI
======+====+===========+=======================================================
e0fc41|OK  |       0B/s|/media/data/Workspace/retro/games/bin/windows/tools/tools.zip
7ca929|OK  |       0B/s|/media/data/Workspace/retro/games/bin/windows/tools/win95patch.zip
bb1bb8|OK  |       0B/s|/media/data/Workspace/retro/games/bin/windows/images/disc/CMDOBEL.DCD
8141ad|OK  |       0B/s|/media/data/Workspace/retro/games/bin/windows/commandos.jsdos
f6341f|OK  |       0B/s|/media/data/Workspace/retro/games/bin/windows/settlers3.jsdos
2edec4|OK  |       0B/s|/media/data/Workspace/retro/games/bin/windows/images/os/WIN98SE_EN_OS.DCD
d0d248|OK  |       0B/s|/media/data/Workspace/retro/games/bin/windows/images/game/CMDOBEL.DCD
9baa3d|OK  |       0B/s|/media/data/Workspace/retro/games/bin/windows/images/os/WIN95OSR2_EN_OS.DCD
b43e46|OK  |       0B/s|/media/data/Workspace/retro/games/bin/windows/images/disc/SETTLERS301.DCD
5dfc94|OK  |       0B/s|/media/data/Workspace/retro/games/bin/windows/images/game/SETTLERS3.DCD
4ef90a|OK  |       0B/s|/media/data/Workspace/retro/games/bin/windows/images/game/AOEX.DCD
578155|OK  |       0B/s|/media/data/Workspace/retro/games/bin/windows/images/disc/SETTLERS302.DCD
d7c059|OK  |       0B/s|/media/data/Workspace/retro/games/bin/windows/aoe.jsdos
5db1b4|OK  |   1.5MiB/s|/media/data/Workspace/retro/games/bin/windows/ra2.jsdos
333d37|OK  |   2.0MiB/s|/media/data/Workspace/retro/games/bin/windows/sc3000.jsdos
404e0b|OK  |   1.3MiB/s|/media/data/Workspace/retro/games/bin/windows/ra2yr.jsdos
c842c8|OK  |   1.7MiB/s|/media/data/Workspace/retro/games/bin/windows/rctd.jsdos
3ca92b|OK  |    12MiB/s|/media/data/Workspace/retro/games/bin/windows/images/game/RA2.DCD
783891|OK  |    14MiB/s|/media/data/Workspace/retro/games/bin/windows/images/game/SC3000.DCD
c4170e|OK  |    11MiB/s|/media/data/Workspace/retro/games/bin/windows/images/disc/AOE.DCD
289c9c|OK  |   817KiB/s|/media/data/Workspace/retro/games/bin/windows/d2lod.jsdos
159ab2|OK  |   2.1MiB/s|/media/data/Workspace/retro/games/bin/windows/images/game/RCTD.DCD
7cd1d6|OK  |    11MiB/s|/media/data/Workspace/retro/games/bin/windows/images/disc/RA202.DCD
7604df|OK  |   4.9MiB/s|/media/data/Workspace/retro/games/bin/windows/ra95.jsdos
ead792|OK  |    13MiB/s|/media/data/Workspace/retro/games/bin/windows/images/disc/RCTD.DCD
3b5653|OK  |   5.6MiB/s|/media/data/Workspace/retro/games/bin/windows/images/game/RA95.DCD
04c943|OK  |    16MiB/s|/media/data/Workspace/retro/games/bin/windows/images/disc/D2LOD.DCD
b9c842|OK  |    10MiB/s|/media/data/Workspace/retro/games/bin/windows/images/disc/RA201.DCD
fe06f4|OK  |    11MiB/s|/media/data/Workspace/retro/games/bin/windows/images/disc/RA2YR.DCD
79a8d2|OK  |   1.7MiB/s|/media/data/Workspace/retro/games/bin/windows/populous.jsdos
7a7013|OK  |   7.7MiB/s|/media/data/Workspace/retro/games/bin/windows/images/disc/SC3000.DCD
b25ef5|OK  |   5.4MiB/s|/media/data/Workspace/retro/games/bin/windows/images/game/POPULOUS.DCD
9ab22b|OK  |    14MiB/s|/media/data/Workspace/retro/games/bin/windows/images/disc/RATA.DCD
c89896|OK  |    13MiB/s|/media/data/Workspace/retro/games/bin/windows/images/disc/RA951.DCD
6a5d23|OK  |   9.7MiB/s|/media/data/Workspace/retro/games/bin/windows/images/disc/RACS.DCD
cd8021|OK  |    14MiB/s|/media/data/Workspace/retro/games/bin/windows/images/disc/RA952.DCD
250e00|OK  |    17MiB/s|/media/data/Workspace/retro/games/bin/windows/images/disc/POPULOUS.DCD
4954e7|OK  |    17MiB/s|/media/data/Workspace/retro/games/bin/windows/images/game/D2LOD.DCD
16da2c|OK  |   9.6MiB/s|/media/data/Workspace/retro/games/bin/windows/images/disc/D21.DCD

Status Legend:
(OK):download completed.
